Archive member included because of file (symbol)

/Users/Simone/Library/Arduino15/packages/RFduino/hardware/RFduino/2.3.3/variants/RFduino/libRFduino.a(libRFduino.o)
                              /Users/Simone/Desktop/Tiles/bolierplate/temp/vsoutput/libraries/Wire/Wire.cpp.o (rfduino_ppi_channel_assign)
/Users/Simone/Library/Arduino15/packages/RFduino/hardware/RFduino/2.3.3/variants/RFduino/libRFduinoBLE.a(libRFduinoBLE.o)
                              /Users/Simone/Desktop/Tiles/bolierplate/temp/vsoutput/libraries/RFduinoBLE/RFduinoBLE.cpp.o (RFduinoBLE_begin)
/Users/Simone/Library/Arduino15/packages/RFduino/hardware/RFduino/2.3.3/variants/RFduino/libRFduinoBLE.a(ble_RFduino.o)
                              /Users/Simone/Library/Arduino15/packages/RFduino/hardware/RFduino/2.3.3/variants/RFduino/libRFduinoBLE.a(libRFduinoBLE.o) (ble_rfduino_on_ble_evt)
/Users/Simone/Library/Arduino15/packages/RFduino/hardware/RFduino/2.3.3/variants/RFduino/libRFduinoBLE.a(ble_advdata.o)
                              /Users/Simone/Library/Arduino15/packages/RFduino/hardware/RFduino/2.3.3/variants/RFduino/libRFduinoBLE.a(libRFduinoBLE.o) (ble_advdata_set)
/Users/Simone/Library/Arduino15/packages/RFduino/hardware/RFduino/2.3.3/variants/RFduino/libRFduinoBLE.a(ble_stack_handler.o)
                              /Users/Simone/Library/Arduino15/packages/RFduino/hardware/RFduino/2.3.3/variants/RFduino/libRFduinoBLE.a(libRFduinoBLE.o) (ble_stack_handler_init)
/Users/Simone/Library/Arduino15/packages/RFduino/hardware/RFduino/2.3.3/variants/RFduino/libRFduinoBLE.a(ble_bondmngr.o)
                              /Users/Simone/Library/Arduino15/packages/RFduino/hardware/RFduino/2.3.3/variants/RFduino/libRFduinoBLE.a(libRFduinoBLE.o) (ble_bondmngr_on_ble_evt)
/Users/Simone/Library/Arduino15/packages/RFduino/hardware/RFduino/2.3.3/variants/RFduino/libRFduinoBLE.a(ble_flash.o)
                              /Users/Simone/Library/Arduino15/packages/RFduino/hardware/RFduino/2.3.3/variants/RFduino/libRFduinoBLE.a(ble_bondmngr.o) (ble_flash_crc16_compute)
/Users/Simone/Library/Arduino15/packages/RFduino/hardware/RFduino/2.3.3/variants/RFduino/libRFduinoBLE.a(ble_radio_notification.o)
                              /Users/Simone/Library/Arduino15/packages/RFduino/hardware/RFduino/2.3.3/variants/RFduino/libRFduinoBLE.a(libRFduinoBLE.o) (ble_radio_notification_init)
/Users/Simone/Desktop/Tiles/bolierplate/temp/vsoutput/core/core.a(WInterrupts.c.o)
                              /Users/Simone/Desktop/Tiles/bolierplate/temp/vsoutput/sketch/boilerplate.ino.cpp.o (attachInterrupt)
/Users/Simone/Desktop/Tiles/bolierplate/temp/vsoutput/core/core.a(hooks.c.o)
                              /Users/Simone/Desktop/Tiles/bolierplate/temp/vsoutput/libraries/FastLED/FastLED.cpp.o (yield)
/Users/Simone/Desktop/Tiles/bolierplate/temp/vsoutput/core/core.a(wiring.c.o)
                              /Users/Simone/Desktop/Tiles/bolierplate/temp/vsoutput/core/variant.cpp.o (RTC1_Interrupt)
/Users/Simone/Desktop/Tiles/bolierplate/temp/vsoutput/core/core.a(wiring_analog.c.o)
                              /Users/Simone/Desktop/Tiles/bolierplate/temp/vsoutput/sketch/MATRIX.cpp.o (analogRead)
/Users/Simone/Desktop/Tiles/bolierplate/temp/vsoutput/core/core.a(wiring_digital.c.o)
                              /Users/Simone/Desktop/Tiles/bolierplate/temp/vsoutput/sketch/ADXL345.cpp.o (pinMode)
/Users/Simone/Desktop/Tiles/bolierplate/temp/vsoutput/core/core.a(Print.cpp.o)
                              /Users/Simone/Desktop/Tiles/bolierplate/temp/vsoutput/libraries/Wire/Wire.cpp.o (Print::write(unsigned char const*, unsigned int))
/Users/Simone/Desktop/Tiles/bolierplate/temp/vsoutput/core/core.a(RingBuffer.cpp.o)
                              /Users/Simone/Desktop/Tiles/bolierplate/temp/vsoutput/core/variant.cpp.o (RingBuffer::RingBuffer())
/Users/Simone/Desktop/Tiles/bolierplate/temp/vsoutput/core/core.a(UARTClass.cpp.o)
                              /Users/Simone/Desktop/Tiles/bolierplate/temp/vsoutput/sketch/boilerplate.ino.cpp.o (UARTClass::begin(unsigned long))
/Users/Simone/Desktop/Tiles/bolierplate/temp/vsoutput/core/core.a(WMath.cpp.o)
                              /Users/Simone/Desktop/Tiles/bolierplate/temp/vsoutput/sketch/MATRIX.cpp.o (randomSeed(unsigned long))
/Users/Simone/Desktop/Tiles/bolierplate/temp/vsoutput/core/core.a(WString.cpp.o)
                              /Users/Simone/Desktop/Tiles/bolierplate/temp/vsoutput/sketch/BLE_Handler.cpp.o (String::~String())
/Users/Simone/Desktop/Tiles/bolierplate/temp/vsoutput/core/core.a(main.cpp.o)
                              /Users/Simone/Library/Arduino15/packages/RFduino/tools/arm-none-eabi-gcc/4.8.3-2014q1/bin/../lib/gcc/arm-none-eabi/4.8.3/../../../../arm-none-eabi/lib/armv6-m/crt0.o (main)
/Users/Simone/Desktop/Tiles/bolierplate/temp/vsoutput/core/core.a(itoa.c.o)
                              /Users/Simone/Desktop/Tiles/bolierplate/temp/vsoutput/core/core.a(WString.cpp.o) (ltoa)
[...]
Memory Configuration

Name             Origin             Length             Attributes
rom              0x000000000001f000 0x0000000000020000 xr
ram              0x0000000020002000 0x0000000000002000 xrw
*default*        0x0000000000000000 0xffffffffffffffff

Linker script and memory map

LOAD /Users/Simone/Library/Arduino15/packages/RFduino/tools/arm-none-eabi-gcc/4.8.3-2014q1/bin/../lib/gcc/arm-none-eabi/4.8.3/armv6-m/crti.o
LOAD /Users/Simone/Library/Arduino15/packages/RFduino/tools/arm-none-eabi-gcc/4.8.3-2014q1/bin/../lib/gcc/arm-none-eabi/4.8.3/armv6-m/crtbegin.o
LOAD /Users/Simone/Library/Arduino15/packages/RFduino/tools/arm-none-eabi-gcc/4.8.3-2014q1/bin/../lib/gcc/arm-none-eabi/4.8.3/../../../../arm-none-eabi/lib/armv6-m/crt0.o
START GROUP
LOAD /Users/Simone/Desktop/Tiles/bolierplate/temp/vsoutput/core/syscalls.c.o
LOAD /Users/Simone/Desktop/Tiles/bolierplate/temp/vsoutput/sketch/ADXL345.cpp.o
LOAD /Users/Simone/Desktop/Tiles/bolierplate/temp/vsoutput/sketch/BLE_Handler.cpp.o
LOAD /Users/Simone/Desktop/Tiles/bolierplate/temp/vsoutput/sketch/CAP1188.cpp.o
LOAD /Users/Simone/Desktop/Tiles/bolierplate/temp/vsoutput/sketch/Feedbacks_Handler.cpp.o
LOAD /Users/Simone/Desktop/Tiles/bolierplate/temp/vsoutput/sketch/Haptic.cpp.o
LOAD /Users/Simone/Desktop/Tiles/bolierplate/temp/vsoutput/sketch/LSM9DS0.cpp.o
LOAD /Users/Simone/Desktop/Tiles/bolierplate/temp/vsoutput/sketch/MATRIX.cpp.o
LOAD /Users/Simone/Desktop/Tiles/bolierplate/temp/vsoutput/sketch/NEO_STRIP.cpp.o
LOAD /Users/Simone/Desktop/Tiles/bolierplate/temp/vsoutput/sketch/RGB_LED.cpp.o
LOAD /Users/Simone/Desktop/Tiles/bolierplate/temp/vsoutput/sketch/Sensors_Handler.cpp.o
LOAD /Users/Simone/Desktop/Tiles/bolierplate/temp/vsoutput/sketch/boilerplate.ino.cpp.o
LOAD /Users/Simone/Desktop/Tiles/bolierplate/temp/vsoutput/libraries/Wire/Wire.cpp.o
LOAD /Users/Simone/Desktop/Tiles/bolierplate/temp/vsoutput/libraries/RFduinoBLE/RFduinoBLE.cpp.o
LOAD /Users/Simone/Desktop/Tiles/bolierplate/temp/vsoutput/libraries/FastLED/FastLED.cpp.o
LOAD /Users/Simone/Desktop/Tiles/bolierplate/temp/vsoutput/libraries/FastLED/bitswap.cpp.o
LOAD /Users/Simone/Desktop/Tiles/bolierplate/temp/vsoutput/libraries/FastLED/colorpalettes.cpp.o
LOAD /Users/Simone/Desktop/Tiles/bolierplate/temp/vsoutput/libraries/FastLED/colorutils.cpp.o
LOAD /Users/Simone/Desktop/Tiles/bolierplate/temp/vsoutput/libraries/FastLED/hsv2rgb.cpp.o
LOAD /Users/Simone/Desktop/Tiles/bolierplate/temp/vsoutput/libraries/FastLED/lib8tion.cpp.o
LOAD /Users/Simone/Desktop/Tiles/bolierplate/temp/vsoutput/libraries/FastLED/noise.cpp.o
LOAD /Users/Simone/Desktop/Tiles/bolierplate/temp/vsoutput/libraries/FastLED/power_mgt.cpp.o
LOAD /Users/Simone/Desktop/Tiles/bolierplate/temp/vsoutput/libraries/FastLED/wiring.cpp.o
LOAD /Users/Simone/Desktop/Tiles/bolierplate/temp/vsoutput/libraries/Adafruit_GFX/glcdfont.c.o
LOAD /Users/Simone/Desktop/Tiles/bolierplate/temp/vsoutput/libraries/Adafruit_GFX/Adafruit_GFX.cpp.o
LOAD /Users/Simone/Desktop/Tiles/bolierplate/temp/vsoutput/libraries/Adafruit_LEDBackpack/Adafruit_LEDBackpack.cpp.o
LOAD /Users/Simone/Desktop/Tiles/bolierplate/temp/vsoutput/libraries/Adafruit_ADXL345_U/Adafruit_ADXL345_U.cpp.o
LOAD /Users/Simone/Desktop/Tiles/bolierplate/temp/vsoutput/libraries/Adafruit_LSM9DS0/Adafruit_LSM9DS0.cpp.o
LOAD /Users/Simone/Desktop/Tiles/bolierplate/temp/vsoutput/libraries/SPI/SPI.cpp.o
LOAD /Users/Simone/Desktop/Tiles/bolierplate/temp/vsoutput/libraries/Adafruit_CAP1188_Library/Adafruit_CAP1188.cpp.o
LOAD /Users/Simone/Desktop/Tiles/bolierplate/temp/vsoutput/core/variant.cpp.o
LOAD /Users/Simone/Library/Arduino15/packages/RFduino/hardware/RFduino/2.3.3/variants/RFduino/libRFduinoSystem.a
LOAD /Users/Simone/Library/Arduino15/packages/RFduino/hardware/RFduino/2.3.3/variants/RFduino/libRFduino.a
LOAD /Users/Simone/Library/Arduino15/packages/RFduino/hardware/RFduino/2.3.3/variants/RFduino/libRFduinoBLE.a
LOAD /Users/Simone/Library/Arduino15/packages/RFduino/hardware/RFduino/2.3.3/variants/RFduino/libRFduinoGZLL.a
LOAD /Users/Simone/Desktop/Tiles/bolierplate/temp/vsoutput/core/core.a
END GROUP
LOAD /Users/Simone/Library/Arduino15/packages/RFduino/tools/arm-none-eabi-gcc/4.8.3-2014q1/bin/../lib/gcc/arm-none-eabi/4.8.3/../../../../arm-none-eabi/lib/armv6-m/libstdc++_s.a
LOAD /Users/Simone/Library/Arduino15/packages/RFduino/tools/arm-none-eabi-gcc/4.8.3-2014q1/bin/../lib/gcc/arm-none-eabi/4.8.3/../../../../arm-none-eabi/lib/armv6-m/libm.a
START GROUP
LOAD /Users/Simone/Library/Arduino15/packages/RFduino/tools/arm-none-eabi-gcc/4.8.3-2014q1/bin/../lib/gcc/arm-none-eabi/4.8.3/armv6-m/libgcc.a
LOAD /Users/Simone/Library/Arduino15/packages/RFduino/tools/arm-none-eabi-gcc/4.8.3-2014q1/bin/../lib/gcc/arm-none-eabi/4.8.3/../../../../arm-none-eabi/lib/armv6-m/libc_s.a
END GROUP
START GROUP
LOAD /Users/Simone/Library/Arduino15/packages/RFduino/tools/arm-none-eabi-gcc/4.8.3-2014q1/bin/../lib/gcc/arm-none-eabi/4.8.3/armv6-m/libgcc.a
LOAD /Users/Simone/Library/Arduino15/packages/RFduino/tools/arm-none-eabi-gcc/4.8.3-2014q1/bin/../lib/gcc/arm-none-eabi/4.8.3/../../../../arm-none-eabi/lib/armv6-m/libc_s.a
END GROUP
LOAD /Users/Simone/Library/Arduino15/packages/RFduino/tools/arm-none-eabi-gcc/4.8.3-2014q1/bin/../lib/gcc/arm-none-eabi/4.8.3/armv6-m/crtend.o
LOAD /Users/Simone/Library/Arduino15/packages/RFduino/tools/arm-none-eabi-gcc/4.8.3-2014q1/bin/../lib/gcc/arm-none-eabi/4.8.3/armv6-m/crtn.o

.text           0x000000000001f000     0xb0e4
                0x000000000001f000                . = ALIGN (0x4)
                0x000000000001f000                _sfixed = .
 *(.vectors .vectors.*)
 .vectors       0x000000000001f000       0xc0 /Users/Simone/Library/Arduino15/packages/RFduino/hardware/RFduino/2.3.3/variants/RFduino/libRFduinoSystem.a(startup_nrf51822.o)
                0x000000000001f000                vector_table
 *(.text .text.* .gnu.linkonce.t.*)
 .text          0x000000000001f0c0       0x60 /Users/Simone/Library/Arduino15/packages/RFduino/tools/arm-none-eabi-gcc/4.8.3-2014q1/bin/../lib/gcc/arm-none-eabi/4.8.3/armv6-m/crtbegin.o
 .text._sbrk    0x000000000001f120       0x20 /Users/Simone/Desktop/Tiles/bolierplate/temp/vsoutput/core/syscalls.c.o
                0x000000000001f120                _sbrk
 .text._close   0x000000000001f140        0x6 /Users/Simone/Desktop/Tiles/bolierplate/temp/vsoutput/core/syscalls.c.o
                0x000000000001f140                _close
 .text._fstat   0x000000000001f146        0xa /Users/Simone/Desktop/Tiles/bolierplate/temp/vsoutput/core/syscalls.c.o
                0x000000000001f146                _fstat
 .text._isatty  0x000000000001f150        0x4 /Users/Simone/Desktop/Tiles/bolierplate/temp/vsoutput/core/syscalls.c.o
                0x000000000001f150                _isatty
 .text._lseek   0x000000000001f154        0x4 /Users/Simone/Desktop/Tiles/bolierplate/temp/vsoutput/core/syscalls.c.o
                0x000000000001f154                _lseek
 .text._read    0x000000000001f158        0x4 /Users/Simone/Desktop/Tiles/bolierplate/temp/vsoutput/core/syscalls.c.o
                0x000000000001f158                _read
 .text._write   0x000000000001f15c       0x20 /Users/Simone/Desktop/Tiles/bolierplate/temp/vsoutput/core/syscalls.c.o
                0x000000000001f15c                _write
 .text._exit    0x000000000001f17c       0x10 /Users/Simone/Desktop/Tiles/bolierplate/temp/vsoutput/core/syscalls.c.o
                0x000000000001f17c                _exit
 .text._kill    0x000000000001f18c        0x2 /Users/Simone/Desktop/Tiles/bolierplate/temp/vsoutput/core/syscalls.c.o
                0x000000000001f18c                _kill
 .text._getpid  0x000000000001f18e        0x6 /Users/Simone/Desktop/Tiles/bolierplate/temp/vsoutput/core/syscalls.c.o
                0x000000000001f18e                _getpid
 .text._ZN15Adafruit_SensorD2Ev
                0x000000000001f194        0xc /Users/Simone/Desktop/Tiles/bolierplate/temp/vsoutput/sketch/ADXL345.cpp.o
                0x000000000001f194                Adafruit_Sensor::~Adafruit_Sensor()
                0x000000000001f194                Adafruit_Sensor::~Adafruit_Sensor()
 .text._ZN15Adafruit_Sensor15enableAutoRangeEb
                0x000000000001f1a0        0x2 /Users/Simone/Desktop/Tiles/bolierplate/temp/vsoutput/sketch/ADXL345.cpp.o
                0x000000000001f1a0                Adafruit_Sensor::enableAutoRange(bool)
 *fill*         0x000000000001f1a2        0x2 
 .text._ZN15Adafruit_SensorD0Ev
                0x000000000001f1a4       0x14 /Users/Simone/Desktop/Tiles/bolierplate/temp/vsoutput/sketch/ADXL345.cpp.o
                0x000000000001f1a4                Adafruit_Sensor::~Adafruit_Sensor()
 .text._ZN7ADXL3458isTappedEv
                0x000000000001f1b8       0x24 /Users/Simone/Desktop/Tiles/bolierplate/temp/vsoutput/sketch/ADXL345.cpp.o
                0x000000000001f1b8                ADXL345::isTapped()
 .text._ZN7ADXL34514isDoubleTappedEv
                0x000000000001f1dc       0x24 /Users/Simone/Desktop/Tiles/bolierplate/temp/vsoutput/sketch/ADXL345.cpp.o
                0x000000000001f1dc                ADXL345::isDoubleTapped()
 .text._ZN7ADXL34513RefreshValuesEv
                0x000000000001f200      0x1a0 /Users/Simone/Desktop/Tiles/bolierplate/temp/vsoutput/sketch/ADXL345.cpp.o
                0x000000000001f200                ADXL345::RefreshValues()
 .text._ZN7ADXL345C2Ei
                0x000000000001f3a0      0x174 /Users/Simone/Desktop/Tiles/bolierplate/temp/vsoutput/sketch/ADXL345.cpp.o
                0x000000000001f3a0                ADXL345::ADXL345(int)
                0x000000000001f3a0                ADXL345::ADXL345(int)
 .text._ZNK10StackArrayIP5TokenE4exitEPKc.isra.4
                0x000000000001f514       0x30 /Users/Simone/Desktop/Tiles/bolierplate/temp/vsoutput/sketch/BLE_Handler.cpp.o
 .text.RFduinoBLE_onConnect
                0x000000000001f544        0xc /Users/Simone/Desktop/Tiles/bolierplate/temp/vsoutput/sketch/BLE_Handler.cpp.o
                0x000000000001f544                RFduinoBLE_onConnect
 .text.RFduinoBLE_onDisconnect
                0x000000000001f550        0xc /Users/Simone/Desktop/Tiles/bolierplate/temp/vsoutput/sketch/BLE_Handler.cpp.o
                0x000000000001f550                RFduinoBLE_onDisconnect
 .text._ZN5TokenC2Ev
                0x000000000001f55c       0x28 /Users/Simone/Desktop/Tiles/bolierplate/temp/vsoutput/sketch/BLE_Handler.cpp.o
                0x000000000001f55c                Token::Token()
                0x000000000001f55c                Token::Token()
 .text._ZN5TokenC2EPch
                0x000000000001f584      0x10c /Users/Simone/Desktop/Tiles/bolierplate/temp/vsoutput/sketch/BLE_Handler.cpp.o
                0x000000000001f584                Token::Token(char*, unsigned char)
                0x000000000001f584                Token::Token(char*, unsigned char)
 .text._ZN5Token14getEventStringEv
                0x000000000001f690       0x9c /Users/Simone/Desktop/Tiles/bolierplate/temp/vsoutput/sketch/BLE_Handler.cpp.o
                0x000000000001f690                Token::getEventString()
 .text._ZN11BLE_Handler9SendEventEP5Token
                0x000000000001f72c       0x54 /Users/Simone/Desktop/Tiles/bolierplate/temp/vsoutput/sketch/BLE_Handler.cpp.o
                0x000000000001f72c                BLE_Handler::SendEvent(Token*)
 .text._ZN5Token3setE6StringS0_S0_
                0x000000000001f780       0x22 /Users/Simone/Desktop/Tiles/bolierplate/temp/vsoutput/sketch/BLE_Handler.cpp.o
                0x000000000001f780                Token::set(String, String, String)
 *fill*         0x000000000001f7a2        0x2 
 .text._ZN10StackArrayIP5TokenEC2Ev
                0x000000000001f7a4       0x2c /Users/Simone/Desktop/Tiles/bolierplate/temp/vsoutput/sketch/BLE_Handler.cpp.o
                0x000000000001f7a4                StackArray<Token*>::StackArray()
                0x000000000001f7a4                StackArray<Token*>::StackArray()
 .text._ZN11BLE_HandlerC2Ev
                0x000000000001f7d0       0x74 /Users/Simone/Desktop/Tiles/bolierplate/temp/vsoutput/sketch/BLE_Handler.cpp.o
                0x000000000001f7d0                BLE_Handler::BLE_Handler()
                0x000000000001f7d0                BLE_Handler::BLE_Handler()
 .text._ZN10StackArrayIP5TokenE6resizeEi
                0x000000000001f844       0x30 /Users/Simone/Desktop/Tiles/bolierplate/temp/vsoutput/sketch/BLE_Handler.cpp.o
                0x000000000001f844                StackArray<Token*>::resize(int)
 .text._ZN10StackArrayIP5TokenE4pushES1_
                0x000000000001f874       0x22 /Users/Simone/Desktop/Tiles/bolierplate/temp/vsoutput/sketch/BLE_Handler.cpp.o
                0x000000000001f874                StackArray<Token*>::push(Token*)
 .text._ZN11BLE_Handler12ReceiveEventEPci
                0x000000000001f896       0x24 /Users/Simone/Desktop/Tiles/bolierplate/temp/vsoutput/sketch/BLE_Handler.cpp.o
                0x000000000001f896                BLE_Handler::ReceiveEvent(char*, int)
 *fill*         0x000000000001f8ba        0x2 
 .text.RFduinoBLE_onReceive
                0x000000000001f8bc       0x14 /Users/Simone/Desktop/Tiles/bolierplate/temp/vsoutput/sketch/BLE_Handler.cpp.o
                0x000000000001f8bc                RFduinoBLE_onReceive
 .text._ZN11BLE_Handler13ProcessEventsEv
                0x000000000001f8d0      0x17c /Users/Simone/Desktop/Tiles/bolierplate/temp/vsoutput/sketch/BLE_Handler.cpp.o
                0x000000000001f8d0                BLE_Handler::ProcessEvents()
 .text._ZN7CAP1188C2Ei
                0x000000000001fa4c       0x78 /Users/Simone/Desktop/Tiles/bolierplate/temp/vsoutput/sketch/CAP1188.cpp.o
                0x000000000001fa4c                CAP1188::CAP1188(int)
                0x000000000001fa4c                CAP1188::CAP1188(int)
 .text._ZN7CAP11889isTouchedEv
                0x000000000001fac4       0x38 /Users/Simone/Desktop/Tiles/bolierplate/temp/vsoutput/sketch/CAP1188.cpp.o
                0x000000000001fac4                CAP1188::isTouched()
 .text._ZN17Feedbacks_HandlerC2Ev
                0x000000000001fafc        0xc /Users/Simone/Desktop/Tiles/bolierplate/temp/vsoutput/sketch/Feedbacks_Handler.cpp.o
                0x000000000001fafc                Feedbacks_Handler::Feedbacks_Handler()
                0x000000000001fafc                Feedbacks_Handler::Feedbacks_Handler()
 .text._ZN17Feedbacks_Handler12setNEO_STRIPEP9NEO_STRIP
                0x000000000001fb08        0x8 /Users/Simone/Desktop/Tiles/bolierplate/temp/vsoutput/sketch/Feedbacks_Handler.cpp.o
                0x000000000001fb08                Feedbacks_Handler::setNEO_STRIP(NEO_STRIP*)
 .text._ZN17Feedbacks_Handler9setMATRIXEP6MATRIX
                0x000000000001fb10        0x8 /Users/Simone/Desktop/Tiles/bolierplate/temp/vsoutput/sketch/Feedbacks_Handler.cpp.o
                0x000000000001fb10                Feedbacks_Handler::setMATRIX(MATRIX*)
 .text._ZN17Feedbacks_Handler11startGazingEv
                0x000000000001fb18        0xa /Users/Simone/Desktop/Tiles/bolierplate/temp/vsoutput/sketch/Feedbacks_Handler.cpp.o
                0x000000000001fb18                Feedbacks_Handler::startGazing()
 .text._ZN17Feedbacks_Handler10stopGazingEv
                0x000000000001fb22        0xa /Users/Simone/Desktop/Tiles/bolierplate/temp/vsoutput/sketch/Feedbacks_Handler.cpp.o
                0x000000000001fb22                Feedbacks_Handler::stopGazing()
 .text._ZN17Feedbacks_Handler8showFaceEh
                0x000000000001fb2c        0xa /Users/Simone/Desktop/Tiles/bolierplate/temp/vsoutput/sketch/Feedbacks_Handler.cpp.o
                0x000000000001fb2c                Feedbacks_Handler::showFace(unsigned char)
 .text._ZN17Feedbacks_Handler8setColorE6String
                0x000000000001fb36       0x38 /Users/Simone/Desktop/Tiles/bolierplate/temp/vsoutput/sketch/Feedbacks_Handler.cpp.o
                0x000000000001fb36                Feedbacks_Handler::setColor(String)
 .text._ZN17Feedbacks_Handler14UpdateFeedbackEv
                0x000000000001fb6e       0x1e /Users/Simone/Desktop/Tiles/bolierplate/temp/vsoutput/sketch/Feedbacks_Handler.cpp.o
                0x000000000001fb6e                Feedbacks_Handler::UpdateFeedback()
 .text._ZN17Feedbacks_Handler10HandleTimeEj
                0x000000000001fb8c       0x22 /Users/Simone/Desktop/Tiles/bolierplate/temp/vsoutput/sketch/Feedbacks_Handler.cpp.o
                0x000000000001fb8c                Feedbacks_Handler::HandleTime(unsigned int)
 .text._ZN6Haptic11StopVibrateEv
                0x000000000001fbae       0x12 /Users/Simone/Desktop/Tiles/bolierplate/temp/vsoutput/sketch/Haptic.cpp.o
                0x000000000001fbae                Haptic::StopVibrate()
 .text._ZN6Haptic10HandleTimeEj
                0x000000000001fbc0        0x8 /Users/Simone/Desktop/Tiles/bolierplate/temp/vsoutput/sketch/Haptic.cpp.o
                0x000000000001fbc0                Haptic::HandleTime(unsigned int)
 .text._ZN6Haptic13RefreshValuesEv
                0x000000000001fbc8       0x1c /Users/Simone/Desktop/Tiles/bolierplate/temp/vsoutput/sketch/Haptic.cpp.o
                0x000000000001fbc8                Haptic::RefreshValues()
 .text._ZN7LSM9DS010HandleTimeEj
                0x000000000001fbe4       0x36 /Users/Simone/Desktop/Tiles/bolierplate/temp/vsoutput/sketch/LSM9DS0.cpp.o
                0x000000000001fbe4                LSM9DS0::HandleTime(unsigned int)
 *fill*         0x000000000001fc1a        0x2 
 .text._ZN7LSM9DS09isRotatedEv
                0x000000000001fc1c       0x28 /Users/Simone/Desktop/Tiles/bolierplate/temp/vsoutput/sketch/LSM9DS0.cpp.o
                0x000000000001fc1c                LSM9DS0::isRotated()
 .text._ZN7LSM9DS08isShakedEv
                0x000000000001fc44       0x10 /Users/Simone/Desktop/Tiles/bolierplate/temp/vsoutput/sketch/LSM9DS0.cpp.o
                0x000000000001fc44                LSM9DS0::isShaked()
 .text._ZN7LSM9DS08isTappedEv
                0x000000000001fc54       0x10 /Users/Simone/Desktop/Tiles/bolierplate/temp/vsoutput/sketch/LSM9DS0.cpp.o
                0x000000000001fc54                LSM9DS0::isTapped()
 .text._ZN7LSM9DS014isDoubleTappedEv
                0x000000000001fc64       0x10 /Users/Simone/Desktop/Tiles/bolierplate/temp/vsoutput/sketch/LSM9DS0.cpp.o
                0x000000000001fc64                LSM9DS0::isDoubleTapped()
 .text._ZN7LSM9DS08isTiltedEv
                0x000000000001fc74       0x16 /Users/Simone/Desktop/Tiles/bolierplate/temp/vsoutput/sketch/LSM9DS0.cpp.o
                0x000000000001fc74                LSM9DS0::isTilted()
 *fill*         0x000000000001fc8a        0x2 
 .text._ZN7LSM9DS013RefreshValuesEv
                0x000000000001fc8c      0x388 /Users/Simone/Desktop/Tiles/bolierplate/temp/vsoutput/sketch/LSM9DS0.cpp.o
                0x000000000001fc8c                LSM9DS0::RefreshValues()
 .text._ZN7LSM9DS0C2Ev
                0x0000000000020014      0x134 /Users/Simone/Desktop/Tiles/bolierplate/temp/vsoutput/sketch/LSM9DS0.cpp.o
                0x0000000000020014                LSM9DS0::LSM9DS0()
                0x0000000000020014                LSM9DS0::LSM9DS0()
 .text._ZN6MATRIXC2Ei
                0x0000000000020148       0x84 /Users/Simone/Desktop/Tiles/bolierplate/temp/vsoutput/sketch/MATRIX.cpp.o
                0x0000000000020148                MATRIX::MATRIX(int)
                0x0000000000020148                MATRIX::MATRIX(int)
 .text._ZN6MATRIX12start_gazingEv
                0x00000000000201cc        0x8 /Users/Simone/Desktop/Tiles/bolierplate/temp/vsoutput/sketch/MATRIX.cpp.o
                0x00000000000201cc                MATRIX::start_gazing()
 .text._ZN6MATRIX11stop_gazingEv
                0x00000000000201d4        0x8 /Users/Simone/Desktop/Tiles/bolierplate/temp/vsoutput/sketch/MATRIX.cpp.o
                0x00000000000201d4                MATRIX::stop_gazing()
 .text._ZN6MATRIX4faceEh
                0x00000000000201dc       0x44 /Users/Simone/Desktop/Tiles/bolierplate/temp/vsoutput/sketch/MATRIX.cpp.o
                0x00000000000201dc                MATRIX::face(unsigned char)
 .text._ZN6MATRIX10HandleTimeEj
                0x0000000000020220        0x8 /Users/Simone/Desktop/Tiles/bolierplate/temp/vsoutput/sketch/MATRIX.cpp.o
                0x0000000000020220                MATRIX::HandleTime(unsigned int)
 .text._ZN6MATRIX6gazingEv
                0x0000000000020228      0x15c /Users/Simone/Desktop/Tiles/bolierplate/temp/vsoutput/sketch/MATRIX.cpp.o
                0x0000000000020228                MATRIX::gazing()
 .text._ZN6MATRIX13RefreshValuesEv
                0x0000000000020384       0x1e /Users/Simone/Desktop/Tiles/bolierplate/temp/vsoutput/sketch/MATRIX.cpp.o
                0x0000000000020384                MATRIX::RefreshValues()
 .text._ZN14CLEDController4sizeEv
                0x00000000000203a2        0x4 /Users/Simone/Desktop/Tiles/bolierplate/temp/vsoutput/sketch/NEO_STRIP.cpp.o
                0x00000000000203a2                CLEDController::size()
 .text._ZN14CLEDController9clearLedsEi
                0x00000000000203a6       0x20 /Users/Simone/Desktop/Tiles/bolierplate/temp/vsoutput/sketch/NEO_STRIP.cpp.o
                0x00000000000203a6                CLEDController::clearLeds(int)
 *fill*         0x00000000000203c6        0x2 
 .text._ZN19ClocklessControllerILh2ELi4ELi10ELi6EL6EOrder66ELi0ELb0ELi75EE4initEv
                0x00000000000203c8       0x10 /Users/Simone/Desktop/Tiles/bolierplate/temp/vsoutput/sketch/NEO_STRIP.cpp.o
                0x00000000000203c8                ClocklessController<(unsigned char)2, 4, 10, 6, (EOrder)66, 0, false, 75>::init()
 .text._ZNK19ClocklessControllerILh2ELi4ELi10ELi6EL6EOrder66ELi0ELb0ELi75EE17getMaxRefreshRateEv
                0x00000000000203d8        0x6 /Users/Simone/Desktop/Tiles/bolierplate/temp/vsoutput/sketch/NEO_STRIP.cpp.o
                0x00000000000203d8                ClocklessController<(unsigned char)2, 4, 10, 6, (EOrder)66, 0, false, 75>::getMaxRefreshRate() const
 .text._ZN8CFastLED4showEv
                0x00000000000203de        0xa /Users/Simone/Desktop/Tiles/bolierplate/temp/vsoutput/sketch/NEO_STRIP.cpp.o
                0x00000000000203de                CFastLED::show()
 .text._ZN9NEO_STRIPC2Ev
                0x00000000000203e8       0xa0 /Users/Simone/Desktop/Tiles/bolierplate/temp/vsoutput/sketch/NEO_STRIP.cpp.o
                0x00000000000203e8                NEO_STRIP::NEO_STRIP()
                0x00000000000203e8                NEO_STRIP::NEO_STRIP()
 .text._ZN9NEO_STRIP8setColorE6String
                0x0000000000020488       0x98 /Users/Simone/Desktop/Tiles/bolierplate/temp/vsoutput/sketch/NEO_STRIP.cpp.o
                0x0000000000020488                NEO_STRIP::setColor(String)
 .text._ZN15PixelControllerIL6EOrder66ELi1ELm4294967295EEC2ERKS1_
                0x0000000000020520       0x3e /Users/Simone/Desktop/Tiles/bolierplate/temp/vsoutput/sketch/NEO_STRIP.cpp.o
                0x0000000000020520                PixelController<(EOrder)66, 1, 4294967295ul>::PixelController(PixelController<(EOrder)66, 1, 4294967295ul> const&)
                0x0000000000020520                PixelController<(EOrder)66, 1, 4294967295ul>::PixelController(PixelController<(EOrder)66, 1, 4294967295ul> const&)
 .text._ZN15PixelControllerIL6EOrder66ELi1ELm4294967295EE11initOffsetsEi
                0x000000000002055e        0x6 /Users/Simone/Desktop/Tiles/bolierplate/temp/vsoutput/sketch/NEO_STRIP.cpp.o
                0x000000000002055e                PixelController<(EOrder)66, 1, 4294967295ul>::initOffsets(int)
 .text._Z11showLedDataILi4ELi8ELi4ELi10ELi6EL6EOrder66ELi75EEiPVmmPKhmP15M0ClocklessData
                0x0000000000020564      0x3a8 /Users/Simone/Desktop/Tiles/bolierplate/temp/vsoutput/sketch/NEO_STRIP.cpp.o
                0x0000000000020564                int showLedData<4, 8, 4, 10, 6, (EOrder)66, 75>(unsigned long volatile*, unsigned long, unsigned char const*, unsigned long, M0ClocklessData*)
 .text._ZN19ClocklessControllerILh2ELi4ELi10ELi6EL6EOrder66ELi0ELb0ELi75EE15showRGBInternalE15PixelControllerILS0_66ELi1ELm4294967295EE
                0x000000000002090c       0x70 /Users/Simone/Desktop/Tiles/bolierplate/temp/vsoutput/sketch/NEO_STRIP.cpp.o
                0x000000000002090c                ClocklessController<(unsigned char)2, 4, 10, 6, (EOrder)66, 0, false, 75>::showRGBInternal(PixelController<(EOrder)66, 1, 4294967295ul>)
 .text._ZN19ClocklessControllerILh2ELi4ELi10ELi6EL6EOrder66ELi0ELb0ELi75EE10showPixelsER15PixelControllerILS0_66ELi1ELm4294967295EE
                0x000000000002097c       0x4e /Users/Simone/Desktop/Tiles/bolierplate/temp/vsoutput/sketch/NEO_STRIP.cpp.o
                0x000000000002097c                ClocklessController<(unsigned char)2, 4, 10, 6, (EOrder)66, 0, false, 75>::showPixels(PixelController<(EOrder)66, 1, 4294967295ul>&)
 *fill*         0x00000000000209ca        0x2 
 .text._ZN15PixelControllerIL6EOrder66ELi1ELm4294967295EE21init_binary_ditheringEv
                0x00000000000209cc       0x6c /Users/Simone/Desktop/Tiles/bolierplate/temp/vsoutput/sketch/NEO_STRIP.cpp.o
                0x00000000000209cc                PixelController<(EOrder)66, 1, 4294967295ul>::init_binary_dithering()
 .text._ZN19CPixelLEDControllerIL6EOrder66ELi1ELm4294967295EE9showColorERK4CRGBiS2_
                0x0000000000020a38       0x52 /Users/Simone/Desktop/Tiles/bolierplate/temp/vsoutput/sketch/NEO_STRIP.cpp.o
                0x0000000000020a38                CPixelLEDController<(EOrder)66, 1, 4294967295ul>::showColor(CRGB const&, int, CRGB)
 .text._ZN19CPixelLEDControllerIL6EOrder66ELi1ELm4294967295EE4showEPK4CRGBiS2_
                0x0000000000020a8a       0x52 /Users/Simone/Desktop/Tiles/bolierplate/temp/vsoutput/sketch/NEO_STRIP.cpp.o
                0x0000000000020a8a                CPixelLEDController<(EOrder)66, 1, 4294967295ul>::show(CRGB const*, int, CRGB)
 .text._ZN7RGB_LED16parseColorStringE6StringRiS1_S1_
                0x0000000000020adc       0x2c /Users/Simone/Desktop/Tiles/bolierplate/temp/vsoutput/sketch/RGB_LED.cpp.o
                0x0000000000020adc                RGB_LED::parseColorString(String, int&, int&, int&)
 .text._ZN7RGB_LED12setRGBaColorEhhhf
                0x0000000000020b08       0x20 /Users/Simone/Desktop/Tiles/bolierplate/temp/vsoutput/sketch/RGB_LED.cpp.o
                0x0000000000020b08                RGB_LED::setRGBaColor(unsigned char, unsigned char, unsigned char, float)
 .text._ZN7RGB_LED8setColorE6String
                0x0000000000020b28       0xe4 /Users/Simone/Desktop/Tiles/bolierplate/temp/vsoutput/sketch/RGB_LED.cpp.o
                0x0000000000020b28                RGB_LED::setColor(String)
 .text._ZN15Sensors_HandlerC2EP11BLE_Handler
                0x0000000000020c0c       0x48 /Users/Simone/Desktop/Tiles/bolierplate/temp/vsoutput/sketch/Sensors_Handler.cpp.o
                0x0000000000020c0c                Sensors_Handler::Sensors_Handler(BLE_Handler*)
                0x0000000000020c0c                Sensors_Handler::Sensors_Handler(BLE_Handler*)
 .text._ZN15Sensors_Handler10HandleTimeEj
                0x0000000000020c54       0x1c /Users/Simone/Desktop/Tiles/bolierplate/temp/vsoutput/sketch/Sensors_Handler.cpp.o
                0x0000000000020c54                Sensors_Handler::HandleTime(unsigned int)
 .text._ZN15Sensors_Handler9pollEventEv
                0x0000000000020c70      0x1fc /Users/Simone/Desktop/Tiles/bolierplate/temp/vsoutput/sketch/Sensors_Handler.cpp.o
                0x0000000000020c70                Sensors_Handler::pollEvent()
 .text._ZN15Sensors_Handler16setAccelerometerEP7ADXL345
                0x0000000000020e6c        0x8 /Users/Simone/Desktop/Tiles/bolierplate/temp/vsoutput/sketch/Sensors_Handler.cpp.o
                0x0000000000020e6c                Sensors_Handler::setAccelerometer(ADXL345*)
 .text._ZN15Sensors_Handler18setInertialCentralEP7LSM9DS0
                0x0000000000020e74        0x8 /Users/Simone/Desktop/Tiles/bolierplate/temp/vsoutput/sketch/Sensors_Handler.cpp.o
                0x0000000000020e74                Sensors_Handler::setInertialCentral(LSM9DS0*)
 .text._ZN15Sensors_Handler14setTouchSensorEP7CAP1188
                0x0000000000020e7c       0x20 /Users/Simone/Desktop/Tiles/bolierplate/temp/vsoutput/sketch/Sensors_Handler.cpp.o
                0x0000000000020e7c                Sensors_Handler::setTouchSensor(CAP1188*)
 .text._ZN15Sensors_HandlerD2Ev
                0x0000000000020e9c        0xe /Users/Simone/Desktop/Tiles/bolierplate/temp/vsoutput/sketch/boilerplate.ino.cpp.o
                0x0000000000020e9c                Sensors_Handler::~Sensors_Handler()
                0x0000000000020e9c                Sensors_Handler::~Sensors_Handler()
 *fill*         0x0000000000020eaa        0x2 
 .text._Z8callbackm
                0x0000000000020eac       0x24 /Users/Simone/Desktop/Tiles/bolierplate/temp/vsoutput/sketch/boilerplate.ino.cpp.o
                0x0000000000020eac                callback(unsigned long)
 .text._Z16TIMER1_Interruptv
                0x0000000000020ed0       0x34 /Users/Simone/Desktop/Tiles/bolierplate/temp/vsoutput/sketch/boilerplate.ino.cpp.o
                0x0000000000020ed0                TIMER1_Interrupt()
 .text._ZN11BLE_HandlerD2Ev
                0x0000000000020f04       0x2c /Users/Simone/Desktop/Tiles/bolierplate/temp/vsoutput/sketch/boilerplate.ino.cpp.o
                0x0000000000020f04                BLE_Handler::~BLE_Handler()
                0x0000000000020f04                BLE_Handler::~BLE_Handler()
 .text.loop     0x0000000000020f30       0x3c /Users/Simone/Desktop/Tiles/bolierplate/temp/vsoutput/sketch/boilerplate.ino.cpp.o
                0x0000000000020f30                loop
 .text._Z12timer_configv
                0x0000000000020f6c       0x5c /Users/Simone/Desktop/Tiles/bolierplate/temp/vsoutput/sketch/boilerplate.ino.cpp.o
                0x0000000000020f6c                timer_config()
 .text.startup._GLOBAL__sub_I_number_of_ms
                0x0000000000020fc8       0x4c /Users/Simone/Desktop/Tiles/bolierplate/temp/vsoutput/sketch/boilerplate.ino.cpp.o
 .text.setup    0x0000000000021014      0x124 /Users/Simone/Desktop/Tiles/bolierplate/temp/vsoutput/sketch/boilerplate.ino.cpp.o
                0x0000000000021014                setup
 .text._ZN7TwoWire5writeEPKhj
                0x0000000000021138       0x54 /Users/Simone/Desktop/Tiles/bolierplate/temp/vsoutput/libraries/Wire/Wire.cpp.o
                0x0000000000021138                TwoWire::write(unsigned char const*, unsigned int)
 .text._ZN7TwoWire9availableEv
                0x000000000002118c        0xe /Users/Simone/Desktop/Tiles/bolierplate/temp/vsoutput/libraries/Wire/Wire.cpp.o
                0x000000000002118c                TwoWire::available()
 .text._ZN7TwoWire4readEv
                0x000000000002119a       0x20 /Users/Simone/Desktop/Tiles/bolierplate/temp/vsoutput/libraries/Wire/Wire.cpp.o
                0x000000000002119a                TwoWire::read()
 .text._ZN7TwoWire4peekEv
                0x00000000000211ba       0x1c /Users/Simone/Desktop/Tiles/bolierplate/temp/vsoutput/libraries/Wire/Wire.cpp.o
                0x00000000000211ba                TwoWire::peek()
 .text._ZN7TwoWire5flushEv
                0x00000000000211d6        0x2 /Users/Simone/Desktop/Tiles/bolierplate/temp/vsoutput/libraries/Wire/Wire.cpp.o
                0x00000000000211d6                TwoWire::flush()
 .text._ZN7TwoWire5writeEh
                0x00000000000211d8       0x3e /Users/Simone/Desktop/Tiles/bolierplate/temp/vsoutput/libraries/Wire/Wire.cpp.o
                0x00000000000211d8                TwoWire::write(unsigned char)
 *fill*         0x0000000000021216        0x2 
 .text._ZN7TwoWireC2EP12NRF_TWI_Type
                0x0000000000021218       0x38 /Users/Simone/Desktop/Tiles/bolierplate/temp/vsoutput/libraries/Wire/Wire.cpp.o
                0x0000000000021218                TwoWire::TwoWire(NRF_TWI_Type*)
                0x0000000000021218                TwoWire::TwoWire(NRF_TWI_Type*)
 .text._ZN7TwoWire20twi_master_clear_busEv
                0x0000000000021250       0xc4 /Users/Simone/Desktop/Tiles/bolierplate/temp/vsoutput/libraries/Wire/Wire.cpp.o
                0x0000000000021250                TwoWire::twi_master_clear_bus()
 .text._ZN7TwoWire15twi_master_initEv
                0x0000000000021314       0xa8 /Users/Simone/Desktop/Tiles/bolierplate/temp/vsoutput/libraries/Wire/Wire.cpp.o
                0x0000000000021314                TwoWire::twi_master_init()
 .text._ZN7TwoWire23twi_peripheral_recoveryEv
                0x00000000000213bc       0x34 /Users/Simone/Desktop/Tiles/bolierplate/temp/vsoutput/libraries/Wire/Wire.cpp.o
                0x00000000000213bc                TwoWire::twi_peripheral_recovery()
 .text._ZN7TwoWire15twi_master_readEPhhh
                0x00000000000213f0      0x140 /Users/Simone/Desktop/Tiles/bolierplate/temp/vsoutput/libraries/Wire/Wire.cpp.o
                0x00000000000213f0                TwoWire::twi_master_read(unsigned char*, unsigned char, unsigned char)
 .text._ZN7TwoWire16twi_master_writeEPhhh
                0x0000000000021530       0xb4 /Users/Simone/Desktop/Tiles/bolierplate/temp/vsoutput/libraries/Wire/Wire.cpp.o
                0x0000000000021530                TwoWire::twi_master_write(unsigned char*, unsigned char, unsigned char)
 .text._ZN7TwoWire5beginEv
                0x00000000000215e4       0x18 /Users/Simone/Desktop/Tiles/bolierplate/temp/vsoutput/libraries/Wire/Wire.cpp.o
                0x00000000000215e4                TwoWire::begin()
 .text._ZN7TwoWire11requestFromEhhh
                0x00000000000215fc       0x36 /Users/Simone/Desktop/Tiles/bolierplate/temp/vsoutput/libraries/Wire/Wire.cpp.o
                0x00000000000215fc                TwoWire::requestFrom(unsigned char, unsigned char, unsigned char)
 .text._ZN7TwoWire11requestFromEhh
                0x0000000000021632        0xa /Users/Simone/Desktop/Tiles/bolierplate/temp/vsoutput/libraries/Wire/Wire.cpp.o
                0x0000000000021632                TwoWire::requestFrom(unsigned char, unsigned char)
 .text._ZN7TwoWire11requestFromEii
                0x000000000002163c        0xe /Users/Simone/Desktop/Tiles/bolierplate/temp/vsoutput/libraries/Wire/Wire.cpp.o
                0x000000000002163c                TwoWire::requestFrom(int, int)
 .text._ZN7TwoWire17beginTransmissionEh
                0x000000000002164a       0x14 /Users/Simone/Desktop/Tiles/bolierplate/temp/vsoutput/libraries/Wire/Wire.cpp.o
                0x000000000002164a                TwoWire::beginTransmission(unsigned char)
 .text._ZN7TwoWire17beginTransmissionEi
                0x000000000002165e       0x14 /Users/Simone/Desktop/Tiles/bolierplate/temp/vsoutput/libraries/Wire/Wire.cpp.o
                0x000000000002165e                TwoWire::beginTransmission(int)
 .text._ZN7TwoWire15endTransmissionEh
                0x0000000000021672       0x3a /Users/Simone/Desktop/Tiles/bolierplate/temp/vsoutput/libraries/Wire/Wire.cpp.o
                0x0000000000021672                TwoWire::endTransmission(unsigned char)
 .text._ZN7TwoWire15endTransmissionEv
                0x00000000000216ac        0xa /Users/Simone/Desktop/Tiles/bolierplate/temp/vsoutput/libraries/Wire/Wire.cpp.o
                0x00000000000216ac                TwoWire::endTransmission()
 *fill*         0x00000000000216b6        0x2 
 .text.startup._GLOBAL__sub_I__ZN7TwoWireC2EP12NRF_TWI_Type
                0x00000000000216b8       0x14 /Users/Simone/Desktop/Tiles/bolierplate/temp/vsoutput/libraries/Wire/Wire.cpp.o
 .text._ZN15RFduinoBLEClassC2Ev
                0x00000000000216cc       0x68 /Users/Simone/Desktop/Tiles/bolierplate/temp/vsoutput/libraries/RFduinoBLE/RFduinoBLE.cpp.o
                0x00000000000216cc                RFduinoBLEClass::RFduinoBLEClass()
                0x00000000000216cc                RFduinoBLEClass::RFduinoBLEClass()
 .text._ZN15RFduinoBLEClass5beginEv
                0x0000000000021734       0xbc /Users/Simone/Desktop/Tiles/bolierplate/temp/vsoutput/libraries/RFduinoBLE/RFduinoBLE.cpp.o
                0x0000000000021734                RFduinoBLEClass::begin()
 .text._ZN15RFduinoBLEClass4sendEPKci
                0x00000000000217f0        0xe /Users/Simone/Desktop/Tiles/bolierplate/temp/vsoutput/libraries/RFduinoBLE/RFduinoBLE.cpp.o
                0x00000000000217f0                RFduinoBLEClass::send(char const*, int)
 *fill*         0x00000000000217fe        0x2 
 .text.startup._GLOBAL__sub_I__ZN15RFduinoBLEClass11radioActiveE
                0x0000000000021800       0x10 /Users/Simone/Desktop/Tiles/bolierplate/temp/vsoutput/libraries/RFduinoBLE/RFduinoBLE.cpp.o
 .text._ZN14CLEDController13getAdjustmentEh
                0x0000000000021810       0x34 /Users/Simone/Desktop/Tiles/bolierplate/temp/vsoutput/libraries/FastLED/FastLED.cpp.o
                0x0000000000021810                CLEDController::getAdjustment(unsigned char)
 .text._ZN8CFastLED8countFPSEi
                0x0000000000021844       0x40 /Users/Simone/Desktop/Tiles/bolierplate/temp/vsoutput/libraries/FastLED/FastLED.cpp.o
                0x0000000000021844                CFastLED::countFPS(int)
 .text._ZN8CFastLED4showEh
                0x0000000000021884       0x84 /Users/Simone/Desktop/Tiles/bolierplate/temp/vsoutput/libraries/FastLED/FastLED.cpp.o
                0x0000000000021884                CFastLED::show(unsigned char)
 .text._ZN8CFastLED17setMaxRefreshRateEtb
                0x0000000000021908       0x34 /Users/Simone/Desktop/Tiles/bolierplate/temp/vsoutput/libraries/FastLED/FastLED.cpp.o
                0x0000000000021908                CFastLED::setMaxRefreshRate(unsigned short, bool)
 .text._ZN8CFastLED7addLedsEP14CLEDControllerP4CRGBii
                0x000000000002193c       0x3c /Users/Simone/Desktop/Tiles/bolierplate/temp/vsoutput/libraries/FastLED/FastLED.cpp.o
                0x000000000002193c                CFastLED::addLeds(CLEDController*, CRGB*, int, int)
 .text.__cxa_pure_virtual
                0x0000000000021978        0x2 /Users/Simone/Desktop/Tiles/bolierplate/temp/vsoutput/libraries/FastLED/FastLED.cpp.o
                0x0000000000021978                __cxa_pure_virtual
 .text.__cxa_guard_acquire
                0x000000000002197a        0x8 /Users/Simone/Desktop/Tiles/bolierplate/temp/vsoutput/libraries/FastLED/FastLED.cpp.o
                0x000000000002197a                __cxa_guard_acquire
 .text.__cxa_guard_release
                0x0000000000021982        0x6 /Users/Simone/Desktop/Tiles/bolierplate/temp/vsoutput/libraries/FastLED/FastLED.cpp.o
                0x0000000000021982                __cxa_guard_release
 .text.startup._GLOBAL__sub_I_pSmartMatrix
                0x0000000000021988       0x18 /Users/Simone/Desktop/Tiles/bolierplate/temp/vsoutput/libraries/FastLED/FastLED.cpp.o
 .text._ZN12Adafruit_GFX8drawLineEsssst
                0x00000000000219a0       0xd4 /Users/Simone/Desktop/Tiles/bolierplate/temp/vsoutput/libraries/Adafruit_GFX/Adafruit_GFX.cpp.o
                0x00000000000219a0                Adafruit_GFX::drawLine(short, short, short, short, unsigned short)
 .text._ZN12Adafruit_GFX8drawRectEsssst
                0x0000000000021a74       0x74 /Users/Simone/Desktop/Tiles/bolierplate/temp/vsoutput/libraries/Adafruit_GFX/Adafruit_GFX.cpp.o
                0x0000000000021a74                Adafruit_GFX::drawRect(short, short, short, short, unsigned short)
 .text._ZN12Adafruit_GFX13drawFastVLineEssst
                0x0000000000021ae8       0x1e /Users/Simone/Desktop/Tiles/bolierplate/temp/vsoutput/libraries/Adafruit_GFX/Adafruit_GFX.cpp.o
                0x0000000000021ae8                Adafruit_GFX::drawFastVLine(short, short, short, unsigned short)
 .text._ZN12Adafruit_GFX13drawFastHLineEssst
                0x0000000000021b06       0x18 /Users/Simone/Desktop/Tiles/bolierplate/temp/vsoutput/libraries/Adafruit_GFX/Adafruit_GFX.cpp.o
                0x0000000000021b06                Adafruit_GFX::drawFastHLine(short, short, short, unsigned short)
 .text._ZN12Adafruit_GFX8fillRectEsssst
                0x0000000000021b1e       0x42 /Users/Simone/Desktop/Tiles/bolierplate/temp/vsoutput/libraries/Adafruit_GFX/Adafruit_GFX.cpp.o
                0x0000000000021b1e                Adafruit_GFX::fillRect(short, short, short, short, unsigned short)
 .text._ZN12Adafruit_GFX10fillScreenEt
                0x0000000000021b60       0x1a /Users/Simone/Desktop/Tiles/bolierplate/temp/vsoutput/libraries/Adafruit_GFX/Adafruit_GFX.cpp.o
                0x0000000000021b60                Adafruit_GFX::fillScreen(unsigned short)
 .text._ZN12Adafruit_GFX13invertDisplayEh
                0x0000000000021b7a        0x2 /Users/Simone/Desktop/Tiles/bolierplate/temp/vsoutput/libraries/Adafruit_GFX/Adafruit_GFX.cpp.o
                0x0000000000021b7a                Adafruit_GFX::invertDisplay(unsigned char)
 .text._ZN12Adafruit_GFXC2Ess
                0x0000000000021b7c       0x30 /Users/Simone/Desktop/Tiles/bolierplate/temp/vsoutput/libraries/Adafruit_GFX/Adafruit_GFX.cpp.o
                0x0000000000021b7c                Adafruit_GFX::Adafruit_GFX(short, short)
                0x0000000000021b7c                Adafruit_GFX::Adafruit_GFX(short, short)
 .text._ZN12Adafruit_GFX10drawBitmapEssPKhsst
                0x0000000000021bac       0x84 /Users/Simone/Desktop/Tiles/bolierplate/temp/vsoutput/libraries/Adafruit_GFX/Adafruit_GFX.cpp.o
                0x0000000000021bac                Adafruit_GFX::drawBitmap(short, short, unsigned char const*, short, short, unsigned short)
 .text._ZN12Adafruit_GFX8drawCharEsshtth
                0x0000000000021c30      0x144 /Users/Simone/Desktop/Tiles/bolierplate/temp/vsoutput/libraries/Adafruit_GFX/Adafruit_GFX.cpp.o
                0x0000000000021c30                Adafruit_GFX::drawChar(short, short, unsigned char, unsigned short, unsigned short, unsigned char)
 .text._ZN12Adafruit_GFX5writeEh
                0x0000000000021d74       0x64 /Users/Simone/Desktop/Tiles/bolierplate/temp/vsoutput/libraries/Adafruit_GFX/Adafruit_GFX.cpp.o
                0x0000000000021d74                Adafruit_GFX::write(unsigned char)
 .text._ZNK12Adafruit_GFX11getRotationEv
                0x0000000000021dd8        0x4 /Users/Simone/Desktop/Tiles/bolierplate/temp/vsoutput/libraries/Adafruit_GFX/Adafruit_GFX.cpp.o
                0x0000000000021dd8                Adafruit_GFX::getRotation() const
 .text._ZN12Adafruit_GFX11setRotationEh
                0x0000000000021ddc       0x1e /Users/Simone/Desktop/Tiles/bolierplate/temp/vsoutput/libraries/Adafruit_GFX/Adafruit_GFX.cpp.o
                0x0000000000021ddc                Adafruit_GFX::setRotation(unsigned char)
 .text._ZN18Adafruit_8x8matrix9drawPixelEsst
                0x0000000000021dfa       0x6c /Users/Simone/Desktop/Tiles/bolierplate/temp/vsoutput/libraries/Adafruit_LEDBackpack/Adafruit_LEDBackpack.cpp.o
                0x0000000000021dfa                Adafruit_8x8matrix::drawPixel(short, short, unsigned short)
 .text._ZN7TwoWire5writeEi
                0x0000000000021e66        0xc /Users/Simone/Desktop/Tiles/bolierplate/temp/vsoutput/libraries/Adafruit_LEDBackpack/Adafruit_LEDBackpack.cpp.o
                0x0000000000021e66                TwoWire::write(int)
 *fill*         0x0000000000021e72        0x2 
 .text._ZN20Adafruit_LEDBackpack13setBrightnessEh
                0x0000000000021e74       0x34 /Users/Simone/Desktop/Tiles/bolierplate/temp/vsoutput/libraries/Adafruit_LEDBackpack/Adafruit_LEDBackpack.cpp.o
                0x0000000000021e74                Adafruit_LEDBackpack::setBrightness(unsigned char)
 .text._ZN20Adafruit_LEDBackpack9blinkRateEh
                0x0000000000021ea8       0x34 /Users/Simone/Desktop/Tiles/bolierplate/temp/vsoutput/libraries/Adafruit_LEDBackpack/Adafruit_LEDBackpack.cpp.o
                0x0000000000021ea8                Adafruit_LEDBackpack::blinkRate(unsigned char)
 .text._ZN20Adafruit_LEDBackpack5beginEh
                0x0000000000021edc       0x3c /Users/Simone/Desktop/Tiles/bolierplate/temp/vsoutput/libraries/Adafruit_LEDBackpack/Adafruit_LEDBackpack.cpp.o
                0x0000000000021edc                Adafruit_LEDBackpack::begin(unsigned char)
 .text._ZN20Adafruit_LEDBackpack5clearEv
                0x0000000000021f18        0xe /Users/Simone/Desktop/Tiles/bolierplate/temp/vsoutput/libraries/Adafruit_LEDBackpack/Adafruit_LEDBackpack.cpp.o
                0x0000000000021f18                Adafruit_LEDBackpack::clear()
 *fill*         0x0000000000021f26        0x2 
 .text._ZN18Adafruit_8x8matrixC2Ev
                0x0000000000021f28       0x1c /Users/Simone/Desktop/Tiles/bolierplate/temp/vsoutput/libraries/Adafruit_LEDBackpack/Adafruit_LEDBackpack.cpp.o
                0x0000000000021f28                Adafruit_8x8matrix::Adafruit_8x8matrix()
                0x0000000000021f28                Adafruit_8x8matrix::Adafruit_8x8matrix()
 .text._ZN20Adafruit_LEDBackpack12writeDisplayEv
                0x0000000000021f44       0x3c /Users/Simone/Desktop/Tiles/bolierplate/temp/vsoutput/libraries/Adafruit_LEDBackpack/Adafruit_LEDBackpack.cpp.o
                0x0000000000021f44                Adafruit_LEDBackpack::writeDisplay()
 .text._ZN24Adafruit_ADXL345_UnifiedD2Ev
                0x0000000000021f80        0xc /Users/Simone/Desktop/Tiles/bolierplate/temp/vsoutput/libraries/Adafruit_ADXL345_U/Adafruit_ADXL345_U.cpp.o
                0x0000000000021f80                Adafruit_ADXL345_Unified::~Adafruit_ADXL345_Unified()
                0x0000000000021f80                Adafruit_ADXL345_Unified::~Adafruit_ADXL345_Unified()
 .text._ZN24Adafruit_ADXL345_UnifiedD0Ev
                0x0000000000021f8c       0x14 /Users/Simone/Desktop/Tiles/bolierplate/temp/vsoutput/libraries/Adafruit_ADXL345_U/Adafruit_ADXL345_U.cpp.o
                0x0000000000021f8c                Adafruit_ADXL345_Unified::~Adafruit_ADXL345_Unified()
 .text._ZL7spixferhhhh
                0x0000000000021fa0       0x4a /Users/Simone/Desktop/Tiles/bolierplate/temp/vsoutput/libraries/Adafruit_ADXL345_U/Adafruit_ADXL345_U.cpp.o
 *fill*         0x0000000000021fea        0x2 
 .text._ZN24Adafruit_ADXL345_Unified9getSensorEP8sensor_t
                0x0000000000021fec       0x4c /Users/Simone/Desktop/Tiles/bolierplate/temp/vsoutput/libraries/Adafruit_ADXL345_U/Adafruit_ADXL345_U.cpp.o
                0x0000000000021fec                Adafruit_ADXL345_Unified::getSensor(sensor_t*)
 .text._ZN24Adafruit_ADXL345_UnifiedC2El
                0x0000000000022038       0x18 /Users/Simone/Desktop/Tiles/bolierplate/temp/vsoutput/libraries/Adafruit_ADXL345_U/Adafruit_ADXL345_U.cpp.o
                0x0000000000022038                Adafruit_ADXL345_Unified::Adafruit_ADXL345_Unified(long)
                0x0000000000022038                Adafruit_ADXL345_Unified::Adafruit_ADXL345_Unified(long)
 .text._ZN24Adafruit_ADXL345_Unified13writeRegisterEhh
                0x0000000000022050       0x5c /Users/Simone/Desktop/Tiles/bolierplate/temp/vsoutput/libraries/Adafruit_ADXL345_U/Adafruit_ADXL345_U.cpp.o
                0x0000000000022050                Adafruit_ADXL345_Unified::writeRegister(unsigned char, unsigned char)
 .text._ZN24Adafruit_ADXL345_Unified12readRegisterEh
                0x00000000000220ac       0x6c /Users/Simone/Desktop/Tiles/bolierplate/temp/vsoutput/libraries/Adafruit_ADXL345_U/Adafruit_ADXL345_U.cpp.o
                0x00000000000220ac                Adafruit_ADXL345_Unified::readRegister(unsigned char)
 .text._ZN24Adafruit_ADXL345_Unified11getDeviceIDEv
                0x0000000000022118        0xa /Users/Simone/Desktop/Tiles/bolierplate/temp/vsoutput/libraries/Adafruit_ADXL345_U/Adafruit_ADXL345_U.cpp.o
                0x0000000000022118                Adafruit_ADXL345_Unified::getDeviceID()
 *fill*         0x0000000000022122        0x2 
 .text._ZN24Adafruit_ADXL345_Unified5beginEv
                0x0000000000022124       0x68 /Users/Simone/Desktop/Tiles/bolierplate/temp/vsoutput/libraries/Adafruit_ADXL345_U/Adafruit_ADXL345_U.cpp.o
                0x0000000000022124                Adafruit_ADXL345_Unified::begin()
 .text._ZN24Adafruit_ADXL345_Unified8setRangeE7range_t
                0x000000000002218c       0x22 /Users/Simone/Desktop/Tiles/bolierplate/temp/vsoutput/libraries/Adafruit_ADXL345_U/Adafruit_ADXL345_U.cpp.o
                0x000000000002218c                Adafruit_ADXL345_Unified::setRange(range_t)
 *fill*         0x00000000000221ae        0x2 
 .text._ZN24Adafruit_ADXL345_Unified6read16Eh
                0x00000000000221b0       0x8c /Users/Simone/Desktop/Tiles/bolierplate/temp/vsoutput/libraries/Adafruit_ADXL345_U/Adafruit_ADXL345_U.cpp.o
                0x00000000000221b0                Adafruit_ADXL345_Unified::read16(unsigned char)
 .text._ZN24Adafruit_ADXL345_Unified4getXEv
                0x000000000002223c        0xa /Users/Simone/Desktop/Tiles/bolierplate/temp/vsoutput/libraries/Adafruit_ADXL345_U/Adafruit_ADXL345_U.cpp.o
                0x000000000002223c                Adafruit_ADXL345_Unified::getX()
 .text._ZN24Adafruit_ADXL345_Unified4getYEv
                0x0000000000022246        0xa /Users/Simone/Desktop/Tiles/bolierplate/temp/vsoutput/libraries/Adafruit_ADXL345_U/Adafruit_ADXL345_U.cpp.o
                0x0000000000022246                Adafruit_ADXL345_Unified::getY()
 .text._ZN24Adafruit_ADXL345_Unified4getZEv
                0x0000000000022250        0xa /Users/Simone/Desktop/Tiles/bolierplate/temp/vsoutput/libraries/Adafruit_ADXL345_U/Adafruit_ADXL345_U.cpp.o
                0x0000000000022250                Adafruit_ADXL345_Unified::getZ()
 *fill*         0x000000000002225a        0x6 
 .text._ZN24Adafruit_ADXL345_Unified8getEventEP15sensors_event_t
                0x0000000000022260       0x98 /Users/Simone/Desktop/Tiles/bolierplate/temp/vsoutput/libraries/Adafruit_ADXL345_U/Adafruit_ADXL345_U.cpp.o
                0x0000000000022260                Adafruit_ADXL345_Unified::getEvent(sensors_event_t*)
 .text._ZN16Adafruit_LSM9DS06Sensor9getSensorEP8sensor_t
                0x00000000000222f8       0x18 /Users/Simone/Desktop/Tiles/bolierplate/temp/vsoutput/libraries/Adafruit_LSM9DS0/Adafruit_LSM9DS0.cpp.o
                0x00000000000222f8                Adafruit_LSM9DS0::Sensor::getSensor(sensor_t*)
 .text._ZN16Adafruit_LSM9DS06SensorD2Ev
                0x0000000000022310        0xc /Users/Simone/Desktop/Tiles/bolierplate/temp/vsoutput/libraries/Adafruit_LSM9DS0/Adafruit_LSM9DS0.cpp.o
                0x0000000000022310                Adafruit_LSM9DS0::Sensor::~Sensor()
                0x0000000000022310                Adafruit_LSM9DS0::Sensor::~Sensor()
 .text._ZN16Adafruit_LSM9DS06SensorD0Ev
                0x000000000002231c       0x14 /Users/Simone/Desktop/Tiles/bolierplate/temp/vsoutput/libraries/Adafruit_LSM9DS0/Adafruit_LSM9DS0.cpp.o
                0x000000000002231c                Adafruit_LSM9DS0::Sensor::~Sensor()
 .text._ZN16Adafruit_LSM9DS06Sensor8getEventEP15sensors_event_t
                0x0000000000022330       0x3a /Users/Simone/Desktop/Tiles/bolierplate/temp/vsoutput/libraries/Adafruit_LSM9DS0/Adafruit_LSM9DS0.cpp.o
                0x0000000000022330                Adafruit_LSM9DS0::Sensor::getEvent(sensors_event_t*)
 *fill*         0x000000000002236a        0x2 
 .text._ZN16Adafruit_LSM9DS013getAccelEventEP15sensors_event_tm
                0x000000000002236c       0x6c /Users/Simone/Desktop/Tiles/bolierplate/temp/vsoutput/libraries/Adafruit_LSM9DS0/Adafruit_LSM9DS0.cpp.o
                0x000000000002236c                Adafruit_LSM9DS0::getAccelEvent(sensors_event_t*, unsigned long)
 .text._ZN16Adafruit_LSM9DS011getMagEventEP15sensors_event_tm
                0x00000000000223d8       0x58 /Users/Simone/Desktop/Tiles/bolierplate/temp/vsoutput/libraries/Adafruit_LSM9DS0/Adafruit_LSM9DS0.cpp.o
                0x00000000000223d8                Adafruit_LSM9DS0::getMagEvent(sensors_event_t*, unsigned long)
 .text._ZN16Adafruit_LSM9DS012getGyroEventEP15sensors_event_tm
                0x0000000000022430       0x40 /Users/Simone/Desktop/Tiles/bolierplate/temp/vsoutput/libraries/Adafruit_LSM9DS0/Adafruit_LSM9DS0.cpp.o
                0x0000000000022430                Adafruit_LSM9DS0::getGyroEvent(sensors_event_t*, unsigned long)
 .text._ZN16Adafruit_LSM9DS012getTempEventEP15sensors_event_tm
                0x0000000000022470       0x40 /Users/Simone/Desktop/Tiles/bolierplate/temp/vsoutput/libraries/Adafruit_LSM9DS0/Adafruit_LSM9DS0.cpp.o
                0x0000000000022470                Adafruit_LSM9DS0::getTempEvent(sensors_event_t*, unsigned long)
 .text._ZN16Adafruit_LSM9DS014getAccelSensorEP8sensor_t
                0x00000000000224b0       0x38 /Users/Simone/Desktop/Tiles/bolierplate/temp/vsoutput/libraries/Adafruit_LSM9DS0/Adafruit_LSM9DS0.cpp.o
                0x00000000000224b0                Adafruit_LSM9DS0::getAccelSensor(sensor_t*)
 .text._ZN16Adafruit_LSM9DS012getMagSensorEP8sensor_t
                0x00000000000224e8       0x3c /Users/Simone/Desktop/Tiles/bolierplate/temp/vsoutput/libraries/Adafruit_LSM9DS0/Adafruit_LSM9DS0.cpp.o
                0x00000000000224e8                Adafruit_LSM9DS0::getMagSensor(sensor_t*)
 .text._ZN16Adafruit_LSM9DS013getGyroSensorEP8sensor_t
                0x0000000000022524       0x3c /Users/Simone/Desktop/Tiles/bolierplate/temp/vsoutput/libraries/Adafruit_LSM9DS0/Adafruit_LSM9DS0.cpp.o
                0x0000000000022524                Adafruit_LSM9DS0::getGyroSensor(sensor_t*)
 .text._ZN16Adafruit_LSM9DS013getTempSensorEP8sensor_t
                0x0000000000022560       0x3c /Users/Simone/Desktop/Tiles/bolierplate/temp/vsoutput/libraries/Adafruit_LSM9DS0/Adafruit_LSM9DS0.cpp.o
                0x0000000000022560                Adafruit_LSM9DS0::getTempSensor(sensor_t*)
 .text._ZN16Adafruit_LSM9DS06SensoraSERKS0_
                0x000000000002259c       0x22 /Users/Simone/Desktop/Tiles/bolierplate/temp/vsoutput/libraries/Adafruit_LSM9DS0/Adafruit_LSM9DS0.cpp.o
                0x000000000002259c                Adafruit_LSM9DS0::Sensor::operator=(Adafruit_LSM9DS0::Sensor const&)
 *fill*         0x00000000000225be        0x2 
 .text._ZN16Adafruit_LSM9DS07initI2CEP7TwoWirel
                0x00000000000225c0       0xdc /Users/Simone/Desktop/Tiles/bolierplate/temp/vsoutput/libraries/Adafruit_LSM9DS0/Adafruit_LSM9DS0.cpp.o
                0x00000000000225c0                Adafruit_LSM9DS0::initI2C(TwoWire*, long)
 .text._ZN16Adafruit_LSM9DS0C2El
                0x000000000002269c       0x28 /Users/Simone/Desktop/Tiles/bolierplate/temp/vsoutput/libraries/Adafruit_LSM9DS0/Adafruit_LSM9DS0.cpp.o
                0x000000000002269c                Adafruit_LSM9DS0::Adafruit_LSM9DS0(long)
                0x000000000002269c                Adafruit_LSM9DS0::Adafruit_LSM9DS0(long)
 .text._ZN16Adafruit_LSM9DS06write8Ehhh
                0x00000000000226c4       0x3c /Users/Simone/Desktop/Tiles/bolierplate/temp/vsoutput/libraries/Adafruit_LSM9DS0/Adafruit_LSM9DS0.cpp.o
                0x00000000000226c4                Adafruit_LSM9DS0::write8(unsigned char, unsigned char, unsigned char)
 .text._ZN16Adafruit_LSM9DS010readBufferEhhhPh
                0x0000000000022700       0x68 /Users/Simone/Desktop/Tiles/bolierplate/temp/vsoutput/libraries/Adafruit_LSM9DS0/Adafruit_LSM9DS0.cpp.o
                0x0000000000022700                Adafruit_LSM9DS0::readBuffer(unsigned char, unsigned char, unsigned char, unsigned char*)
 .text._ZN16Adafruit_LSM9DS09readAccelEv
                0x0000000000022768       0x48 /Users/Simone/Desktop/Tiles/bolierplate/temp/vsoutput/libraries/Adafruit_LSM9DS0/Adafruit_LSM9DS0.cpp.o
                0x0000000000022768                Adafruit_LSM9DS0::readAccel()
 .text._ZN16Adafruit_LSM9DS07readMagEv
                0x00000000000227b0       0x48 /Users/Simone/Desktop/Tiles/bolierplate/temp/vsoutput/libraries/Adafruit_LSM9DS0/Adafruit_LSM9DS0.cpp.o
                0x00000000000227b0                Adafruit_LSM9DS0::readMag()
 .text._ZN16Adafruit_LSM9DS08readGyroEv
                0x00000000000227f8       0x48 /Users/Simone/Desktop/Tiles/bolierplate/temp/vsoutput/libraries/Adafruit_LSM9DS0/Adafruit_LSM9DS0.cpp.o
                0x00000000000227f8                Adafruit_LSM9DS0::readGyro()
 .text._ZN16Adafruit_LSM9DS08readTempEv
                0x0000000000022840       0x22 /Users/Simone/Desktop/Tiles/bolierplate/temp/vsoutput/libraries/Adafruit_LSM9DS0/Adafruit_LSM9DS0.cpp.o
                0x0000000000022840                Adafruit_LSM9DS0::readTemp()
 .text._ZN16Adafruit_LSM9DS04readEv
                0x0000000000022862       0x1c /Users/Simone/Desktop/Tiles/bolierplate/temp/vsoutput/libraries/Adafruit_LSM9DS0/Adafruit_LSM9DS0.cpp.o
                0x0000000000022862                Adafruit_LSM9DS0::read()
 .text._ZN16Adafruit_LSM9DS05read8Ehh
                0x000000000002287e       0x14 /Users/Simone/Desktop/Tiles/bolierplate/temp/vsoutput/libraries/Adafruit_LSM9DS0/Adafruit_LSM9DS0.cpp.o
                0x000000000002287e                Adafruit_LSM9DS0::read8(unsigned char, unsigned char)
 *fill*         0x0000000000022892        0x2 
 .text._ZN16Adafruit_LSM9DS010setupAccelENS_19lsm9ds0AccelRange_tE
                0x0000000000022894       0x60 /Users/Simone/Desktop/Tiles/bolierplate/temp/vsoutput/libraries/Adafruit_LSM9DS0/Adafruit_LSM9DS0.cpp.o
                0x0000000000022894                Adafruit_LSM9DS0::setupAccel(Adafruit_LSM9DS0::lsm9ds0AccelRange_t)
 .text._ZN16Adafruit_LSM9DS08setupMagENS_16lsm9ds0MagGain_tE
                0x00000000000228f4       0x54 /Users/Simone/Desktop/Tiles/bolierplate/temp/vsoutput/libraries/Adafruit_LSM9DS0/Adafruit_LSM9DS0.cpp.o
                0x00000000000228f4                Adafruit_LSM9DS0::setupMag(Adafruit_LSM9DS0::lsm9ds0MagGain_t)
 .text._ZN16Adafruit_LSM9DS09setupGyroENS_18lsm9ds0GyroScale_tE
                0x0000000000022948       0x44 /Users/Simone/Desktop/Tiles/bolierplate/temp/vsoutput/libraries/Adafruit_LSM9DS0/Adafruit_LSM9DS0.cpp.o
                0x0000000000022948                Adafruit_LSM9DS0::setupGyro(Adafruit_LSM9DS0::lsm9ds0GyroScale_t)
 .text._ZN16Adafruit_LSM9DS05beginEv
                0x000000000002298c      0x128 /Users/Simone/Desktop/Tiles/bolierplate/temp/vsoutput/libraries/Adafruit_LSM9DS0/Adafruit_LSM9DS0.cpp.o
                0x000000000002298c                Adafruit_LSM9DS0::begin()
 .text._ZN8SPIClass11setBitOrderE8BitOrder
                0x0000000000022ab4       0x20 /Users/Simone/Desktop/Tiles/bolierplate/temp/vsoutput/libraries/SPI/SPI.cpp.o
                0x0000000000022ab4                SPIClass::setBitOrder(BitOrder)
 .text._ZN8SPIClass7setCPOLEb
                0x0000000000022ad4       0x20 /Users/Simone/Desktop/Tiles/bolierplate/temp/vsoutput/libraries/SPI/SPI.cpp.o
                0x0000000000022ad4                SPIClass::setCPOL(bool)
 .text._ZN8SPIClass7setCPHAEb
                0x0000000000022af4       0x20 /Users/Simone/Desktop/Tiles/bolierplate/temp/vsoutput/libraries/SPI/SPI.cpp.o
                0x0000000000022af4                SPIClass::setCPHA(bool)
 .text._ZN8SPIClass11setDataModeEh
                0x0000000000022b14       0x1c /Users/Simone/Desktop/Tiles/bolierplate/temp/vsoutput/libraries/SPI/SPI.cpp.o
                0x0000000000022b14                SPIClass::setDataMode(unsigned char)
 .text._ZN8SPIClass5beginEv
                0x0000000000022b30       0x68 /Users/Simone/Desktop/Tiles/bolierplate/temp/vsoutput/libraries/SPI/SPI.cpp.o
                0x0000000000022b30                SPIClass::begin()
 .text._ZN8SPIClass8transferEh
                0x0000000000022b98       0x24 /Users/Simone/Desktop/Tiles/bolierplate/temp/vsoutput/libraries/SPI/SPI.cpp.o
                0x0000000000022b98                SPIClass::transfer(unsigned char)
 .text.startup._GLOBAL__sub_I__ZN8SPIClassC2EP12NRF_SPI_Typeiii
                0x0000000000022bbc       0x1c /Users/Simone/Desktop/Tiles/bolierplate/temp/vsoutput/libraries/SPI/SPI.cpp.o
 .text._ZN16Adafruit_CAP1188C2Ea
                0x0000000000022bd8        0x8 /Users/Simone/Desktop/Tiles/bolierplate/temp/vsoutput/libraries/Adafruit_CAP1188_Library/Adafruit_CAP1188.cpp.o
                0x0000000000022bd8                Adafruit_CAP1188::Adafruit_CAP1188(signed char)
                0x0000000000022bd8                Adafruit_CAP1188::Adafruit_CAP1188(signed char)
 .text._ZN16Adafruit_CAP11887spixferEh
                0x0000000000022be0       0x60 /Users/Simone/Desktop/Tiles/bolierplate/temp/vsoutput/libraries/Adafruit_CAP1188_Library/Adafruit_CAP1188.cpp.o
                0x0000000000022be0                Adafruit_CAP1188::spixfer(unsigned char)
 .text._ZN16Adafruit_CAP118813writeRegisterEhh
                0x0000000000022c40       0x80 /Users/Simone/Desktop/Tiles/bolierplate/temp/vsoutput/libraries/Adafruit_CAP1188_Library/Adafruit_CAP1188.cpp.o
                0x0000000000022c40                Adafruit_CAP1188::writeRegister(unsigned char, unsigned char)
 .text._ZN16Adafruit_CAP118812readRegisterEh
                0x0000000000022cc0       0x90 /Users/Simone/Desktop/Tiles/bolierplate/temp/vsoutput/libraries/Adafruit_CAP1188_Library/Adafruit_CAP1188.cpp.o
                0x0000000000022cc0                Adafruit_CAP1188::readRegister(unsigned char)
 .text._ZN16Adafruit_CAP11885beginEh
                0x0000000000022d50      0x108 /Users/Simone/Desktop/Tiles/bolierplate/temp/vsoutput/libraries/Adafruit_CAP1188_Library/Adafruit_CAP1188.cpp.o
                0x0000000000022d50                Adafruit_CAP1188::begin(unsigned char)
 .text._ZN16Adafruit_CAP11887touchedEv
                0x0000000000022e58       0x28 /Users/Simone/Desktop/Tiles/bolierplate/temp/vsoutput/libraries/Adafruit_CAP1188_Library/Adafruit_CAP1188.cpp.o
                0x0000000000022e58                Adafruit_CAP1188::touched()
 .text._Z15UART0_Interruptv
                0x0000000000022e80       0x10 /Users/Simone/Desktop/Tiles/bolierplate/temp/vsoutput/core/variant.cpp.o
                0x0000000000022e80                UART0_Interrupt()
 .text.rtc_config
                0x0000000000022e90       0x34 /Users/Simone/Desktop/Tiles/bolierplate/temp/vsoutput/core/variant.cpp.o
                0x0000000000022e90                rtc_config
 .text.init     0x0000000000022ec4        0x8 /Users/Simone/Desktop/Tiles/bolierplate/temp/vsoutput/core/variant.cpp.o
                0x0000000000022ec4                init
 .text.UART0_BaudRate
                0x0000000000022ecc      0x120 /Users/Simone/Desktop/Tiles/bolierplate/temp/vsoutput/core/variant.cpp.o
                0x0000000000022ecc                UART0_BaudRate
 .text.UART0_TXD
                0x0000000000022fec       0x20 /Users/Simone/Desktop/Tiles/bolierplate/temp/vsoutput/core/variant.cpp.o
                0x0000000000022fec                UART0_TXD
 .text.UART0_RXReset
                0x000000000002300c        0xc /Users/Simone/Desktop/Tiles/bolierplate/temp/vsoutput/core/variant.cpp.o
                0x000000000002300c                UART0_RXReset
 .text.UART0_TXReset
                0x0000000000023018        0xc /Users/Simone/Desktop/Tiles/bolierplate/temp/vsoutput/core/variant.cpp.o
                0x0000000000023018                UART0_TXReset
 .text.UART0_RXErrorReset
                0x0000000000023024       0x28 /Users/Simone/Desktop/Tiles/bolierplate/temp/vsoutput/core/variant.cpp.o
                0x0000000000023024                UART0_RXErrorReset
 .text.startup._GLOBAL__sub_I_rxBuffer
                0x000000000002304c       0x2c /Users/Simone/Desktop/Tiles/bolierplate/temp/vsoutput/core/variant.cpp.o
 .text.UART0_Stop
                0x0000000000023078       0x4c /Users/Simone/Desktop/Tiles/bolierplate/temp/vsoutput/core/variant.cpp.o
                0x0000000000023078                UART0_Stop
 .text.UART0_TX
                0x00000000000230c4       0x10 /Users/Simone/Desktop/Tiles/bolierplate/temp/vsoutput/core/variant.cpp.o
                0x00000000000230c4                UART0_TX
 .text.UART0_Start
                0x00000000000230d4      0x1d0 /Users/Simone/Desktop/Tiles/bolierplate/temp/vsoutput/core/variant.cpp.o
                0x00000000000230d4                UART0_Start
 .text.sd_nvic_EnableIRQ
                0x00000000000232a4        0x4 /Users/Simone/Library/Arduino15/packages/RFduino/hardware/RFduino/2.3.3/variants/RFduino/libRFduino.a(libRFduino.o)
 .text.sd_nvic_DisableIRQ
                0x00000000000232a8        0x4 /Users/Simone/Library/Arduino15/packages/RFduino/hardware/RFduino/2.3.3/variants/RFduino/libRFduino.a(libRFduino.o)
 .text.sd_nvic_SetPriority
                0x00000000000232ac        0x4 /Users/Simone/Library/Arduino15/packages/RFduino/hardware/RFduino/2.3.3/variants/RFduino/libRFduino.a(libRFduino.o)
 .text.sd_ppi_channel_enable_set
                0x00000000000232b0        0x4 /Users/Simone/Library/Arduino15/packages/RFduino/hardware/RFduino/2.3.3/variants/RFduino/libRFduino.a(libRFduino.o)
 .text.sd_ppi_channel_enable_clr
                0x00000000000232b4        0x4 /Users/Simone/Library/Arduino15/packages/RFduino/hardware/RFduino/2.3.3/variants/RFduino/libRFduino.a(libRFduino.o)
 .text.sd_ppi_channel_assign
                0x00000000000232b8        0x4 /Users/Simone/Library/Arduino15/packages/RFduino/hardware/RFduino/2.3.3/variants/RFduino/libRFduino.a(libRFduino.o)
 .text.NVIC_SetPriority
                0x00000000000232bc       0x64 /Users/Simone/Library/Arduino15/packages/RFduino/hardware/RFduino/2.3.3/variants/RFduino/libRFduino.a(libRFduino.o)
 .text.GPIOTE_Interrupt
                0x0000000000023320       0x8c /Users/Simone/Library/Arduino15/packages/RFduino/hardware/RFduino/2.3.3/variants/RFduino/libRFduino.a(libRFduino.o)
                0x0000000000023320                GPIOTE_Interrupt
 .text.rfduino_ppi_channel_assign
                0x00000000000233ac       0x48 /Users/Simone/Library/Arduino15/packages/RFduino/hardware/RFduino/2.3.3/variants/RFduino/libRFduino.a(libRFduino.o)
                0x00000000000233ac                rfduino_ppi_channel_assign
 .text.rfduino_ppi_channel_unassign
                0x00000000000233f4       0x28 /Users/Simone/Library/Arduino15/packages/RFduino/hardware/RFduino/2.3.3/variants/RFduino/libRFduino.a(libRFduino.o)
                0x00000000000233f4                rfduino_ppi_channel_unassign
 .text.rfduino_nvic_enableirq
                0x000000000002341c       0x40 /Users/Simone/Library/Arduino15/packages/RFduino/hardware/RFduino/2.3.3/variants/RFduino/libRFduino.a(libRFduino.o)
                0x000000000002341c                rfduino_nvic_enableirq
 .text.rfduino_nvic_disableirq
                0x000000000002345c       0x2c /Users/Simone/Library/Arduino15/packages/RFduino/hardware/RFduino/2.3.3/variants/RFduino/libRFduino.a(libRFduino.o)
                0x000000000002345c                rfduino_nvic_disableirq
 .text.rfduino_nvic_setpriority
                0x0000000000023488       0x20 /Users/Simone/Library/Arduino15/packages/RFduino/hardware/RFduino/2.3.3/variants/RFduino/libRFduino.a(libRFduino.o)
                0x0000000000023488                rfduino_nvic_setpriority
 .text.RFduino_pinWake
                0x00000000000234a8      0x100 /Users/Simone/Library/Arduino15/packages/RFduino/hardware/RFduino/2.3.3/variants/RFduino/libRFduino.a(libRFduino.o)
                0x00000000000234a8                RFduino_pinWake
 .text.RFduino_pinWakeCallback
                0x00000000000235a8       0xc0 /Users/Simone/Library/Arduino15/packages/RFduino/hardware/RFduino/2.3.3/variants/RFduino/libRFduino.a(libRFduino.o)
                0x00000000000235a8                RFduino_pinWakeCallback
 .text.NVIC_SystemReset
                0x0000000000023668       0x18 /Users/Simone/Library/Arduino15/packages/RFduino/hardware/RFduino/2.3.3/variants/RFduino/libRFduinoBLE.a(libRFduinoBLE.o)
 .text.sd_ble_gap_adv_data_set
                0x0000000000023680        0x4 /Users/Simone/Library/Arduino15/packages/RFduino/hardware/RFduino/2.3.3/variants/RFduino/libRFduinoBLE.a(libRFduinoBLE.o)
 .text.sd_ble_gap_adv_start
                0x0000000000023684        0x4 /Users/Simone/Library/Arduino15/packages/RFduino/hardware/RFduino/2.3.3/variants/RFduino/libRFduinoBLE.a(libRFduinoBLE.o)
 .text.sd_ble_gap_tx_power_set
                0x0000000000023688        0x4 /Users/Simone/Library/Arduino15/packages/RFduino/hardware/RFduino/2.3.3/variants/RFduino/libRFduinoBLE.a(libRFduinoBLE.o)
 .text.sd_ble_gap_ppcp_set
                0x000000000002368c        0x4 /Users/Simone/Library/Arduino15/packages/RFduino/hardware/RFduino/2.3.3/variants/RFduino/libRFduinoBLE.a(libRFduinoBLE.o)
 .text.sd_ble_gap_device_name_set
                0x0000000000023690        0x4 /Users/Simone/Library/Arduino15/packages/RFduino/hardware/RFduino/2.3.3/variants/RFduino/libRFduinoBLE.a(libRFduinoBLE.o)
 .text.sd_ble_gap_sec_params_reply
                0x0000000000023694        0x4 /Users/Simone/Library/Arduino15/packages/RFduino/hardware/RFduino/2.3.3/variants/RFduino/libRFduinoBLE.a(libRFduinoBLE.o)
 .text.sd_ble_gap_rssi_start
                0x0000000000023698        0x4 /Users/Simone/Library/Arduino15/packages/RFduino/hardware/RFduino/2.3.3/variants/RFduino/libRFduinoBLE.a(libRFduinoBLE.o)
 .text.sd_ble_gap_rssi_stop
                0x000000000002369c        0x4 /Users/Simone/Library/Arduino15/packages/RFduino/hardware/RFduino/2.3.3/variants/RFduino/libRFduinoBLE.a(libRFduinoBLE.o)
 .text.sd_softdevice_enable
                0x00000000000236a0        0x4 /Users/Simone/Library/Arduino15/packages/RFduino/hardware/RFduino/2.3.3/variants/RFduino/libRFduinoBLE.a(libRFduinoBLE.o)
 .text.softdevice_assertion_handler
                0x00000000000236a4        0x6 /Users/Simone/Library/Arduino15/packages/RFduino/hardware/RFduino/2.3.3/variants/RFduino/libRFduinoBLE.a(libRFduinoBLE.o)
                0x00000000000236a4                softdevice_assertion_handler
 .text.bond_manager_error_handler
                0x00000000000236aa        0x6 /Users/Simone/Library/Arduino15/packages/RFduino/hardware/RFduino/2.3.3/variants/RFduino/libRFduinoBLE.a(libRFduinoBLE.o)
 .text.advertising_start
                0x00000000000236b0       0x28 /Users/Simone/Library/Arduino15/packages/RFduino/hardware/RFduino/2.3.3/variants/RFduino/libRFduinoBLE.a(libRFduinoBLE.o)
 .text.ble_evt_dispatch
                0x00000000000236d8       0xfc /Users/Simone/Library/Arduino15/packages/RFduino/hardware/RFduino/2.3.3/variants/RFduino/libRFduinoBLE.a(libRFduinoBLE.o)
 .text.radio_active_evt
                0x00000000000237d4       0x10 /Users/Simone/Library/Arduino15/packages/RFduino/hardware/RFduino/2.3.3/variants/RFduino/libRFduinoBLE.a(libRFduinoBLE.o)
 .text.app_error_handler
                0x00000000000237e4        0x6 /Users/Simone/Library/Arduino15/packages/RFduino/hardware/RFduino/2.3.3/variants/RFduino/libRFduinoBLE.a(libRFduinoBLE.o)
                0x00000000000237e4                app_error_handler
 .text.assert_nrf_callback
                0x00000000000237ea        0x6 /Users/Simone/Library/Arduino15/packages/RFduino/hardware/RFduino/2.3.3/variants/RFduino/libRFduinoBLE.a(libRFduinoBLE.o)
                0x00000000000237ea                assert_nrf_callback
 .text.RFduinoBLE_begin
                0x00000000000237f0      0x390 /Users/Simone/Library/Arduino15/packages/RFduino/hardware/RFduino/2.3.3/variants/RFduino/libRFduinoBLE.a(libRFduinoBLE.o)
                0x00000000000237f0                RFduinoBLE_begin
 .text.RFduinoBLE_send
                0x0000000000023b80        0xe /Users/Simone/Library/Arduino15/packages/RFduino/hardware/RFduino/2.3.3/variants/RFduino/libRFduinoBLE.a(libRFduinoBLE.o)
                0x0000000000023b80                RFduinoBLE_send
 .text.sd_ble_gap_disconnect
                0x0000000000023b8e        0x4 /Users/Simone/Library/Arduino15/packages/RFduino/hardware/RFduino/2.3.3/variants/RFduino/libRFduinoBLE.a(ble_RFduino.o)
 .text.sd_ble_gatts_service_add
                0x0000000000023b92        0x4 /Users/Simone/Library/Arduino15/packages/RFduino/hardware/RFduino/2.3.3/variants/RFduino/libRFduinoBLE.a(ble_RFduino.o)
 .text.sd_ble_gatts_characteristic_add
                0x0000000000023b96        0x4 /Users/Simone/Library/Arduino15/packages/RFduino/hardware/RFduino/2.3.3/variants/RFduino/libRFduinoBLE.a(ble_RFduino.o)
 .text.sd_ble_gatts_value_set
                0x0000000000023b9a        0x4 /Users/Simone/Library/Arduino15/packages/RFduino/hardware/RFduino/2.3.3/variants/RFduino/libRFduinoBLE.a(ble_RFduino.o)
 .text.sd_ble_gatts_hvx
                0x0000000000023b9e        0x4 /Users/Simone/Library/Arduino15/packages/RFduino/hardware/RFduino/2.3.3/variants/RFduino/libRFduinoBLE.a(ble_RFduino.o)
 .text.sd_ble_uuid_vs_add
                0x0000000000023ba2        0x4 /Users/Simone/Library/Arduino15/packages/RFduino/hardware/RFduino/2.3.3/variants/RFduino/libRFduinoBLE.a(ble_RFduino.o)
 .text.xdigit   0x0000000000023ba6       0x1e /Users/Simone/Library/Arduino15/packages/RFduino/hardware/RFduino/2.3.3/variants/RFduino/libRFduinoBLE.a(ble_RFduino.o)
 .text.ble_rfduino_on_ble_evt
                0x0000000000023bc4       0x4c /Users/Simone/Library/Arduino15/packages/RFduino/hardware/RFduino/2.3.3/variants/RFduino/libRFduinoBLE.a(ble_RFduino.o)
                0x0000000000023bc4                ble_rfduino_on_ble_evt
 .text.ble_rfduino_init
                0x0000000000023c10      0x280 /Users/Simone/Library/Arduino15/packages/RFduino/hardware/RFduino/2.3.3/variants/RFduino/libRFduinoBLE.a(ble_RFduino.o)
                0x0000000000023c10                ble_rfduino_init
 .text.ble_rfduino_send_update
                0x0000000000023e90       0x64 /Users/Simone/Library/Arduino15/packages/RFduino/hardware/RFduino/2.3.3/variants/RFduino/libRFduinoBLE.a(ble_RFduino.o)
                0x0000000000023e90                ble_rfduino_send_update
 .text.sd_ble_gap_adv_data_set
                0x0000000000023ef4        0x4 /Users/Simone/Library/Arduino15/packages/RFduino/hardware/RFduino/2.3.3/variants/RFduino/libRFduinoBLE.a(ble_advdata.o)
 .text.sd_ble_gap_appearance_get
                0x0000000000023ef8        0x4 /Users/Simone/Library/Arduino15/packages/RFduino/hardware/RFduino/2.3.3/variants/RFduino/libRFduinoBLE.a(ble_advdata.o)
 .text.sd_ble_gap_device_name_get
                0x0000000000023efc        0x4 /Users/Simone/Library/Arduino15/packages/RFduino/hardware/RFduino/2.3.3/variants/RFduino/libRFduinoBLE.a(ble_advdata.o)
 .text.sd_ble_uuid_encode
                0x0000000000023f00        0x4 /Users/Simone/Library/Arduino15/packages/RFduino/hardware/RFduino/2.3.3/variants/RFduino/libRFduinoBLE.a(ble_advdata.o)
 .text.uuid_list_sized_encode
                0x0000000000023f04       0xa4 /Users/Simone/Library/Arduino15/packages/RFduino/hardware/RFduino/2.3.3/variants/RFduino/libRFduinoBLE.a(ble_advdata.o)
 .text.uuid_list_encode
                0x0000000000023fa8       0x26 /Users/Simone/Library/Arduino15/packages/RFduino/hardware/RFduino/2.3.3/variants/RFduino/libRFduinoBLE.a(ble_advdata.o)
 *fill*         0x0000000000023fce        0x2 
 .text.adv_data_encode
                0x0000000000023fd0      0x2d4 /Users/Simone/Library/Arduino15/packages/RFduino/hardware/RFduino/2.3.3/variants/RFduino/libRFduinoBLE.a(ble_advdata.o)
 .text.ble_advdata_set
                0x00000000000242a4       0x70 /Users/Simone/Library/Arduino15/packages/RFduino/hardware/RFduino/2.3.3/variants/RFduino/libRFduinoBLE.a(ble_advdata.o)
                0x00000000000242a4                ble_advdata_set
 .text.sd_ble_evt_get
                0x0000000000024314        0x4 /Users/Simone/Library/Arduino15/packages/RFduino/hardware/RFduino/2.3.3/variants/RFduino/libRFduinoBLE.a(ble_stack_handler.o)
 .text.sd_nvic_EnableIRQ
                0x0000000000024318        0x4 /Users/Simone/Library/Arduino15/packages/RFduino/hardware/RFduino/2.3.3/variants/RFduino/libRFduinoBLE.a(ble_stack_handler.o)
 .text.sd_softdevice_enable
                0x000000000002431c        0x4 /Users/Simone/Library/Arduino15/packages/RFduino/hardware/RFduino/2.3.3/variants/RFduino/libRFduinoBLE.a(ble_stack_handler.o)
 .text.softdevice_assertion_handler
                0x0000000000024320        0xc /Users/Simone/Library/Arduino15/packages/RFduino/hardware/RFduino/2.3.3/variants/RFduino/libRFduinoBLE.a(ble_stack_handler.o)
 .text.ble_stack_handler_init
                0x000000000002432c       0x48 /Users/Simone/Library/Arduino15/packages/RFduino/hardware/RFduino/2.3.3/variants/RFduino/libRFduinoBLE.a(ble_stack_handler.o)
                0x000000000002432c                ble_stack_handler_init
 .text.intern_ble_stack_events_execute
                0x0000000000024374       0x40 /Users/Simone/Library/Arduino15/packages/RFduino/hardware/RFduino/2.3.3/variants/RFduino/libRFduinoBLE.a(ble_stack_handler.o)
                0x0000000000024374                intern_ble_stack_events_execute
 .text.SWI2_IRQHandler
                0x00000000000243b4       0x28 /Users/Simone/Library/Arduino15/packages/RFduino/hardware/RFduino/2.3.3/variants/RFduino/libRFduinoBLE.a(ble_stack_handler.o)
                0x00000000000243b4                SWI2_IRQHandler
 .text.sd_ble_gap_sec_info_reply
                0x00000000000243dc        0x4 /Users/Simone/Library/Arduino15/packages/RFduino/hardware/RFduino/2.3.3/variants/RFduino/libRFduinoBLE.a(ble_bondmngr.o)
 .text.sd_ble_gatts_sys_attr_set
                0x00000000000243e0        0x4 /Users/Simone/Library/Arduino15/packages/RFduino/hardware/RFduino/2.3.3/variants/RFduino/libRFduinoBLE.a(ble_bondmngr.o)
 .text.sd_ble_gatts_sys_attr_get
                0x00000000000243e4        0x4 /Users/Simone/Library/Arduino15/packages/RFduino/hardware/RFduino/2.3.3/variants/RFduino/libRFduinoBLE.a(ble_bondmngr.o)
 .text.update_whitelist
                0x00000000000243e8       0x74 /Users/Simone/Library/Arduino15/packages/RFduino/hardware/RFduino/2.3.3/variants/RFduino/libRFduinoBLE.a(ble_bondmngr.o)
 .text.master_find_in_db
                0x000000000002445c       0x44 /Users/Simone/Library/Arduino15/packages/RFduino/hardware/RFduino/2.3.3/variants/RFduino/libRFduinoBLE.a(ble_bondmngr.o)
 .text.master_sys_attr_set.isra.0
                0x00000000000244a0       0x24 /Users/Simone/Library/Arduino15/packages/RFduino/hardware/RFduino/2.3.3/variants/RFduino/libRFduinoBLE.a(ble_bondmngr.o)
 .text.bond_info_store
                0x00000000000244c4       0x94 /Users/Simone/Library/Arduino15/packages/RFduino/hardware/RFduino/2.3.3/variants/RFduino/libRFduinoBLE.a(ble_bondmngr.o)
 .text.sys_attr_store
                0x0000000000024558       0x94 /Users/Simone/Library/Arduino15/packages/RFduino/hardware/RFduino/2.3.3/variants/RFduino/libRFduinoBLE.a(ble_bondmngr.o)
 .text.flash_pages_erase
                0x00000000000245ec       0x1c /Users/Simone/Library/Arduino15/packages/RFduino/hardware/RFduino/2.3.3/variants/RFduino/libRFduinoBLE.a(ble_bondmngr.o)
 .text.ble_bondmngr_on_ble_evt
                0x0000000000024608      0x350 /Users/Simone/Library/Arduino15/packages/RFduino/hardware/RFduino/2.3.3/variants/RFduino/libRFduinoBLE.a(ble_bondmngr.o)
                0x0000000000024608                ble_bondmngr_on_ble_evt
 .text.ble_bondmngr_bonded_masters_store
                0x0000000000024958      0x164 /Users/Simone/Library/Arduino15/packages/RFduino/hardware/RFduino/2.3.3/variants/RFduino/libRFduinoBLE.a(ble_bondmngr.o)
                0x0000000000024958                ble_bondmngr_bonded_masters_store
 .text.ble_bondmngr_init
                0x0000000000024abc      0x228 /Users/Simone/Library/Arduino15/packages/RFduino/hardware/RFduino/2.3.3/variants/RFduino/libRFduinoBLE.a(ble_bondmngr.o)
                0x0000000000024abc                ble_bondmngr_init
 .text.sd_app_event_wait
                0x0000000000024ce4        0x4 /Users/Simone/Library/Arduino15/packages/RFduino/hardware/RFduino/2.3.3/variants/RFduino/libRFduinoBLE.a(ble_flash.o)
 .text.flash_page_erase
                0x0000000000024ce8       0x44 /Users/Simone/Library/Arduino15/packages/RFduino/hardware/RFduino/2.3.3/variants/RFduino/libRFduinoBLE.a(ble_flash.o)
 .text.flash_word_write
                0x0000000000024d2c       0x44 /Users/Simone/Library/Arduino15/packages/RFduino/hardware/RFduino/2.3.3/variants/RFduino/libRFduinoBLE.a(ble_flash.o)
 .text.ble_flash_crc16_compute
                0x0000000000024d70       0x3c /Users/Simone/Library/Arduino15/packages/RFduino/hardware/RFduino/2.3.3/variants/RFduino/libRFduinoBLE.a(ble_flash.o)
                0x0000000000024d70                ble_flash_crc16_compute
 .text.ble_flash_word_write
                0x0000000000024dac        0xa /Users/Simone/Library/Arduino15/packages/RFduino/hardware/RFduino/2.3.3/variants/RFduino/libRFduinoBLE.a(ble_flash.o)
                0x0000000000024dac                ble_flash_word_write
 .text.ble_flash_block_write
                0x0000000000024db6       0x22 /Users/Simone/Library/Arduino15/packages/RFduino/hardware/RFduino/2.3.3/variants/RFduino/libRFduinoBLE.a(ble_flash.o)
                0x0000000000024db6                ble_flash_block_write
 .text.ble_flash_page_erase
                0x0000000000024dd8       0x14 /Users/Simone/Library/Arduino15/packages/RFduino/hardware/RFduino/2.3.3/variants/RFduino/libRFduinoBLE.a(ble_flash.o)
                0x0000000000024dd8                ble_flash_page_erase
 .text.ble_flash_page_addr
                0x0000000000024dec       0x10 /Users/Simone/Library/Arduino15/packages/RFduino/hardware/RFduino/2.3.3/variants/RFduino/libRFduinoBLE.a(ble_flash.o)
                0x0000000000024dec                ble_flash_page_addr
 .text.ble_flash_on_radio_active_evt
                0x0000000000024dfc        0xc /Users/Simone/Library/Arduino15/packages/RFduino/hardware/RFduino/2.3.3/variants/RFduino/libRFduinoBLE.a(ble_flash.o)
                0x0000000000024dfc                ble_flash_on_radio_active_evt
 .text.sd_nvic_EnableIRQ
                0x0000000000024e08        0x4 /Users/Simone/Library/Arduino15/packages/RFduino/hardware/RFduino/2.3.3/variants/RFduino/libRFduinoBLE.a(ble_radio_notification.o)
 .text.sd_nvic_ClearPendingIRQ
                0x0000000000024e0c        0x4 /Users/Simone/Library/Arduino15/packages/RFduino/hardware/RFduino/2.3.3/variants/RFduino/libRFduinoBLE.a(ble_radio_notification.o)
 .text.sd_nvic_SetPriority
                0x0000000000024e10        0x4 /Users/Simone/Library/Arduino15/packages/RFduino/hardware/RFduino/2.3.3/variants/RFduino/libRFduinoBLE.a(ble_radio_notification.o)
 .text.sd_radio_notification_cfg_set
                0x0000000000024e14        0x4 /Users/Simone/Library/Arduino15/packages/RFduino/hardware/RFduino/2.3.3/variants/RFduino/libRFduinoBLE.a(ble_radio_notification.o)
 .text.SWI1_IRQHandler
                0x0000000000024e18       0x20 /Users/Simone/Library/Arduino15/packages/RFduino/hardware/RFduino/2.3.3/variants/RFduino/libRFduinoBLE.a(ble_radio_notification.o)
                0x0000000000024e18                SWI1_IRQHandler
 .text.ble_radio_notification_init
                0x0000000000024e38       0x38 /Users/Simone/Library/Arduino15/packages/RFduino/hardware/RFduino/2.3.3/variants/RFduino/libRFduinoBLE.a(ble_radio_notification.o)
                0x0000000000024e38                ble_radio_notification_init
 .text.attachInterrupt
                0x0000000000024e70       0x14 /Users/Simone/Desktop/Tiles/bolierplate/temp/vsoutput/core/core.a(WInterrupts.c.o)
                0x0000000000024e70                attachInterrupt
 .text.detachInterrupt
                0x0000000000024e84       0x18 /Users/Simone/Desktop/Tiles/bolierplate/temp/vsoutput/core/core.a(WInterrupts.c.o)
                0x0000000000024e84                detachInterrupt
 .text.__empty  0x0000000000024e9c        0x2 /Users/Simone/Desktop/Tiles/bolierplate/temp/vsoutput/core/core.a(hooks.c.o)
                0x0000000000024e9c                yield
 *fill*         0x0000000000024e9e        0x2 
 .text.RTC1_Interrupt
                0x0000000000024ea0       0x48 /Users/Simone/Desktop/Tiles/bolierplate/temp/vsoutput/core/core.a(wiring.c.o)
                0x0000000000024ea0                RTC1_Interrupt
 .text.millis64
                0x0000000000024ee8       0x40 /Users/Simone/Desktop/Tiles/bolierplate/temp/vsoutput/core/core.a(wiring.c.o)
                0x0000000000024ee8                millis64
 .text.micros64
                0x0000000000024f28       0x40 /Users/Simone/Desktop/Tiles/bolierplate/temp/vsoutput/core/core.a(wiring.c.o)
                0x0000000000024f28                micros64
 .text.millis   0x0000000000024f68        0x8 /Users/Simone/Desktop/Tiles/bolierplate/temp/vsoutput/core/core.a(wiring.c.o)
                0x0000000000024f68                millis
 .text.micros   0x0000000000024f70        0x8 /Users/Simone/Desktop/Tiles/bolierplate/temp/vsoutput/core/core.a(wiring.c.o)
                0x0000000000024f70                micros
 .text.delay    0x0000000000024f78       0x1c /Users/Simone/Desktop/Tiles/bolierplate/temp/vsoutput/core/core.a(wiring.c.o)
                0x0000000000024f78                delay
 .text.delayMicroseconds
                0x0000000000024f94       0x1e /Users/Simone/Desktop/Tiles/bolierplate/temp/vsoutput/core/core.a(wiring.c.o)
                0x0000000000024f94                delayMicroseconds
 .text.mapResolution
                0x0000000000024fb2       0x12 /Users/Simone/Desktop/Tiles/bolierplate/temp/vsoutput/core/core.a(wiring_analog.c.o)
 .text.update_PWM_value.isra.0
                0x0000000000024fc4       0x40 /Users/Simone/Desktop/Tiles/bolierplate/temp/vsoutput/core/core.a(wiring_analog.c.o)
 .text.nrf_gpiote_task_config.constprop.1
                0x0000000000025004       0x38 /Users/Simone/Desktop/Tiles/bolierplate/temp/vsoutput/core/core.a(wiring_analog.c.o)
 .text.TIMER2_Interrupt
                0x000000000002503c       0x40 /Users/Simone/Desktop/Tiles/bolierplate/temp/vsoutput/core/core.a(wiring_analog.c.o)
 .text.TIMER1_Interrupt
                0x000000000002507c       0x80 /Users/Simone/Desktop/Tiles/bolierplate/temp/vsoutput/core/core.a(wiring_analog.c.o)
 .text.analogRead
                0x00000000000250fc       0xa0 /Users/Simone/Desktop/Tiles/bolierplate/temp/vsoutput/core/core.a(wiring_analog.c.o)
                0x00000000000250fc                analogRead
 .text.find_free_PPI_channel
                0x000000000002519c       0x4c /Users/Simone/Desktop/Tiles/bolierplate/temp/vsoutput/core/core.a(wiring_analog.c.o)
                0x000000000002519c                find_free_PPI_channel
 .text.turn_On_PPI_to_GPIO_for_PWM
                0x00000000000251e8       0x68 /Users/Simone/Desktop/Tiles/bolierplate/temp/vsoutput/core/core.a(wiring_analog.c.o)
                0x00000000000251e8                turn_On_PPI_to_GPIO_for_PWM
 .text.turn_Off_GPIOTE_PPI_from_GPIO
                0x0000000000025250       0x7c /Users/Simone/Desktop/Tiles/bolierplate/temp/vsoutput/core/core.a(wiring_analog.c.o)
                0x0000000000025250                turn_Off_GPIOTE_PPI_from_GPIO
 .text.analogWrite
                0x00000000000252cc      0x2bc /Users/Simone/Desktop/Tiles/bolierplate/temp/vsoutput/core/core.a(wiring_analog.c.o)
                0x00000000000252cc                analogWrite
 .text.pinMode  0x0000000000025588       0x74 /Users/Simone/Desktop/Tiles/bolierplate/temp/vsoutput/core/core.a(wiring_digital.c.o)
                0x0000000000025588                pinMode
 .text.digitalWrite
                0x00000000000255fc       0x38 /Users/Simone/Desktop/Tiles/bolierplate/temp/vsoutput/core/core.a(wiring_digital.c.o)
                0x00000000000255fc                digitalWrite
 .text.digitalRead
                0x0000000000025634       0x2c /Users/Simone/Desktop/Tiles/bolierplate/temp/vsoutput/core/core.a(wiring_digital.c.o)
                0x0000000000025634                digitalRead
 .text._ZN5Print5writeEPKhj
                0x0000000000025660       0x22 /Users/Simone/Desktop/Tiles/bolierplate/temp/vsoutput/core/core.a(Print.cpp.o)
                0x0000000000025660                Print::write(unsigned char const*, unsigned int)
 .text._ZN5Print5printEmi.part.2
                0x0000000000025682        0xc /Users/Simone/Desktop/Tiles/bolierplate/temp/vsoutput/core/core.a(Print.cpp.o)
 .text._ZN5Print5writeEPKc
                0x000000000002568e       0x20 /Users/Simone/Desktop/Tiles/bolierplate/temp/vsoutput/core/core.a(Print.cpp.o)
                0x000000000002568e                Print::write(char const*)
 .text._ZN5Print5printERK6String
                0x00000000000256ae       0x32 /Users/Simone/Desktop/Tiles/bolierplate/temp/vsoutput/core/core.a(Print.cpp.o)
                0x00000000000256ae                Print::print(String const&)
 .text._ZN5Print5printEPKc
                0x00000000000256e0        0x8 /Users/Simone/Desktop/Tiles/bolierplate/temp/vsoutput/core/core.a(Print.cpp.o)
                0x00000000000256e0                Print::print(char const*)
 .text._ZN5Print5printEc
                0x00000000000256e8        0xa /Users/Simone/Desktop/Tiles/bolierplate/temp/vsoutput/core/core.a(Print.cpp.o)
                0x00000000000256e8                Print::print(char)
 .text._ZN5Print7printlnEv
                0x00000000000256f2       0x18 /Users/Simone/Desktop/Tiles/bolierplate/temp/vsoutput/core/core.a(Print.cpp.o)
                0x00000000000256f2                Print::println()
 .text._ZN5Print7printlnERK6String
                0x000000000002570a       0x14 /Users/Simone/Desktop/Tiles/bolierplate/temp/vsoutput/core/core.a(Print.cpp.o)
                0x000000000002570a                Print::println(String const&)
 .text._ZN5Print7printlnEPKc
                0x000000000002571e       0x14 /Users/Simone/Desktop/Tiles/bolierplate/temp/vsoutput/core/core.a(Print.cpp.o)
                0x000000000002571e                Print::println(char const*)
 .text._ZN5Print11printNumberEmh
                0x0000000000025732       0x4e /Users/Simone/Desktop/Tiles/bolierplate/temp/vsoutput/core/core.a(Print.cpp.o)
                0x0000000000025732                Print::printNumber(unsigned long, unsigned char)
 .text._ZN5Print5printEmi
                0x0000000000025780       0x14 /Users/Simone/Desktop/Tiles/bolierplate/temp/vsoutput/core/core.a(Print.cpp.o)
                0x0000000000025780                Print::print(unsigned long, int)
 .text._ZN5Print7printlnEhi
                0x0000000000025794       0x14 /Users/Simone/Desktop/Tiles/bolierplate/temp/vsoutput/core/core.a(Print.cpp.o)
                0x0000000000025794                Print::println(unsigned char, int)
 .text._ZN5Print7printlnEji
                0x00000000000257a8       0x14 /Users/Simone/Desktop/Tiles/bolierplate/temp/vsoutput/core/core.a(Print.cpp.o)
                0x00000000000257a8                Print::println(unsigned int, int)
 .text._ZN5Print5printEli
                0x00000000000257bc       0x3c /Users/Simone/Desktop/Tiles/bolierplate/temp/vsoutput/core/core.a(Print.cpp.o)
                0x00000000000257bc                Print::print(long, int)
 .text._ZN5Print7printlnEii
                0x00000000000257f8       0x14 /Users/Simone/Desktop/Tiles/bolierplate/temp/vsoutput/core/core.a(Print.cpp.o)
                0x00000000000257f8                Print::println(int, int)
 .text._ZN10RingBufferC2Ev
                0x000000000002580c       0x16 /Users/Simone/Desktop/Tiles/bolierplate/temp/vsoutput/core/core.a(RingBuffer.cpp.o)
                0x000000000002580c                RingBuffer::RingBuffer()
                0x000000000002580c                RingBuffer::RingBuffer()
 .text._ZN10RingBuffer10store_charEh
                0x0000000000025822       0x16 /Users/Simone/Desktop/Tiles/bolierplate/temp/vsoutput/core/core.a(RingBuffer.cpp.o)
                0x0000000000025822                RingBuffer::store_char(unsigned char)
 .text._ZN9UARTClasscvbEv
                0x0000000000025838        0x4 /Users/Simone/Desktop/Tiles/bolierplate/temp/vsoutput/core/core.a(UARTClass.cpp.o)
                0x0000000000025838                UARTClass::operator bool()
 .text._ZN9UARTClass5beginEm
                0x000000000002583c        0xe /Users/Simone/Desktop/Tiles/bolierplate/temp/vsoutput/core/core.a(UARTClass.cpp.o)
                0x000000000002583c                UARTClass::begin(unsigned long)
 .text._ZN9UARTClass9availableEv
                0x000000000002584a       0x10 /Users/Simone/Desktop/Tiles/bolierplate/temp/vsoutput/core/core.a(UARTClass.cpp.o)
                0x000000000002584a                UARTClass::available()
 .text._ZN9UARTClass4peekEv
                0x000000000002585a       0x16 /Users/Simone/Desktop/Tiles/bolierplate/temp/vsoutput/core/core.a(UARTClass.cpp.o)
                0x000000000002585a                UARTClass::peek()
 .text._ZN9UARTClass4readEv
                0x0000000000025870       0x20 /Users/Simone/Desktop/Tiles/bolierplate/temp/vsoutput/core/core.a(UARTClass.cpp.o)
                0x0000000000025870                UARTClass::read()
 .text._ZN9UARTClass5flushEv
                0x0000000000025890        0x8 /Users/Simone/Desktop/Tiles/bolierplate/temp/vsoutput/core/core.a(UARTClass.cpp.o)
                0x0000000000025890                UARTClass::flush()
 .text._ZN9UARTClass5beginEmhh
                0x0000000000025898       0x12 /Users/Simone/Desktop/Tiles/bolierplate/temp/vsoutput/core/core.a(UARTClass.cpp.o)
                0x0000000000025898                UARTClass::begin(unsigned long, unsigned char, unsigned char)
 .text._ZN9UARTClass3endEv
                0x00000000000258aa       0x10 /Users/Simone/Desktop/Tiles/bolierplate/temp/vsoutput/core/core.a(UARTClass.cpp.o)
                0x00000000000258aa                UARTClass::end()
 *fill*         0x00000000000258ba        0x2 
 .text._ZN9UARTClassC2EP10RingBufferS1_
                0x00000000000258bc       0x1c /Users/Simone/Desktop/Tiles/bolierplate/temp/vsoutput/core/core.a(UARTClass.cpp.o)
                0x00000000000258bc                UARTClass::UARTClass(RingBuffer*, RingBuffer*)
                0x00000000000258bc                UARTClass::UARTClass(RingBuffer*, RingBuffer*)
 .text._ZN9UARTClass2txEv
                0x00000000000258d8       0x2a /Users/Simone/Desktop/Tiles/bolierplate/temp/vsoutput/core/core.a(UARTClass.cpp.o)
                0x00000000000258d8                UARTClass::tx()
 *fill*         0x0000000000025902        0x2 
 .text._ZN9UARTClass5writeEh
                0x0000000000025904       0x44 /Users/Simone/Desktop/Tiles/bolierplate/temp/vsoutput/core/core.a(UARTClass.cpp.o)
                0x0000000000025904                UARTClass::write(unsigned char)
 .text._ZN9UARTClass10IrqHandlerEv
                0x0000000000025948       0x54 /Users/Simone/Desktop/Tiles/bolierplate/temp/vsoutput/core/core.a(UARTClass.cpp.o)