Archive member included because of file (symbol)

/Users/Simone/Library/Arduino15/packages/RFduino/hardware/RFduino/2.3.3/variants/RFduino/libRFduino.a(libRFduino.o)
                              /Users/Simone/Desktop/Tiles/bolierplate/temp/vsoutput/libraries/Wire/Wire.cpp.o (rfduino_ppi_channel_assign)
/Users/Simone/Library/Arduino15/packages/RFduino/hardware/RFduino/2.3.3/variants/RFduino/libRFduinoBLE.a(libRFduinoBLE.o)
                              /Users/Simone/Desktop/Tiles/bolierplate/temp/vsoutput/libraries/RFduinoBLE/RFduinoBLE.cpp.o (RFduinoBLE_begin)
/Users/Simone/Library/Arduino15/packages/RFduino/hardware/RFduino/2.3.3/variants/RFduino/libRFduinoBLE.a(ble_RFduino.o)
                              /Users/Simone/Library/Arduino15/packages/RFduino/hardware/RFduino/2.3.3/variants/RFduino/libRFduinoBLE.a(libRFduinoBLE.o) (ble_rfduino_on_ble_evt)
/Users/Simone/Library/Arduino15/packages/RFduino/hardware/RFduino/2.3.3/variants/RFduino/libRFduinoBLE.a(ble_advdata.o)
                              /Users/Simone/Library/Arduino15/packages/RFduino/hardware/RFduino/2.3.3/variants/RFduino/libRFduinoBLE.a(libRFduinoBLE.o) (ble_advdata_set)
/Users/Simone/Library/Arduino15/packages/RFduino/hardware/RFduino/2.3.3/variants/RFduino/libRFduinoBLE.a(ble_stack_handler.o)
                              /Users/Simone/Library/Arduino15/packages/RFduino/hardware/RFduino/2.3.3/variants/RFduino/libRFduinoBLE.a(libRFduinoBLE.o) (ble_stack_handler_init)
/Users/Simone/Library/Arduino15/packages/RFduino/hardware/RFduino/2.3.3/variants/RFduino/libRFduinoBLE.a(ble_bondmngr.o)
                              /Users/Simone/Library/Arduino15/packages/RFduino/hardware/RFduino/2.3.3/variants/RFduino/libRFduinoBLE.a(libRFduinoBLE.o) (ble_bondmngr_on_ble_evt)
/Users/Simone/Library/Arduino15/packages/RFduino/hardware/RFduino/2.3.3/variants/RFduino/libRFduinoBLE.a(ble_flash.o)
                              /Users/Simone/Library/Arduino15/packages/RFduino/hardware/RFduino/2.3.3/variants/RFduino/libRFduinoBLE.a(ble_bondmngr.o) (ble_flash_crc16_compute)
/Users/Simone/Library/Arduino15/packages/RFduino/hardware/RFduino/2.3.3/variants/RFduino/libRFduinoBLE.a(ble_radio_notification.o)
                              /Users/Simone/Library/Arduino15/packages/RFduino/hardware/RFduino/2.3.3/variants/RFduino/libRFduinoBLE.a(libRFduinoBLE.o) (ble_radio_notification_init)
/Users/Simone/Desktop/Tiles/bolierplate/temp/vsoutput/core/core.a(WInterrupts.c.o)
                              /Users/Simone/Desktop/Tiles/bolierplate/temp/vsoutput/sketch/boilerplate.ino.cpp.o (attachInterrupt)
/Users/Simone/Desktop/Tiles/bolierplate/temp/vsoutput/core/core.a(hooks.c.o)
                              /Users/Simone/Desktop/Tiles/bolierplate/temp/vsoutput/libraries/FastLED/FastLED.cpp.o (yield)
/Users/Simone/Desktop/Tiles/bolierplate/temp/vsoutput/core/core.a(wiring.c.o)
                              /Users/Simone/Desktop/Tiles/bolierplate/temp/vsoutput/core/variant.cpp.o (RTC1_Interrupt)
/Users/Simone/Desktop/Tiles/bolierplate/temp/vsoutput/core/core.a(wiring_analog.c.o)
                              /Users/Simone/Desktop/Tiles/bolierplate/temp/vsoutput/sketch/MATRIX.cpp.o (analogRead)
/Users/Simone/Desktop/Tiles/bolierplate/temp/vsoutput/core/core.a(wiring_digital.c.o)
                              /Users/Simone/Desktop/Tiles/bolierplate/temp/vsoutput/sketch/ADXL345.cpp.o (pinMode)
/Users/Simone/Desktop/Tiles/bolierplate/temp/vsoutput/core/core.a(Print.cpp.o)
                              /Users/Simone/Desktop/Tiles/bolierplate/temp/vsoutput/libraries/Wire/Wire.cpp.o (Print::write(unsigned char const*, unsigned int))
/Users/Simone/Desktop/Tiles/bolierplate/temp/vsoutput/core/core.a(RingBuffer.cpp.o)
                              /Users/Simone/Desktop/Tiles/bolierplate/temp/vsoutput/core/variant.cpp.o (RingBuffer::RingBuffer())
/Users/Simone/Desktop/Tiles/bolierplate/temp/vsoutput/core/core.a(UARTClass.cpp.o)
                              /Users/Simone/Desktop/Tiles/bolierplate/temp/vsoutput/sketch/boilerplate.ino.cpp.o (UARTClass::begin(unsigned long))
/Users/Simone/Desktop/Tiles/bolierplate/temp/vsoutput/core/core.a(WMath.cpp.o)
                              /Users/Simone/Desktop/Tiles/bolierplate/temp/vsoutput/sketch/MATRIX.cpp.o (randomSeed(unsigned long))
/Users/Simone/Desktop/Tiles/bolierplate/temp/vsoutput/core/core.a(WString.cpp.o)
                              /Users/Simone/Desktop/Tiles/bolierplate/temp/vsoutput/sketch/BLE_Handler.cpp.o (String::~String())
/Users/Simone/Desktop/Tiles/bolierplate/temp/vsoutput/core/core.a(main.cpp.o)
                              /Users/Simone/Library/Arduino15/packages/RFduino/tools/arm-none-eabi-gcc/4.8.3-2014q1/bin/../lib/gcc/arm-none-eabi/4.8.3/../../../../arm-none-eabi/lib/armv6-m/crt0.o (main)
/Users/Simone/Desktop/Tiles/bolierplate/temp/vsoutput/core/core.a(itoa.c.o)
                              /Users/Simone/Desktop/Tiles/bolierplate/temp/vsoutput/core/core.a(WString.cpp.o) (ltoa)
[...]
Memory Configuration

Name             Origin             Length             Attributes
rom              0x000000000001f000 0x0000000000020000 xr
ram              0x0000000020002000 0x0000000000002000 xrw
*default*        0x0000000000000000 0xffffffffffffffff

Linker script and memory map

LOAD /Users/Simone/Library/Arduino15/packages/RFduino/tools/arm-none-eabi-gcc/4.8.3-2014q1/bin/../lib/gcc/arm-none-eabi/4.8.3/armv6-m/crti.o
LOAD /Users/Simone/Library/Arduino15/packages/RFduino/tools/arm-none-eabi-gcc/4.8.3-2014q1/bin/../lib/gcc/arm-none-eabi/4.8.3/armv6-m/crtbegin.o
LOAD /Users/Simone/Library/Arduino15/packages/RFduino/tools/arm-none-eabi-gcc/4.8.3-2014q1/bin/../lib/gcc/arm-none-eabi/4.8.3/../../../../arm-none-eabi/lib/armv6-m/crt0.o
START GROUP
LOAD /Users/Simone/Desktop/Tiles/bolierplate/temp/vsoutput/core/syscalls.c.o
LOAD /Users/Simone/Desktop/Tiles/bolierplate/temp/vsoutput/sketch/ADXL345.cpp.o
LOAD /Users/Simone/Desktop/Tiles/bolierplate/temp/vsoutput/sketch/BLE_Handler.cpp.o
LOAD /Users/Simone/Desktop/Tiles/bolierplate/temp/vsoutput/sketch/CAP1188.cpp.o
LOAD /Users/Simone/Desktop/Tiles/bolierplate/temp/vsoutput/sketch/Feedbacks_Handler.cpp.o
LOAD /Users/Simone/Desktop/Tiles/bolierplate/temp/vsoutput/sketch/Haptic.cpp.o
LOAD /Users/Simone/Desktop/Tiles/bolierplate/temp/vsoutput/sketch/LSM9DS0.cpp.o
LOAD /Users/Simone/Desktop/Tiles/bolierplate/temp/vsoutput/sketch/MATRIX.cpp.o
LOAD /Users/Simone/Desktop/Tiles/bolierplate/temp/vsoutput/sketch/NEO_STRIP.cpp.o
LOAD /Users/Simone/Desktop/Tiles/bolierplate/temp/vsoutput/sketch/RGB_LED.cpp.o
LOAD /Users/Simone/Desktop/Tiles/bolierplate/temp/vsoutput/sketch/Sensors_Handler.cpp.o
LOAD /Users/Simone/Desktop/Tiles/bolierplate/temp/vsoutput/sketch/boilerplate.ino.cpp.o
LOAD /Users/Simone/Desktop/Tiles/bolierplate/temp/vsoutput/libraries/Wire/Wire.cpp.o
LOAD /Users/Simone/Desktop/Tiles/bolierplate/temp/vsoutput/libraries/RFduinoBLE/RFduinoBLE.cpp.o
LOAD /Users/Simone/Desktop/Tiles/bolierplate/temp/vsoutput/libraries/FastLED/FastLED.cpp.o
LOAD /Users/Simone/Desktop/Tiles/bolierplate/temp/vsoutput/libraries/FastLED/bitswap.cpp.o
LOAD /Users/Simone/Desktop/Tiles/bolierplate/temp/vsoutput/libraries/FastLED/colorpalettes.cpp.o
LOAD /Users/Simone/Desktop/Tiles/bolierplate/temp/vsoutput/libraries/FastLED/colorutils.cpp.o
LOAD /Users/Simone/Desktop/Tiles/bolierplate/temp/vsoutput/libraries/FastLED/hsv2rgb.cpp.o
LOAD /Users/Simone/Desktop/Tiles/bolierplate/temp/vsoutput/libraries/FastLED/lib8tion.cpp.o
LOAD /Users/Simone/Desktop/Tiles/bolierplate/temp/vsoutput/libraries/FastLED/noise.cpp.o
LOAD /Users/Simone/Desktop/Tiles/bolierplate/temp/vsoutput/libraries/FastLED/power_mgt.cpp.o
LOAD /Users/Simone/Desktop/Tiles/bolierplate/temp/vsoutput/libraries/FastLED/wiring.cpp.o
LOAD /Users/Simone/Desktop/Tiles/bolierplate/temp/vsoutput/libraries/Adafruit_GFX/glcdfont.c.o
LOAD /Users/Simone/Desktop/Tiles/bolierplate/temp/vsoutput/libraries/Adafruit_GFX/Adafruit_GFX.cpp.o
LOAD /Users/Simone/Desktop/Tiles/bolierplate/temp/vsoutput/libraries/Adafruit_LEDBackpack/Adafruit_LEDBackpack.cpp.o
LOAD /Users/Simone/Desktop/Tiles/bolierplate/temp/vsoutput/libraries/Adafruit_ADXL345_U/Adafruit_ADXL345_U.cpp.o
LOAD /Users/Simone/Desktop/Tiles/bolierplate/temp/vsoutput/libraries/Adafruit_LSM9DS0/Adafruit_LSM9DS0.cpp.o
LOAD /Users/Simone/Desktop/Tiles/bolierplate/temp/vsoutput/libraries/SPI/SPI.cpp.o
LOAD /Users/Simone/Desktop/Tiles/bolierplate/temp/vsoutput/libraries/Adafruit_CAP1188_Library/Adafruit_CAP1188.cpp.o
LOAD /Users/Simone/Desktop/Tiles/bolierplate/temp/vsoutput/core/variant.cpp.o
LOAD /Users/Simone/Library/Arduino15/packages/RFduino/hardware/RFduino/2.3.3/variants/RFduino/libRFduinoSystem.a
LOAD /Users/Simone/Library/Arduino15/packages/RFduino/hardware/RFduino/2.3.3/variants/RFduino/libRFduino.a
LOAD /Users/Simone/Library/Arduino15/packages/RFduino/hardware/RFduino/2.3.3/variants/RFduino/libRFduinoBLE.a
LOAD /Users/Simone/Library/Arduino15/packages/RFduino/hardware/RFduino/2.3.3/variants/RFduino/libRFduinoGZLL.a
LOAD /Users/Simone/Desktop/Tiles/bolierplate/temp/vsoutput/core/core.a
END GROUP
LOAD /Users/Simone/Library/Arduino15/packages/RFduino/tools/arm-none-eabi-gcc/4.8.3-2014q1/bin/../lib/gcc/arm-none-eabi/4.8.3/../../../../arm-none-eabi/lib/armv6-m/libstdc++_s.a
LOAD /Users/Simone/Library/Arduino15/packages/RFduino/tools/arm-none-eabi-gcc/4.8.3-2014q1/bin/../lib/gcc/arm-none-eabi/4.8.3/../../../../arm-none-eabi/lib/armv6-m/libm.a
START GROUP
LOAD /Users/Simone/Library/Arduino15/packages/RFduino/tools/arm-none-eabi-gcc/4.8.3-2014q1/bin/../lib/gcc/arm-none-eabi/4.8.3/armv6-m/libgcc.a
LOAD /Users/Simone/Library/Arduino15/packages/RFduino/tools/arm-none-eabi-gcc/4.8.3-2014q1/bin/../lib/gcc/arm-none-eabi/4.8.3/../../../../arm-none-eabi/lib/armv6-m/libc_s.a
END GROUP
START GROUP
LOAD /Users/Simone/Library/Arduino15/packages/RFduino/tools/arm-none-eabi-gcc/4.8.3-2014q1/bin/../lib/gcc/arm-none-eabi/4.8.3/armv6-m/libgcc.a
LOAD /Users/Simone/Library/Arduino15/packages/RFduino/tools/arm-none-eabi-gcc/4.8.3-2014q1/bin/../lib/gcc/arm-none-eabi/4.8.3/../../../../arm-none-eabi/lib/armv6-m/libc_s.a
END GROUP
LOAD /Users/Simone/Library/Arduino15/packages/RFduino/tools/arm-none-eabi-gcc/4.8.3-2014q1/bin/../lib/gcc/arm-none-eabi/4.8.3/armv6-m/crtend.o
LOAD /Users/Simone/Library/Arduino15/packages/RFduino/tools/arm-none-eabi-gcc/4.8.3-2014q1/bin/../lib/gcc/arm-none-eabi/4.8.3/armv6-m/crtn.o

.text           0x000000000001f000     0xb054
                0x000000000001f000                . = ALIGN (0x4)
                0x000000000001f000                _sfixed = .
 *(.vectors .vectors.*)
 .vectors       0x000000000001f000       0xc0 /Users/Simone/Library/Arduino15/packages/RFduino/hardware/RFduino/2.3.3/variants/RFduino/libRFduinoSystem.a(startup_nrf51822.o)
                0x000000000001f000                vector_table
 *(.text .text.* .gnu.linkonce.t.*)
 .text          0x000000000001f0c0       0x60 /Users/Simone/Library/Arduino15/packages/RFduino/tools/arm-none-eabi-gcc/4.8.3-2014q1/bin/../lib/gcc/arm-none-eabi/4.8.3/armv6-m/crtbegin.o
 .text._sbrk    0x000000000001f120       0x20 /Users/Simone/Desktop/Tiles/bolierplate/temp/vsoutput/core/syscalls.c.o
                0x000000000001f120                _sbrk
 .text._close   0x000000000001f140        0x6 /Users/Simone/Desktop/Tiles/bolierplate/temp/vsoutput/core/syscalls.c.o
                0x000000000001f140                _close
 .text._fstat   0x000000000001f146        0xa /Users/Simone/Desktop/Tiles/bolierplate/temp/vsoutput/core/syscalls.c.o
                0x000000000001f146                _fstat
 .text._isatty  0x000000000001f150        0x4 /Users/Simone/Desktop/Tiles/bolierplate/temp/vsoutput/core/syscalls.c.o
                0x000000000001f150                _isatty
 .text._lseek   0x000000000001f154        0x4 /Users/Simone/Desktop/Tiles/bolierplate/temp/vsoutput/core/syscalls.c.o
                0x000000000001f154                _lseek
 .text._read    0x000000000001f158        0x4 /Users/Simone/Desktop/Tiles/bolierplate/temp/vsoutput/core/syscalls.c.o
                0x000000000001f158                _read
 .text._write   0x000000000001f15c       0x20 /Users/Simone/Desktop/Tiles/bolierplate/temp/vsoutput/core/syscalls.c.o
                0x000000000001f15c                _write
 .text._exit    0x000000000001f17c       0x10 /Users/Simone/Desktop/Tiles/bolierplate/temp/vsoutput/core/syscalls.c.o
                0x000000000001f17c                _exit
 .text._kill    0x000000000001f18c        0x2 /Users/Simone/Desktop/Tiles/bolierplate/temp/vsoutput/core/syscalls.c.o
                0x000000000001f18c                _kill
 .text._getpid  0x000000000001f18e        0x6 /Users/Simone/Desktop/Tiles/bolierplate/temp/vsoutput/core/syscalls.c.o
                0x000000000001f18e                _getpid
 .text._ZN15Adafruit_SensorD2Ev
                0x000000000001f194        0xc /Users/Simone/Desktop/Tiles/bolierplate/temp/vsoutput/sketch/ADXL345.cpp.o
                0x000000000001f194                Adafruit_Sensor::~Adafruit_Sensor()
                0x000000000001f194                Adafruit_Sensor::~Adafruit_Sensor()
 .text._ZN15Adafruit_Sensor15enableAutoRangeEb
                0x000000000001f1a0        0x2 /Users/Simone/Desktop/Tiles/bolierplate/temp/vsoutput/sketch/ADXL345.cpp.o
                0x000000000001f1a0                Adafruit_Sensor::enableAutoRange(bool)
 *fill*         0x000000000001f1a2        0x2 
 .text._ZN15Adafruit_SensorD0Ev
                0x000000000001f1a4       0x14 /Users/Simone/Desktop/Tiles/bolierplate/temp/vsoutput/sketch/ADXL345.cpp.o
                0x000000000001f1a4                Adafruit_Sensor::~Adafruit_Sensor()
 .text._ZN7ADXL3458isTappedEv
                0x000000000001f1b8       0x24 /Users/Simone/Desktop/Tiles/bolierplate/temp/vsoutput/sketch/ADXL345.cpp.o
                0x000000000001f1b8                ADXL345::isTapped()
 .text._ZN7ADXL34514isDoubleTappedEv
                0x000000000001f1dc       0x24 /Users/Simone/Desktop/Tiles/bolierplate/temp/vsoutput/sketch/ADXL345.cpp.o
                0x000000000001f1dc                ADXL345::isDoubleTapped()
 .text._ZN7ADXL34513RefreshValuesEv
                0x000000000001f200      0x1a0 /Users/Simone/Desktop/Tiles/bolierplate/temp/vsoutput/sketch/ADXL345.cpp.o
                0x000000000001f200                ADXL345::RefreshValues()
 .text._ZN7ADXL345C2Ei
                0x000000000001f3a0      0x174 /Users/Simone/Desktop/Tiles/bolierplate/temp/vsoutput/sketch/ADXL345.cpp.o
                0x000000000001f3a0                ADXL345::ADXL345(int)
                0x000000000001f3a0                ADXL345::ADXL345(int)
 .text._ZNK10StackArrayIP5TokenE4exitEPKc.isra.4
                0x000000000001f514       0x30 /Users/Simone/Desktop/Tiles/bolierplate/temp/vsoutput/sketch/BLE_Handler.cpp.o
 .text.RFduinoBLE_onConnect
                0x000000000001f544        0xc /Users/Simone/Desktop/Tiles/bolierplate/temp/vsoutput/sketch/BLE_Handler.cpp.o
                0x000000000001f544                RFduinoBLE_onConnect
 .text.RFduinoBLE_onDisconnect
                0x000000000001f550        0xc /Users/Simone/Desktop/Tiles/bolierplate/temp/vsoutput/sketch/BLE_Handler.cpp.o
                0x000000000001f550                RFduinoBLE_onDisconnect
 .text._ZN5TokenC2Ev
                0x000000000001f55c       0x28 /Users/Simone/Desktop/Tiles/bolierplate/temp/vsoutput/sketch/BLE_Handler.cpp.o
                0x000000000001f55c                Token::Token()
                0x000000000001f55c                Token::Token()
 .text._ZN5TokenC2EPch
                0x000000000001f584      0x10c /Users/Simone/Desktop/Tiles/bolierplate/temp/vsoutput/sketch/BLE_Handler.cpp.o
                0x000000000001f584                Token::Token(char*, unsigned char)
                0x000000000001f584                Token::Token(char*, unsigned char)
 .text._ZN5Token14getEventStringEv
                0x000000000001f690       0x9c /Users/Simone/Desktop/Tiles/bolierplate/temp/vsoutput/sketch/BLE_Handler.cpp.o
                0x000000000001f690                Token::getEventString()
 .text._ZN11BLE_Handler9SendEventEP5Token
                0x000000000001f72c       0x54 /Users/Simone/Desktop/Tiles/bolierplate/temp/vsoutput/sketch/BLE_Handler.cpp.o
                0x000000000001f72c                BLE_Handler::SendEvent(Token*)
 .text._ZN5Token3setE6StringS0_S0_
                0x000000000001f780       0x22 /Users/Simone/Desktop/Tiles/bolierplate/temp/vsoutput/sketch/BLE_Handler.cpp.o
                0x000000000001f780                Token::set(String, String, String)
 *fill*         0x000000000001f7a2        0x2 
 .text._ZN10StackArrayIP5TokenEC2Ev
                0x000000000001f7a4       0x2c /Users/Simone/Desktop/Tiles/bolierplate/temp/vsoutput/sketch/BLE_Handler.cpp.o
                0x000000000001f7a4                StackArray<Token*>::StackArray()
                0x000000000001f7a4                StackArray<Token*>::StackArray()
 .text._ZN11BLE_HandlerC2Ev
                0x000000000001f7d0       0x74 /Users/Simone/Desktop/Tiles/bolierplate/temp/vsoutput/sketch/BLE_Handler.cpp.o
                0x000000000001f7d0                BLE_Handler::BLE_Handler()
                0x000000000001f7d0                BLE_Handler::BLE_Handler()
 .text._ZN10StackArrayIP5TokenE6resizeEi
                0x000000000001f844       0x30 /Users/Simone/Desktop/Tiles/bolierplate/temp/vsoutput/sketch/BLE_Handler.cpp.o
                0x000000000001f844                StackArray<Token*>::resize(int)
 .text._ZN10StackArrayIP5TokenE4pushES1_
                0x000000000001f874       0x22 /Users/Simone/Desktop/Tiles/bolierplate/temp/vsoutput/sketch/BLE_Handler.cpp.o
                0x000000000001f874                StackArray<Token*>::push(Token*)
 .text._ZN11BLE_Handler12ReceiveEventEPci
                0x000000000001f896       0x24 /Users/Simone/Desktop/Tiles/bolierplate/temp/vsoutput/sketch/BLE_Handler.cpp.o
                0x000000000001f896                BLE_Handler::ReceiveEvent(char*, int)
 *fill*         0x000000000001f8ba        0x2 
 .text.RFduinoBLE_onReceive
                0x000000000001f8bc       0x14 /Users/Simone/Desktop/Tiles/bolierplate/temp/vsoutput/sketch/BLE_Handler.cpp.o
                0x000000000001f8bc                RFduinoBLE_onReceive
 .text._ZN11BLE_Handler13ProcessEventsEv
                0x000000000001f8d0      0x14c /Users/Simone/Desktop/Tiles/bolierplate/temp/vsoutput/sketch/BLE_Handler.cpp.o
                0x000000000001f8d0                BLE_Handler::ProcessEvents()
 .text._ZN7CAP1188C2Ei
                0x000000000001fa1c       0x78 /Users/Simone/Desktop/Tiles/bolierplate/temp/vsoutput/sketch/CAP1188.cpp.o
                0x000000000001fa1c                CAP1188::CAP1188(int)
                0x000000000001fa1c                CAP1188::CAP1188(int)
 .text._ZN7CAP11889isTouchedEv
                0x000000000001fa94       0x38 /Users/Simone/Desktop/Tiles/bolierplate/temp/vsoutput/sketch/CAP1188.cpp.o
                0x000000000001fa94                CAP1188::isTouched()
 .text._ZN17Feedbacks_HandlerC2Ev
                0x000000000001facc        0xc /Users/Simone/Desktop/Tiles/bolierplate/temp/vsoutput/sketch/Feedbacks_Handler.cpp.o
                0x000000000001facc                Feedbacks_Handler::Feedbacks_Handler()
                0x000000000001facc                Feedbacks_Handler::Feedbacks_Handler()
 .text._ZN17Feedbacks_Handler12setNEO_STRIPEP9NEO_STRIP
                0x000000000001fad8        0x8 /Users/Simone/Desktop/Tiles/bolierplate/temp/vsoutput/sketch/Feedbacks_Handler.cpp.o
                0x000000000001fad8                Feedbacks_Handler::setNEO_STRIP(NEO_STRIP*)
 .text._ZN17Feedbacks_Handler9setMATRIXEP6MATRIX
                0x000000000001fae0        0x8 /Users/Simone/Desktop/Tiles/bolierplate/temp/vsoutput/sketch/Feedbacks_Handler.cpp.o
                0x000000000001fae0                Feedbacks_Handler::setMATRIX(MATRIX*)
 .text._ZN17Feedbacks_Handler11startGazingEv
                0x000000000001fae8        0xa /Users/Simone/Desktop/Tiles/bolierplate/temp/vsoutput/sketch/Feedbacks_Handler.cpp.o
                0x000000000001fae8                Feedbacks_Handler::startGazing()
 .text._ZN17Feedbacks_Handler10stopGazingEv
                0x000000000001faf2        0xa /Users/Simone/Desktop/Tiles/bolierplate/temp/vsoutput/sketch/Feedbacks_Handler.cpp.o
                0x000000000001faf2                Feedbacks_Handler::stopGazing()
 .text._ZN17Feedbacks_Handler8setColorE6String
                0x000000000001fafc       0x38 /Users/Simone/Desktop/Tiles/bolierplate/temp/vsoutput/sketch/Feedbacks_Handler.cpp.o
                0x000000000001fafc                Feedbacks_Handler::setColor(String)
 .text._ZN17Feedbacks_Handler14UpdateFeedbackEv
                0x000000000001fb34       0x1e /Users/Simone/Desktop/Tiles/bolierplate/temp/vsoutput/sketch/Feedbacks_Handler.cpp.o
                0x000000000001fb34                Feedbacks_Handler::UpdateFeedback()
 .text._ZN17Feedbacks_Handler10HandleTimeEj
                0x000000000001fb52       0x22 /Users/Simone/Desktop/Tiles/bolierplate/temp/vsoutput/sketch/Feedbacks_Handler.cpp.o
                0x000000000001fb52                Feedbacks_Handler::HandleTime(unsigned int)
 .text._ZN6Haptic11StopVibrateEv
                0x000000000001fb74       0x12 /Users/Simone/Desktop/Tiles/bolierplate/temp/vsoutput/sketch/Haptic.cpp.o
                0x000000000001fb74                Haptic::StopVibrate()
 .text._ZN6Haptic10HandleTimeEj
                0x000000000001fb86        0x8 /Users/Simone/Desktop/Tiles/bolierplate/temp/vsoutput/sketch/Haptic.cpp.o
                0x000000000001fb86                Haptic::HandleTime(unsigned int)
 .text._ZN6Haptic13RefreshValuesEv
                0x000000000001fb8e       0x1c /Users/Simone/Desktop/Tiles/bolierplate/temp/vsoutput/sketch/Haptic.cpp.o
                0x000000000001fb8e                Haptic::RefreshValues()
 .text._ZN7LSM9DS010HandleTimeEj
                0x000000000001fbaa       0x36 /Users/Simone/Desktop/Tiles/bolierplate/temp/vsoutput/sketch/LSM9DS0.cpp.o
                0x000000000001fbaa                LSM9DS0::HandleTime(unsigned int)
 .text._ZN7LSM9DS09isRotatedEv
                0x000000000001fbe0       0x28 /Users/Simone/Desktop/Tiles/bolierplate/temp/vsoutput/sketch/LSM9DS0.cpp.o
                0x000000000001fbe0                LSM9DS0::isRotated()
 .text._ZN7LSM9DS08isShakedEv
                0x000000000001fc08       0x10 /Users/Simone/Desktop/Tiles/bolierplate/temp/vsoutput/sketch/LSM9DS0.cpp.o
                0x000000000001fc08                LSM9DS0::isShaked()
 .text._ZN7LSM9DS08isTappedEv
                0x000000000001fc18       0x10 /Users/Simone/Desktop/Tiles/bolierplate/temp/vsoutput/sketch/LSM9DS0.cpp.o
                0x000000000001fc18                LSM9DS0::isTapped()
 .text._ZN7LSM9DS014isDoubleTappedEv
                0x000000000001fc28       0x10 /Users/Simone/Desktop/Tiles/bolierplate/temp/vsoutput/sketch/LSM9DS0.cpp.o
                0x000000000001fc28                LSM9DS0::isDoubleTapped()
 .text._ZN7LSM9DS08isTiltedEv
                0x000000000001fc38       0x16 /Users/Simone/Desktop/Tiles/bolierplate/temp/vsoutput/sketch/LSM9DS0.cpp.o
                0x000000000001fc38                LSM9DS0::isTilted()
 *fill*         0x000000000001fc4e        0x2 
 .text._ZN7LSM9DS013RefreshValuesEv
                0x000000000001fc50      0x388 /Users/Simone/Desktop/Tiles/bolierplate/temp/vsoutput/sketch/LSM9DS0.cpp.o
                0x000000000001fc50                LSM9DS0::RefreshValues()
 .text._ZN7LSM9DS0C2Ev
                0x000000000001ffd8      0x134 /Users/Simone/Desktop/Tiles/bolierplate/temp/vsoutput/sketch/LSM9DS0.cpp.o
                0x000000000001ffd8                LSM9DS0::LSM9DS0()
                0x000000000001ffd8                LSM9DS0::LSM9DS0()
 .text._ZN6MATRIXC2Ei
                0x000000000002010c       0x84 /Users/Simone/Desktop/Tiles/bolierplate/temp/vsoutput/sketch/MATRIX.cpp.o
                0x000000000002010c                MATRIX::MATRIX(int)
                0x000000000002010c                MATRIX::MATRIX(int)
 .text._ZN6MATRIX12start_gazingEv
                0x0000000000020190        0x8 /Users/Simone/Desktop/Tiles/bolierplate/temp/vsoutput/sketch/MATRIX.cpp.o
                0x0000000000020190                MATRIX::start_gazing()
 .text._ZN6MATRIX11stop_gazingEv
                0x0000000000020198        0x8 /Users/Simone/Desktop/Tiles/bolierplate/temp/vsoutput/sketch/MATRIX.cpp.o
                0x0000000000020198                MATRIX::stop_gazing()
 .text._ZN6MATRIX10HandleTimeEj
                0x00000000000201a0        0x8 /Users/Simone/Desktop/Tiles/bolierplate/temp/vsoutput/sketch/MATRIX.cpp.o
                0x00000000000201a0                MATRIX::HandleTime(unsigned int)
 .text._ZN6MATRIX6gazingEv
                0x00000000000201a8      0x15c /Users/Simone/Desktop/Tiles/bolierplate/temp/vsoutput/sketch/MATRIX.cpp.o
                0x00000000000201a8                MATRIX::gazing()
 .text._ZN6MATRIX13RefreshValuesEv
                0x0000000000020304       0x1e /Users/Simone/Desktop/Tiles/bolierplate/temp/vsoutput/sketch/MATRIX.cpp.o
                0x0000000000020304                MATRIX::RefreshValues()
 .text._ZN14CLEDController4sizeEv
                0x0000000000020322        0x4 /Users/Simone/Desktop/Tiles/bolierplate/temp/vsoutput/sketch/NEO_STRIP.cpp.o
                0x0000000000020322                CLEDController::size()
 .text._ZN14CLEDController9clearLedsEi
                0x0000000000020326       0x20 /Users/Simone/Desktop/Tiles/bolierplate/temp/vsoutput/sketch/NEO_STRIP.cpp.o
                0x0000000000020326                CLEDController::clearLeds(int)
 *fill*         0x0000000000020346        0x2 
 .text._ZN19ClocklessControllerILh2ELi4ELi10ELi6EL6EOrder66ELi0ELb0ELi75EE4initEv
                0x0000000000020348       0x10 /Users/Simone/Desktop/Tiles/bolierplate/temp/vsoutput/sketch/NEO_STRIP.cpp.o
                0x0000000000020348                ClocklessController<(unsigned char)2, 4, 10, 6, (EOrder)66, 0, false, 75>::init()
 .text._ZNK19ClocklessControllerILh2ELi4ELi10ELi6EL6EOrder66ELi0ELb0ELi75EE17getMaxRefreshRateEv
                0x0000000000020358        0x6 /Users/Simone/Desktop/Tiles/bolierplate/temp/vsoutput/sketch/NEO_STRIP.cpp.o
                0x0000000000020358                ClocklessController<(unsigned char)2, 4, 10, 6, (EOrder)66, 0, false, 75>::getMaxRefreshRate() const
 .text._ZN8CFastLED4showEv
                0x000000000002035e        0xa /Users/Simone/Desktop/Tiles/bolierplate/temp/vsoutput/sketch/NEO_STRIP.cpp.o
                0x000000000002035e                CFastLED::show()
 .text._ZN9NEO_STRIPC2Ev
                0x0000000000020368       0xa0 /Users/Simone/Desktop/Tiles/bolierplate/temp/vsoutput/sketch/NEO_STRIP.cpp.o
                0x0000000000020368                NEO_STRIP::NEO_STRIP()
                0x0000000000020368                NEO_STRIP::NEO_STRIP()
 .text._ZN9NEO_STRIP8setColorE6String
                0x0000000000020408       0x98 /Users/Simone/Desktop/Tiles/bolierplate/temp/vsoutput/sketch/NEO_STRIP.cpp.o
                0x0000000000020408                NEO_STRIP::setColor(String)
 .text._ZN15PixelControllerIL6EOrder66ELi1ELm4294967295EEC2ERKS1_
                0x00000000000204a0       0x3e /Users/Simone/Desktop/Tiles/bolierplate/temp/vsoutput/sketch/NEO_STRIP.cpp.o
                0x00000000000204a0                PixelController<(EOrder)66, 1, 4294967295ul>::PixelController(PixelController<(EOrder)66, 1, 4294967295ul> const&)
                0x00000000000204a0                PixelController<(EOrder)66, 1, 4294967295ul>::PixelController(PixelController<(EOrder)66, 1, 4294967295ul> const&)
 .text._ZN15PixelControllerIL6EOrder66ELi1ELm4294967295EE11initOffsetsEi
                0x00000000000204de        0x6 /Users/Simone/Desktop/Tiles/bolierplate/temp/vsoutput/sketch/NEO_STRIP.cpp.o
                0x00000000000204de                PixelController<(EOrder)66, 1, 4294967295ul>::initOffsets(int)
 .text._Z11showLedDataILi4ELi8ELi4ELi10ELi6EL6EOrder66ELi75EEiPVmmPKhmP15M0ClocklessData
                0x00000000000204e4      0x3a8 /Users/Simone/Desktop/Tiles/bolierplate/temp/vsoutput/sketch/NEO_STRIP.cpp.o
                0x00000000000204e4                int showLedData<4, 8, 4, 10, 6, (EOrder)66, 75>(unsigned long volatile*, unsigned long, unsigned char const*, unsigned long, M0ClocklessData*)
 .text._ZN19ClocklessControllerILh2ELi4ELi10ELi6EL6EOrder66ELi0ELb0ELi75EE15showRGBInternalE15PixelControllerILS0_66ELi1ELm4294967295EE
                0x000000000002088c       0x70 /Users/Simone/Desktop/Tiles/bolierplate/temp/vsoutput/sketch/NEO_STRIP.cpp.o
                0x000000000002088c                ClocklessController<(unsigned char)2, 4, 10, 6, (EOrder)66, 0, false, 75>::showRGBInternal(PixelController<(EOrder)66, 1, 4294967295ul>)
 .text._ZN19ClocklessControllerILh2ELi4ELi10ELi6EL6EOrder66ELi0ELb0ELi75EE10showPixelsER15PixelControllerILS0_66ELi1ELm4294967295EE
                0x00000000000208fc       0x4e /Users/Simone/Desktop/Tiles/bolierplate/temp/vsoutput/sketch/NEO_STRIP.cpp.o
                0x00000000000208fc                ClocklessController<(unsigned char)2, 4, 10, 6, (EOrder)66, 0, false, 75>::showPixels(PixelController<(EOrder)66, 1, 4294967295ul>&)
 *fill*         0x000000000002094a        0x2 
 .text._ZN15PixelControllerIL6EOrder66ELi1ELm4294967295EE21init_binary_ditheringEv
                0x000000000002094c       0x6c /Users/Simone/Desktop/Tiles/bolierplate/temp/vsoutput/sketch/NEO_STRIP.cpp.o
                0x000000000002094c                PixelController<(EOrder)66, 1, 4294967295ul>::init_binary_dithering()
 .text._ZN19CPixelLEDControllerIL6EOrder66ELi1ELm4294967295EE9showColorERK4CRGBiS2_
                0x00000000000209b8       0x52 /Users/Simone/Desktop/Tiles/bolierplate/temp/vsoutput/sketch/NEO_STRIP.cpp.o
                0x00000000000209b8                CPixelLEDController<(EOrder)66, 1, 4294967295ul>::showColor(CRGB const&, int, CRGB)
 .text._ZN19CPixelLEDControllerIL6EOrder66ELi1ELm4294967295EE4showEPK4CRGBiS2_
                0x0000000000020a0a       0x52 /Users/Simone/Desktop/Tiles/bolierplate/temp/vsoutput/sketch/NEO_STRIP.cpp.o
                0x0000000000020a0a                CPixelLEDController<(EOrder)66, 1, 4294967295ul>::show(CRGB const*, int, CRGB)
 .text._ZN7RGB_LED16parseColorStringE6StringRiS1_S1_
                0x0000000000020a5c       0x2c /Users/Simone/Desktop/Tiles/bolierplate/temp/vsoutput/sketch/RGB_LED.cpp.o
                0x0000000000020a5c                RGB_LED::parseColorString(String, int&, int&, int&)
 .text._ZN7RGB_LED12setRGBaColorEhhhf
                0x0000000000020a88       0x20 /Users/Simone/Desktop/Tiles/bolierplate/temp/vsoutput/sketch/RGB_LED.cpp.o
                0x0000000000020a88                RGB_LED::setRGBaColor(unsigned char, unsigned char, unsigned char, float)
 .text._ZN7RGB_LED8setColorE6String
                0x0000000000020aa8       0xe4 /Users/Simone/Desktop/Tiles/bolierplate/temp/vsoutput/sketch/RGB_LED.cpp.o
                0x0000000000020aa8                RGB_LED::setColor(String)
 .text._ZN15Sensors_HandlerC2EP11BLE_Handler
                0x0000000000020b8c       0x48 /Users/Simone/Desktop/Tiles/bolierplate/temp/vsoutput/sketch/Sensors_Handler.cpp.o
                0x0000000000020b8c                Sensors_Handler::Sensors_Handler(BLE_Handler*)
                0x0000000000020b8c                Sensors_Handler::Sensors_Handler(BLE_Handler*)
 .text._ZN15Sensors_Handler10HandleTimeEj
                0x0000000000020bd4       0x1c /Users/Simone/Desktop/Tiles/bolierplate/temp/vsoutput/sketch/Sensors_Handler.cpp.o
                0x0000000000020bd4                Sensors_Handler::HandleTime(unsigned int)
 .text._ZN15Sensors_Handler9pollEventEv
                0x0000000000020bf0      0x1fc /Users/Simone/Desktop/Tiles/bolierplate/temp/vsoutput/sketch/Sensors_Handler.cpp.o
                0x0000000000020bf0                Sensors_Handler::pollEvent()
 .text._ZN15Sensors_Handler16setAccelerometerEP7ADXL345
                0x0000000000020dec        0x8 /Users/Simone/Desktop/Tiles/bolierplate/temp/vsoutput/sketch/Sensors_Handler.cpp.o
                0x0000000000020dec                Sensors_Handler::setAccelerometer(ADXL345*)
 .text._ZN15Sensors_Handler18setInertialCentralEP7LSM9DS0
                0x0000000000020df4        0x8 /Users/Simone/Desktop/Tiles/bolierplate/temp/vsoutput/sketch/Sensors_Handler.cpp.o
                0x0000000000020df4                Sensors_Handler::setInertialCentral(LSM9DS0*)
 .text._ZN15Sensors_Handler14setTouchSensorEP7CAP1188
                0x0000000000020dfc       0x20 /Users/Simone/Desktop/Tiles/bolierplate/temp/vsoutput/sketch/Sensors_Handler.cpp.o
                0x0000000000020dfc                Sensors_Handler::setTouchSensor(CAP1188*)
 .text._ZN15Sensors_HandlerD2Ev
                0x0000000000020e1c        0xe /Users/Simone/Desktop/Tiles/bolierplate/temp/vsoutput/sketch/boilerplate.ino.cpp.o
                0x0000000000020e1c                Sensors_Handler::~Sensors_Handler()
                0x0000000000020e1c                Sensors_Handler::~Sensors_Handler()
 *fill*         0x0000000000020e2a        0x2 
 .text._Z8callbackm
                0x0000000000020e2c       0x24 /Users/Simone/Desktop/Tiles/bolierplate/temp/vsoutput/sketch/boilerplate.ino.cpp.o
                0x0000000000020e2c                callback(unsigned long)
 .text._Z16TIMER1_Interruptv
                0x0000000000020e50       0x34 /Users/Simone/Desktop/Tiles/bolierplate/temp/vsoutput/sketch/boilerplate.ino.cpp.o
                0x0000000000020e50                TIMER1_Interrupt()
 .text._ZN11BLE_HandlerD2Ev
                0x0000000000020e84       0x2c /Users/Simone/Desktop/Tiles/bolierplate/temp/vsoutput/sketch/boilerplate.ino.cpp.o
                0x0000000000020e84                BLE_Handler::~BLE_Handler()
                0x0000000000020e84                BLE_Handler::~BLE_Handler()
 .text.loop     0x0000000000020eb0       0x3c /Users/Simone/Desktop/Tiles/bolierplate/temp/vsoutput/sketch/boilerplate.ino.cpp.o
                0x0000000000020eb0                loop
 .text._Z12timer_configv
                0x0000000000020eec       0x5c /Users/Simone/Desktop/Tiles/bolierplate/temp/vsoutput/sketch/boilerplate.ino.cpp.o
                0x0000000000020eec                timer_config()
 .text.startup._GLOBAL__sub_I_number_of_ms
                0x0000000000020f48       0x4c /Users/Simone/Desktop/Tiles/bolierplate/temp/vsoutput/sketch/boilerplate.ino.cpp.o
 .text.setup    0x0000000000020f94      0x124 /Users/Simone/Desktop/Tiles/bolierplate/temp/vsoutput/sketch/boilerplate.ino.cpp.o
                0x0000000000020f94                setup
 .text._ZN7TwoWire5writeEPKhj
                0x00000000000210b8       0x54 /Users/Simone/Desktop/Tiles/bolierplate/temp/vsoutput/libraries/Wire/Wire.cpp.o
                0x00000000000210b8                TwoWire::write(unsigned char const*, unsigned int)
 .text._ZN7TwoWire9availableEv
                0x000000000002110c        0xe /Users/Simone/Desktop/Tiles/bolierplate/temp/vsoutput/libraries/Wire/Wire.cpp.o
                0x000000000002110c                TwoWire::available()
 .text._ZN7TwoWire4readEv
                0x000000000002111a       0x20 /Users/Simone/Desktop/Tiles/bolierplate/temp/vsoutput/libraries/Wire/Wire.cpp.o
                0x000000000002111a                TwoWire::read()
 .text._ZN7TwoWire4peekEv
                0x000000000002113a       0x1c /Users/Simone/Desktop/Tiles/bolierplate/temp/vsoutput/libraries/Wire/Wire.cpp.o
                0x000000000002113a                TwoWire::peek()
 .text._ZN7TwoWire5flushEv
                0x0000000000021156        0x2 /Users/Simone/Desktop/Tiles/bolierplate/temp/vsoutput/libraries/Wire/Wire.cpp.o
                0x0000000000021156                TwoWire::flush()
 .text._ZN7TwoWire5writeEh
                0x0000000000021158       0x3e /Users/Simone/Desktop/Tiles/bolierplate/temp/vsoutput/libraries/Wire/Wire.cpp.o
                0x0000000000021158                TwoWire::write(unsigned char)
 *fill*         0x0000000000021196        0x2 
 .text._ZN7TwoWireC2EP12NRF_TWI_Type
                0x0000000000021198       0x38 /Users/Simone/Desktop/Tiles/bolierplate/temp/vsoutput/libraries/Wire/Wire.cpp.o
                0x0000000000021198                TwoWire::TwoWire(NRF_TWI_Type*)
                0x0000000000021198                TwoWire::TwoWire(NRF_TWI_Type*)
 .text._ZN7TwoWire20twi_master_clear_busEv
                0x00000000000211d0       0xc4 /Users/Simone/Desktop/Tiles/bolierplate/temp/vsoutput/libraries/Wire/Wire.cpp.o
                0x00000000000211d0                TwoWire::twi_master_clear_bus()
 .text._ZN7TwoWire15twi_master_initEv
                0x0000000000021294       0xa8 /Users/Simone/Desktop/Tiles/bolierplate/temp/vsoutput/libraries/Wire/Wire.cpp.o
                0x0000000000021294                TwoWire::twi_master_init()
 .text._ZN7TwoWire23twi_peripheral_recoveryEv
                0x000000000002133c       0x34 /Users/Simone/Desktop/Tiles/bolierplate/temp/vsoutput/libraries/Wire/Wire.cpp.o
                0x000000000002133c                TwoWire::twi_peripheral_recovery()
 .text._ZN7TwoWire15twi_master_readEPhhh
                0x0000000000021370      0x140 /Users/Simone/Desktop/Tiles/bolierplate/temp/vsoutput/libraries/Wire/Wire.cpp.o
                0x0000000000021370                TwoWire::twi_master_read(unsigned char*, unsigned char, unsigned char)
 .text._ZN7TwoWire16twi_master_writeEPhhh
                0x00000000000214b0       0xb4 /Users/Simone/Desktop/Tiles/bolierplate/temp/vsoutput/libraries/Wire/Wire.cpp.o
                0x00000000000214b0                TwoWire::twi_master_write(unsigned char*, unsigned char, unsigned char)
 .text._ZN7TwoWire5beginEv
                0x0000000000021564       0x18 /Users/Simone/Desktop/Tiles/bolierplate/temp/vsoutput/libraries/Wire/Wire.cpp.o
                0x0000000000021564                TwoWire::begin()
 .text._ZN7TwoWire11requestFromEhhh
                0x000000000002157c       0x36 /Users/Simone/Desktop/Tiles/bolierplate/temp/vsoutput/libraries/Wire/Wire.cpp.o
                0x000000000002157c                TwoWire::requestFrom(unsigned char, unsigned char, unsigned char)
 .text._ZN7TwoWire11requestFromEhh
                0x00000000000215b2        0xa /Users/Simone/Desktop/Tiles/bolierplate/temp/vsoutput/libraries/Wire/Wire.cpp.o
                0x00000000000215b2                TwoWire::requestFrom(unsigned char, unsigned char)
 .text._ZN7TwoWire11requestFromEii
                0x00000000000215bc        0xe /Users/Simone/Desktop/Tiles/bolierplate/temp/vsoutput/libraries/Wire/Wire.cpp.o
                0x00000000000215bc                TwoWire::requestFrom(int, int)
 .text._ZN7TwoWire17beginTransmissionEh
                0x00000000000215ca       0x14 /Users/Simone/Desktop/Tiles/bolierplate/temp/vsoutput/libraries/Wire/Wire.cpp.o
                0x00000000000215ca                TwoWire::beginTransmission(unsigned char)
 .text._ZN7TwoWire17beginTransmissionEi
                0x00000000000215de       0x14 /Users/Simone/Desktop/Tiles/bolierplate/temp/vsoutput/libraries/Wire/Wire.cpp.o
                0x00000000000215de                TwoWire::beginTransmission(int)
 .text._ZN7TwoWire15endTransmissionEh
                0x00000000000215f2       0x3a /Users/Simone/Desktop/Tiles/bolierplate/temp/vsoutput/libraries/Wire/Wire.cpp.o
                0x00000000000215f2                TwoWire::endTransmission(unsigned char)
 .text._ZN7TwoWire15endTransmissionEv
                0x000000000002162c        0xa /Users/Simone/Desktop/Tiles/bolierplate/temp/vsoutput/libraries/Wire/Wire.cpp.o
                0x000000000002162c                TwoWire::endTransmission()
 *fill*         0x0000000000021636        0x2 
 .text.startup._GLOBAL__sub_I__ZN7TwoWireC2EP12NRF_TWI_Type
                0x0000000000021638       0x14 /Users/Simone/Desktop/Tiles/bolierplate/temp/vsoutput/libraries/Wire/Wire.cpp.o
 .text._ZN15RFduinoBLEClassC2Ev
                0x000000000002164c       0x68 /Users/Simone/Desktop/Tiles/bolierplate/temp/vsoutput/libraries/RFduinoBLE/RFduinoBLE.cpp.o
                0x000000000002164c                RFduinoBLEClass::RFduinoBLEClass()
                0x000000000002164c                RFduinoBLEClass::RFduinoBLEClass()
 .text._ZN15RFduinoBLEClass5beginEv
                0x00000000000216b4       0xbc /Users/Simone/Desktop/Tiles/bolierplate/temp/vsoutput/libraries/RFduinoBLE/RFduinoBLE.cpp.o
                0x00000000000216b4                RFduinoBLEClass::begin()
 .text._ZN15RFduinoBLEClass4sendEPKci
                0x0000000000021770        0xe /Users/Simone/Desktop/Tiles/bolierplate/temp/vsoutput/libraries/RFduinoBLE/RFduinoBLE.cpp.o
                0x0000000000021770                RFduinoBLEClass::send(char const*, int)
 *fill*         0x000000000002177e        0x2 
 .text.startup._GLOBAL__sub_I__ZN15RFduinoBLEClass11radioActiveE
                0x0000000000021780       0x10 /Users/Simone/Desktop/Tiles/bolierplate/temp/vsoutput/libraries/RFduinoBLE/RFduinoBLE.cpp.o
 .text._ZN14CLEDController13getAdjustmentEh
                0x0000000000021790       0x34 /Users/Simone/Desktop/Tiles/bolierplate/temp/vsoutput/libraries/FastLED/FastLED.cpp.o
                0x0000000000021790                CLEDController::getAdjustment(unsigned char)
 .text._ZN8CFastLED8countFPSEi
                0x00000000000217c4       0x40 /Users/Simone/Desktop/Tiles/bolierplate/temp/vsoutput/libraries/FastLED/FastLED.cpp.o
                0x00000000000217c4                CFastLED::countFPS(int)
 .text._ZN8CFastLED4showEh
                0x0000000000021804       0x84 /Users/Simone/Desktop/Tiles/bolierplate/temp/vsoutput/libraries/FastLED/FastLED.cpp.o
                0x0000000000021804                CFastLED::show(unsigned char)
 .text._ZN8CFastLED17setMaxRefreshRateEtb
                0x0000000000021888       0x34 /Users/Simone/Desktop/Tiles/bolierplate/temp/vsoutput/libraries/FastLED/FastLED.cpp.o
                0x0000000000021888                CFastLED::setMaxRefreshRate(unsigned short, bool)
 .text._ZN8CFastLED7addLedsEP14CLEDControllerP4CRGBii
                0x00000000000218bc       0x3c /Users/Simone/Desktop/Tiles/bolierplate/temp/vsoutput/libraries/FastLED/FastLED.cpp.o
                0x00000000000218bc                CFastLED::addLeds(CLEDController*, CRGB*, int, int)
 .text.__cxa_pure_virtual
                0x00000000000218f8        0x2 /Users/Simone/Desktop/Tiles/bolierplate/temp/vsoutput/libraries/FastLED/FastLED.cpp.o
                0x00000000000218f8                __cxa_pure_virtual
 .text.__cxa_guard_acquire
                0x00000000000218fa        0x8 /Users/Simone/Desktop/Tiles/bolierplate/temp/vsoutput/libraries/FastLED/FastLED.cpp.o
                0x00000000000218fa                __cxa_guard_acquire
 .text.__cxa_guard_release
                0x0000000000021902        0x6 /Users/Simone/Desktop/Tiles/bolierplate/temp/vsoutput/libraries/FastLED/FastLED.cpp.o
                0x0000000000021902                __cxa_guard_release
 .text.startup._GLOBAL__sub_I_pSmartMatrix
                0x0000000000021908       0x18 /Users/Simone/Desktop/Tiles/bolierplate/temp/vsoutput/libraries/FastLED/FastLED.cpp.o
 .text._ZN12Adafruit_GFX8drawLineEsssst
                0x0000000000021920       0xd4 /Users/Simone/Desktop/Tiles/bolierplate/temp/vsoutput/libraries/Adafruit_GFX/Adafruit_GFX.cpp.o
                0x0000000000021920                Adafruit_GFX::drawLine(short, short, short, short, unsigned short)
 .text._ZN12Adafruit_GFX8drawRectEsssst
                0x00000000000219f4       0x74 /Users/Simone/Desktop/Tiles/bolierplate/temp/vsoutput/libraries/Adafruit_GFX/Adafruit_GFX.cpp.o
                0x00000000000219f4                Adafruit_GFX::drawRect(short, short, short, short, unsigned short)
 .text._ZN12Adafruit_GFX13drawFastVLineEssst
                0x0000000000021a68       0x1e /Users/Simone/Desktop/Tiles/bolierplate/temp/vsoutput/libraries/Adafruit_GFX/Adafruit_GFX.cpp.o
                0x0000000000021a68                Adafruit_GFX::drawFastVLine(short, short, short, unsigned short)
 .text._ZN12Adafruit_GFX13drawFastHLineEssst
                0x0000000000021a86       0x18 /Users/Simone/Desktop/Tiles/bolierplate/temp/vsoutput/libraries/Adafruit_GFX/Adafruit_GFX.cpp.o
                0x0000000000021a86                Adafruit_GFX::drawFastHLine(short, short, short, unsigned short)
 .text._ZN12Adafruit_GFX8fillRectEsssst
                0x0000000000021a9e       0x42 /Users/Simone/Desktop/Tiles/bolierplate/temp/vsoutput/libraries/Adafruit_GFX/Adafruit_GFX.cpp.o
                0x0000000000021a9e                Adafruit_GFX::fillRect(short, short, short, short, unsigned short)
 .text._ZN12Adafruit_GFX10fillScreenEt
                0x0000000000021ae0       0x1a /Users/Simone/Desktop/Tiles/bolierplate/temp/vsoutput/libraries/Adafruit_GFX/Adafruit_GFX.cpp.o
                0x0000000000021ae0                Adafruit_GFX::fillScreen(unsigned short)
 .text._ZN12Adafruit_GFX13invertDisplayEh
                0x0000000000021afa        0x2 /Users/Simone/Desktop/Tiles/bolierplate/temp/vsoutput/libraries/Adafruit_GFX/Adafruit_GFX.cpp.o
                0x0000000000021afa                Adafruit_GFX::invertDisplay(unsigned char)
 .text._ZN12Adafruit_GFXC2Ess
                0x0000000000021afc       0x30 /Users/Simone/Desktop/Tiles/bolierplate/temp/vsoutput/libraries/Adafruit_GFX/Adafruit_GFX.cpp.o
                0x0000000000021afc                Adafruit_GFX::Adafruit_GFX(short, short)
                0x0000000000021afc                Adafruit_GFX::Adafruit_GFX(short, short)
 .text._ZN12Adafruit_GFX10drawBitmapEssPKhsst
                0x0000000000021b2c       0x84 /Users/Simone/Desktop/Tiles/bolierplate/temp/vsoutput/libraries/Adafruit_GFX/Adafruit_GFX.cpp.o
                0x0000000000021b2c                Adafruit_GFX::drawBitmap(short, short, unsigned char const*, short, short, unsigned short)
 .text._ZN12Adafruit_GFX8drawCharEsshtth
                0x0000000000021bb0      0x144 /Users/Simone/Desktop/Tiles/bolierplate/temp/vsoutput/libraries/Adafruit_GFX/Adafruit_GFX.cpp.o
                0x0000000000021bb0                Adafruit_GFX::drawChar(short, short, unsigned char, unsigned short, unsigned short, unsigned char)
 .text._ZN12Adafruit_GFX5writeEh
                0x0000000000021cf4       0x64 /Users/Simone/Desktop/Tiles/bolierplate/temp/vsoutput/libraries/Adafruit_GFX/Adafruit_GFX.cpp.o
                0x0000000000021cf4                Adafruit_GFX::write(unsigned char)
 .text._ZNK12Adafruit_GFX11getRotationEv
                0x0000000000021d58        0x4 /Users/Simone/Desktop/Tiles/bolierplate/temp/vsoutput/libraries/Adafruit_GFX/Adafruit_GFX.cpp.o
                0x0000000000021d58                Adafruit_GFX::getRotation() const
 .text._ZN12Adafruit_GFX11setRotationEh
                0x0000000000021d5c       0x1e /Users/Simone/Desktop/Tiles/bolierplate/temp/vsoutput/libraries/Adafruit_GFX/Adafruit_GFX.cpp.o
                0x0000000000021d5c                Adafruit_GFX::setRotation(unsigned char)
 .text._ZN18Adafruit_8x8matrix9drawPixelEsst
                0x0000000000021d7a       0x6c /Users/Simone/Desktop/Tiles/bolierplate/temp/vsoutput/libraries/Adafruit_LEDBackpack/Adafruit_LEDBackpack.cpp.o
                0x0000000000021d7a                Adafruit_8x8matrix::drawPixel(short, short, unsigned short)
 .text._ZN7TwoWire5writeEi
                0x0000000000021de6        0xc /Users/Simone/Desktop/Tiles/bolierplate/temp/vsoutput/libraries/Adafruit_LEDBackpack/Adafruit_LEDBackpack.cpp.o
                0x0000000000021de6                TwoWire::write(int)
 *fill*         0x0000000000021df2        0x2 
 .text._ZN20Adafruit_LEDBackpack13setBrightnessEh
                0x0000000000021df4       0x34 /Users/Simone/Desktop/Tiles/bolierplate/temp/vsoutput/libraries/Adafruit_LEDBackpack/Adafruit_LEDBackpack.cpp.o
                0x0000000000021df4                Adafruit_LEDBackpack::setBrightness(unsigned char)
 .text._ZN20Adafruit_LEDBackpack9blinkRateEh
                0x0000000000021e28       0x34 /Users/Simone/Desktop/Tiles/bolierplate/temp/vsoutput/libraries/Adafruit_LEDBackpack/Adafruit_LEDBackpack.cpp.o
                0x0000000000021e28                Adafruit_LEDBackpack::blinkRate(unsigned char)
 .text._ZN20Adafruit_LEDBackpack5beginEh
                0x0000000000021e5c       0x3c /Users/Simone/Desktop/Tiles/bolierplate/temp/vsoutput/libraries/Adafruit_LEDBackpack/Adafruit_LEDBackpack.cpp.o
                0x0000000000021e5c                Adafruit_LEDBackpack::begin(unsigned char)
 .text._ZN20Adafruit_LEDBackpack5clearEv
                0x0000000000021e98        0xe /Users/Simone/Desktop/Tiles/bolierplate/temp/vsoutput/libraries/Adafruit_LEDBackpack/Adafruit_LEDBackpack.cpp.o
                0x0000000000021e98                Adafruit_LEDBackpack::clear()
 *fill*         0x0000000000021ea6        0x2 
 .text._ZN18Adafruit_8x8matrixC2Ev
                0x0000000000021ea8       0x1c /Users/Simone/Desktop/Tiles/bolierplate/temp/vsoutput/libraries/Adafruit_LEDBackpack/Adafruit_LEDBackpack.cpp.o
                0x0000000000021ea8                Adafruit_8x8matrix::Adafruit_8x8matrix()
                0x0000000000021ea8                Adafruit_8x8matrix::Adafruit_8x8matrix()
 .text._ZN20Adafruit_LEDBackpack12writeDisplayEv
                0x0000000000021ec4       0x3c /Users/Simone/Desktop/Tiles/bolierplate/temp/vsoutput/libraries/Adafruit_LEDBackpack/Adafruit_LEDBackpack.cpp.o
                0x0000000000021ec4                Adafruit_LEDBackpack::writeDisplay()
 .text._ZN24Adafruit_ADXL345_UnifiedD2Ev
                0x0000000000021f00        0xc /Users/Simone/Desktop/Tiles/bolierplate/temp/vsoutput/libraries/Adafruit_ADXL345_U/Adafruit_ADXL345_U.cpp.o
                0x0000000000021f00                Adafruit_ADXL345_Unified::~Adafruit_ADXL345_Unified()
                0x0000000000021f00                Adafruit_ADXL345_Unified::~Adafruit_ADXL345_Unified()
 .text._ZN24Adafruit_ADXL345_UnifiedD0Ev
                0x0000000000021f0c       0x14 /Users/Simone/Desktop/Tiles/bolierplate/temp/vsoutput/libraries/Adafruit_ADXL345_U/Adafruit_ADXL345_U.cpp.o
                0x0000000000021f0c                Adafruit_ADXL345_Unified::~Adafruit_ADXL345_Unified()
 .text._ZL7spixferhhhh
                0x0000000000021f20       0x4a /Users/Simone/Desktop/Tiles/bolierplate/temp/vsoutput/libraries/Adafruit_ADXL345_U/Adafruit_ADXL345_U.cpp.o
 *fill*         0x0000000000021f6a        0x2 
 .text._ZN24Adafruit_ADXL345_Unified9getSensorEP8sensor_t
                0x0000000000021f6c       0x4c /Users/Simone/Desktop/Tiles/bolierplate/temp/vsoutput/libraries/Adafruit_ADXL345_U/Adafruit_ADXL345_U.cpp.o
                0x0000000000021f6c                Adafruit_ADXL345_Unified::getSensor(sensor_t*)
 .text._ZN24Adafruit_ADXL345_UnifiedC2El
                0x0000000000021fb8       0x18 /Users/Simone/Desktop/Tiles/bolierplate/temp/vsoutput/libraries/Adafruit_ADXL345_U/Adafruit_ADXL345_U.cpp.o
                0x0000000000021fb8                Adafruit_ADXL345_Unified::Adafruit_ADXL345_Unified(long)
                0x0000000000021fb8                Adafruit_ADXL345_Unified::Adafruit_ADXL345_Unified(long)
 .text._ZN24Adafruit_ADXL345_Unified13writeRegisterEhh
                0x0000000000021fd0       0x5c /Users/Simone/Desktop/Tiles/bolierplate/temp/vsoutput/libraries/Adafruit_ADXL345_U/Adafruit_ADXL345_U.cpp.o
                0x0000000000021fd0                Adafruit_ADXL345_Unified::writeRegister(unsigned char, unsigned char)
 .text._ZN24Adafruit_ADXL345_Unified12readRegisterEh
                0x000000000002202c       0x6c /Users/Simone/Desktop/Tiles/bolierplate/temp/vsoutput/libraries/Adafruit_ADXL345_U/Adafruit_ADXL345_U.cpp.o
                0x000000000002202c                Adafruit_ADXL345_Unified::readRegister(unsigned char)
 .text._ZN24Adafruit_ADXL345_Unified11getDeviceIDEv
                0x0000000000022098        0xa /Users/Simone/Desktop/Tiles/bolierplate/temp/vsoutput/libraries/Adafruit_ADXL345_U/Adafruit_ADXL345_U.cpp.o
                0x0000000000022098                Adafruit_ADXL345_Unified::getDeviceID()
 *fill*         0x00000000000220a2        0x2 
 .text._ZN24Adafruit_ADXL345_Unified5beginEv
                0x00000000000220a4       0x68 /Users/Simone/Desktop/Tiles/bolierplate/temp/vsoutput/libraries/Adafruit_ADXL345_U/Adafruit_ADXL345_U.cpp.o
                0x00000000000220a4                Adafruit_ADXL345_Unified::begin()
 .text._ZN24Adafruit_ADXL345_Unified8setRangeE7range_t
                0x000000000002210c       0x22 /Users/Simone/Desktop/Tiles/bolierplate/temp/vsoutput/libraries/Adafruit_ADXL345_U/Adafruit_ADXL345_U.cpp.o
                0x000000000002210c                Adafruit_ADXL345_Unified::setRange(range_t)
 *fill*         0x000000000002212e        0x2 
 .text._ZN24Adafruit_ADXL345_Unified6read16Eh
                0x0000000000022130       0x8c /Users/Simone/Desktop/Tiles/bolierplate/temp/vsoutput/libraries/Adafruit_ADXL345_U/Adafruit_ADXL345_U.cpp.o
                0x0000000000022130                Adafruit_ADXL345_Unified::read16(unsigned char)
 .text._ZN24Adafruit_ADXL345_Unified4getXEv
                0x00000000000221bc        0xa /Users/Simone/Desktop/Tiles/bolierplate/temp/vsoutput/libraries/Adafruit_ADXL345_U/Adafruit_ADXL345_U.cpp.o
                0x00000000000221bc                Adafruit_ADXL345_Unified::getX()
 .text._ZN24Adafruit_ADXL345_Unified4getYEv
                0x00000000000221c6        0xa /Users/Simone/Desktop/Tiles/bolierplate/temp/vsoutput/libraries/Adafruit_ADXL345_U/Adafruit_ADXL345_U.cpp.o
                0x00000000000221c6                Adafruit_ADXL345_Unified::getY()
 .text._ZN24Adafruit_ADXL345_Unified4getZEv
                0x00000000000221d0        0xa /Users/Simone/Desktop/Tiles/bolierplate/temp/vsoutput/libraries/Adafruit_ADXL345_U/Adafruit_ADXL345_U.cpp.o
                0x00000000000221d0                Adafruit_ADXL345_Unified::getZ()
 *fill*         0x00000000000221da        0x6 
 .text._ZN24Adafruit_ADXL345_Unified8getEventEP15sensors_event_t
                0x00000000000221e0       0x98 /Users/Simone/Desktop/Tiles/bolierplate/temp/vsoutput/libraries/Adafruit_ADXL345_U/Adafruit_ADXL345_U.cpp.o
                0x00000000000221e0                Adafruit_ADXL345_Unified::getEvent(sensors_event_t*)
 .text._ZN16Adafruit_LSM9DS06Sensor9getSensorEP8sensor_t
                0x0000000000022278       0x18 /Users/Simone/Desktop/Tiles/bolierplate/temp/vsoutput/libraries/Adafruit_LSM9DS0/Adafruit_LSM9DS0.cpp.o
                0x0000000000022278                Adafruit_LSM9DS0::Sensor::getSensor(sensor_t*)
 .text._ZN16Adafruit_LSM9DS06SensorD2Ev
                0x0000000000022290        0xc /Users/Simone/Desktop/Tiles/bolierplate/temp/vsoutput/libraries/Adafruit_LSM9DS0/Adafruit_LSM9DS0.cpp.o
                0x0000000000022290                Adafruit_LSM9DS0::Sensor::~Sensor()
                0x0000000000022290                Adafruit_LSM9DS0::Sensor::~Sensor()
 .text._ZN16Adafruit_LSM9DS06SensorD0Ev
                0x000000000002229c       0x14 /Users/Simone/Desktop/Tiles/bolierplate/temp/vsoutput/libraries/Adafruit_LSM9DS0/Adafruit_LSM9DS0.cpp.o
                0x000000000002229c                Adafruit_LSM9DS0::Sensor::~Sensor()
 .text._ZN16Adafruit_LSM9DS06Sensor8getEventEP15sensors_event_t
                0x00000000000222b0       0x3a /Users/Simone/Desktop/Tiles/bolierplate/temp/vsoutput/libraries/Adafruit_LSM9DS0/Adafruit_LSM9DS0.cpp.o
                0x00000000000222b0                Adafruit_LSM9DS0::Sensor::getEvent(sensors_event_t*)
 *fill*         0x00000000000222ea        0x2 
 .text._ZN16Adafruit_LSM9DS013getAccelEventEP15sensors_event_tm
                0x00000000000222ec       0x6c /Users/Simone/Desktop/Tiles/bolierplate/temp/vsoutput/libraries/Adafruit_LSM9DS0/Adafruit_LSM9DS0.cpp.o
                0x00000000000222ec                Adafruit_LSM9DS0::getAccelEvent(sensors_event_t*, unsigned long)
 .text._ZN16Adafruit_LSM9DS011getMagEventEP15sensors_event_tm
                0x0000000000022358       0x58 /Users/Simone/Desktop/Tiles/bolierplate/temp/vsoutput/libraries/Adafruit_LSM9DS0/Adafruit_LSM9DS0.cpp.o
                0x0000000000022358                Adafruit_LSM9DS0::getMagEvent(sensors_event_t*, unsigned long)
 .text._ZN16Adafruit_LSM9DS012getGyroEventEP15sensors_event_tm
                0x00000000000223b0       0x40 /Users/Simone/Desktop/Tiles/bolierplate/temp/vsoutput/libraries/Adafruit_LSM9DS0/Adafruit_LSM9DS0.cpp.o
                0x00000000000223b0                Adafruit_LSM9DS0::getGyroEvent(sensors_event_t*, unsigned long)
 .text._ZN16Adafruit_LSM9DS012getTempEventEP15sensors_event_tm
                0x00000000000223f0       0x40 /Users/Simone/Desktop/Tiles/bolierplate/temp/vsoutput/libraries/Adafruit_LSM9DS0/Adafruit_LSM9DS0.cpp.o
                0x00000000000223f0                Adafruit_LSM9DS0::getTempEvent(sensors_event_t*, unsigned long)
 .text._ZN16Adafruit_LSM9DS014getAccelSensorEP8sensor_t
                0x0000000000022430       0x38 /Users/Simone/Desktop/Tiles/bolierplate/temp/vsoutput/libraries/Adafruit_LSM9DS0/Adafruit_LSM9DS0.cpp.o
                0x0000000000022430                Adafruit_LSM9DS0::getAccelSensor(sensor_t*)
 .text._ZN16Adafruit_LSM9DS012getMagSensorEP8sensor_t
                0x0000000000022468       0x3c /Users/Simone/Desktop/Tiles/bolierplate/temp/vsoutput/libraries/Adafruit_LSM9DS0/Adafruit_LSM9DS0.cpp.o
                0x0000000000022468                Adafruit_LSM9DS0::getMagSensor(sensor_t*)
 .text._ZN16Adafruit_LSM9DS013getGyroSensorEP8sensor_t
                0x00000000000224a4       0x3c /Users/Simone/Desktop/Tiles/bolierplate/temp/vsoutput/libraries/Adafruit_LSM9DS0/Adafruit_LSM9DS0.cpp.o
                0x00000000000224a4                Adafruit_LSM9DS0::getGyroSensor(sensor_t*)
 .text._ZN16Adafruit_LSM9DS013getTempSensorEP8sensor_t
                0x00000000000224e0       0x3c /Users/Simone/Desktop/Tiles/bolierplate/temp/vsoutput/libraries/Adafruit_LSM9DS0/Adafruit_LSM9DS0.cpp.o
                0x00000000000224e0                Adafruit_LSM9DS0::getTempSensor(sensor_t*)
 .text._ZN16Adafruit_LSM9DS06SensoraSERKS0_
                0x000000000002251c       0x22 /Users/Simone/Desktop/Tiles/bolierplate/temp/vsoutput/libraries/Adafruit_LSM9DS0/Adafruit_LSM9DS0.cpp.o
                0x000000000002251c                Adafruit_LSM9DS0::Sensor::operator=(Adafruit_LSM9DS0::Sensor const&)
 *fill*         0x000000000002253e        0x2 
 .text._ZN16Adafruit_LSM9DS07initI2CEP7TwoWirel
                0x0000000000022540       0xdc /Users/Simone/Desktop/Tiles/bolierplate/temp/vsoutput/libraries/Adafruit_LSM9DS0/Adafruit_LSM9DS0.cpp.o
                0x0000000000022540                Adafruit_LSM9DS0::initI2C(TwoWire*, long)
 .text._ZN16Adafruit_LSM9DS0C2El
                0x000000000002261c       0x28 /Users/Simone/Desktop/Tiles/bolierplate/temp/vsoutput/libraries/Adafruit_LSM9DS0/Adafruit_LSM9DS0.cpp.o
                0x000000000002261c                Adafruit_LSM9DS0::Adafruit_LSM9DS0(long)
                0x000000000002261c                Adafruit_LSM9DS0::Adafruit_LSM9DS0(long)
 .text._ZN16Adafruit_LSM9DS06write8Ehhh
                0x0000000000022644       0x3c /Users/Simone/Desktop/Tiles/bolierplate/temp/vsoutput/libraries/Adafruit_LSM9DS0/Adafruit_LSM9DS0.cpp.o
                0x0000000000022644                Adafruit_LSM9DS0::write8(unsigned char, unsigned char, unsigned char)
 .text._ZN16Adafruit_LSM9DS010readBufferEhhhPh
                0x0000000000022680       0x68 /Users/Simone/Desktop/Tiles/bolierplate/temp/vsoutput/libraries/Adafruit_LSM9DS0/Adafruit_LSM9DS0.cpp.o
                0x0000000000022680                Adafruit_LSM9DS0::readBuffer(unsigned char, unsigned char, unsigned char, unsigned char*)
 .text._ZN16Adafruit_LSM9DS09readAccelEv
                0x00000000000226e8       0x48 /Users/Simone/Desktop/Tiles/bolierplate/temp/vsoutput/libraries/Adafruit_LSM9DS0/Adafruit_LSM9DS0.cpp.o
                0x00000000000226e8                Adafruit_LSM9DS0::readAccel()
 .text._ZN16Adafruit_LSM9DS07readMagEv
                0x0000000000022730       0x48 /Users/Simone/Desktop/Tiles/bolierplate/temp/vsoutput/libraries/Adafruit_LSM9DS0/Adafruit_LSM9DS0.cpp.o
                0x0000000000022730                Adafruit_LSM9DS0::readMag()
 .text._ZN16Adafruit_LSM9DS08readGyroEv
                0x0000000000022778       0x48 /Users/Simone/Desktop/Tiles/bolierplate/temp/vsoutput/libraries/Adafruit_LSM9DS0/Adafruit_LSM9DS0.cpp.o
                0x0000000000022778                Adafruit_LSM9DS0::readGyro()
 .text._ZN16Adafruit_LSM9DS08readTempEv
                0x00000000000227c0       0x22 /Users/Simone/Desktop/Tiles/bolierplate/temp/vsoutput/libraries/Adafruit_LSM9DS0/Adafruit_LSM9DS0.cpp.o
                0x00000000000227c0                Adafruit_LSM9DS0::readTemp()
 .text._ZN16Adafruit_LSM9DS04readEv
                0x00000000000227e2       0x1c /Users/Simone/Desktop/Tiles/bolierplate/temp/vsoutput/libraries/Adafruit_LSM9DS0/Adafruit_LSM9DS0.cpp.o
                0x00000000000227e2                Adafruit_LSM9DS0::read()
 .text._ZN16Adafruit_LSM9DS05read8Ehh
                0x00000000000227fe       0x14 /Users/Simone/Desktop/Tiles/bolierplate/temp/vsoutput/libraries/Adafruit_LSM9DS0/Adafruit_LSM9DS0.cpp.o
                0x00000000000227fe                Adafruit_LSM9DS0::read8(unsigned char, unsigned char)
 *fill*         0x0000000000022812        0x2 
 .text._ZN16Adafruit_LSM9DS010setupAccelENS_19lsm9ds0AccelRange_tE
                0x0000000000022814       0x60 /Users/Simone/Desktop/Tiles/bolierplate/temp/vsoutput/libraries/Adafruit_LSM9DS0/Adafruit_LSM9DS0.cpp.o
                0x0000000000022814                Adafruit_LSM9DS0::setupAccel(Adafruit_LSM9DS0::lsm9ds0AccelRange_t)
 .text._ZN16Adafruit_LSM9DS08setupMagENS_16lsm9ds0MagGain_tE
                0x0000000000022874       0x54 /Users/Simone/Desktop/Tiles/bolierplate/temp/vsoutput/libraries/Adafruit_LSM9DS0/Adafruit_LSM9DS0.cpp.o
                0x0000000000022874                Adafruit_LSM9DS0::setupMag(Adafruit_LSM9DS0::lsm9ds0MagGain_t)
 .text._ZN16Adafruit_LSM9DS09setupGyroENS_18lsm9ds0GyroScale_tE
                0x00000000000228c8       0x44 /Users/Simone/Desktop/Tiles/bolierplate/temp/vsoutput/libraries/Adafruit_LSM9DS0/Adafruit_LSM9DS0.cpp.o
                0x00000000000228c8                Adafruit_LSM9DS0::setupGyro(Adafruit_LSM9DS0::lsm9ds0GyroScale_t)
 .text._ZN16Adafruit_LSM9DS05beginEv
                0x000000000002290c      0x128 /Users/Simone/Desktop/Tiles/bolierplate/temp/vsoutput/libraries/Adafruit_LSM9DS0/Adafruit_LSM9DS0.cpp.o
                0x000000000002290c                Adafruit_LSM9DS0::begin()
 .text._ZN8SPIClass11setBitOrderE8BitOrder
                0x0000000000022a34       0x20 /Users/Simone/Desktop/Tiles/bolierplate/temp/vsoutput/libraries/SPI/SPI.cpp.o
                0x0000000000022a34                SPIClass::setBitOrder(BitOrder)
 .text._ZN8SPIClass7setCPOLEb
                0x0000000000022a54       0x20 /Users/Simone/Desktop/Tiles/bolierplate/temp/vsoutput/libraries/SPI/SPI.cpp.o
                0x0000000000022a54                SPIClass::setCPOL(bool)
 .text._ZN8SPIClass7setCPHAEb
                0x0000000000022a74       0x20 /Users/Simone/Desktop/Tiles/bolierplate/temp/vsoutput/libraries/SPI/SPI.cpp.o
                0x0000000000022a74                SPIClass::setCPHA(bool)
 .text._ZN8SPIClass11setDataModeEh
                0x0000000000022a94       0x1c /Users/Simone/Desktop/Tiles/bolierplate/temp/vsoutput/libraries/SPI/SPI.cpp.o
                0x0000000000022a94                SPIClass::setDataMode(unsigned char)
 .text._ZN8SPIClass5beginEv
                0x0000000000022ab0       0x68 /Users/Simone/Desktop/Tiles/bolierplate/temp/vsoutput/libraries/SPI/SPI.cpp.o
                0x0000000000022ab0                SPIClass::begin()
 .text._ZN8SPIClass8transferEh
                0x0000000000022b18       0x24 /Users/Simone/Desktop/Tiles/bolierplate/temp/vsoutput/libraries/SPI/SPI.cpp.o
                0x0000000000022b18                SPIClass::transfer(unsigned char)
 .text.startup._GLOBAL__sub_I__ZN8SPIClassC2EP12NRF_SPI_Typeiii
                0x0000000000022b3c       0x1c /Users/Simone/Desktop/Tiles/bolierplate/temp/vsoutput/libraries/SPI/SPI.cpp.o
 .text._ZN16Adafruit_CAP1188C2Ea
                0x0000000000022b58        0x8 /Users/Simone/Desktop/Tiles/bolierplate/temp/vsoutput/libraries/Adafruit_CAP1188_Library/Adafruit_CAP1188.cpp.o
                0x0000000000022b58                Adafruit_CAP1188::Adafruit_CAP1188(signed char)
                0x0000000000022b58                Adafruit_CAP1188::Adafruit_CAP1188(signed char)
 .text._ZN16Adafruit_CAP11887spixferEh
                0x0000000000022b60       0x60 /Users/Simone/Desktop/Tiles/bolierplate/temp/vsoutput/libraries/Adafruit_CAP1188_Library/Adafruit_CAP1188.cpp.o
                0x0000000000022b60                Adafruit_CAP1188::spixfer(unsigned char)
 .text._ZN16Adafruit_CAP118813writeRegisterEhh
                0x0000000000022bc0       0x80 /Users/Simone/Desktop/Tiles/bolierplate/temp/vsoutput/libraries/Adafruit_CAP1188_Library/Adafruit_CAP1188.cpp.o
                0x0000000000022bc0                Adafruit_CAP1188::writeRegister(unsigned char, unsigned char)
 .text._ZN16Adafruit_CAP118812readRegisterEh
                0x0000000000022c40       0x90 /Users/Simone/Desktop/Tiles/bolierplate/temp/vsoutput/libraries/Adafruit_CAP1188_Library/Adafruit_CAP1188.cpp.o
                0x0000000000022c40                Adafruit_CAP1188::readRegister(unsigned char)
 .text._ZN16Adafruit_CAP11885beginEh
                0x0000000000022cd0      0x108 /Users/Simone/Desktop/Tiles/bolierplate/temp/vsoutput/libraries/Adafruit_CAP1188_Library/Adafruit_CAP1188.cpp.o
                0x0000000000022cd0                Adafruit_CAP1188::begin(unsigned char)
 .text._ZN16Adafruit_CAP11887touchedEv
                0x0000000000022dd8       0x28 /Users/Simone/Desktop/Tiles/bolierplate/temp/vsoutput/libraries/Adafruit_CAP1188_Library/Adafruit_CAP1188.cpp.o
                0x0000000000022dd8                Adafruit_CAP1188::touched()
 .text._Z15UART0_Interruptv
                0x0000000000022e00       0x10 /Users/Simone/Desktop/Tiles/bolierplate/temp/vsoutput/core/variant.cpp.o
                0x0000000000022e00                UART0_Interrupt()
 .text.rtc_config
                0x0000000000022e10       0x34 /Users/Simone/Desktop/Tiles/bolierplate/temp/vsoutput/core/variant.cpp.o
                0x0000000000022e10                rtc_config
 .text.init     0x0000000000022e44        0x8 /Users/Simone/Desktop/Tiles/bolierplate/temp/vsoutput/core/variant.cpp.o
                0x0000000000022e44                init
 .text.UART0_BaudRate
                0x0000000000022e4c      0x120 /Users/Simone/Desktop/Tiles/bolierplate/temp/vsoutput/core/variant.cpp.o
                0x0000000000022e4c                UART0_BaudRate
 .text.UART0_TXD
                0x0000000000022f6c       0x20 /Users/Simone/Desktop/Tiles/bolierplate/temp/vsoutput/core/variant.cpp.o
                0x0000000000022f6c                UART0_TXD
 .text.UART0_RXReset
                0x0000000000022f8c        0xc /Users/Simone/Desktop/Tiles/bolierplate/temp/vsoutput/core/variant.cpp.o
                0x0000000000022f8c                UART0_RXReset
 .text.UART0_TXReset
                0x0000000000022f98        0xc /Users/Simone/Desktop/Tiles/bolierplate/temp/vsoutput/core/variant.cpp.o
                0x0000000000022f98                UART0_TXReset
 .text.UART0_RXErrorReset
                0x0000000000022fa4       0x28 /Users/Simone/Desktop/Tiles/bolierplate/temp/vsoutput/core/variant.cpp.o
                0x0000000000022fa4                UART0_RXErrorReset
 .text.startup._GLOBAL__sub_I_rxBuffer
                0x0000000000022fcc       0x2c /Users/Simone/Desktop/Tiles/bolierplate/temp/vsoutput/core/variant.cpp.o
 .text.UART0_Stop
                0x0000000000022ff8       0x4c /Users/Simone/Desktop/Tiles/bolierplate/temp/vsoutput/core/variant.cpp.o
                0x0000000000022ff8                UART0_Stop
 .text.UART0_TX
                0x0000000000023044       0x10 /Users/Simone/Desktop/Tiles/bolierplate/temp/vsoutput/core/variant.cpp.o
                0x0000000000023044                UART0_TX
 .text.UART0_Start
                0x0000000000023054      0x1d0 /Users/Simone/Desktop/Tiles/bolierplate/temp/vsoutput/core/variant.cpp.o
                0x0000000000023054                UART0_Start
 .text.sd_nvic_EnableIRQ
                0x0000000000023224        0x4 /Users/Simone/Library/Arduino15/packages/RFduino/hardware/RFduino/2.3.3/variants/RFduino/libRFduino.a(libRFduino.o)
 .text.sd_nvic_DisableIRQ
                0x0000000000023228        0x4 /Users/Simone/Library/Arduino15/packages/RFduino/hardware/RFduino/2.3.3/variants/RFduino/libRFduino.a(libRFduino.o)
 .text.sd_nvic_SetPriority
                0x000000000002322c        0x4 /Users/Simone/Library/Arduino15/packages/RFduino/hardware/RFduino/2.3.3/variants/RFduino/libRFduino.a(libRFduino.o)
 .text.sd_ppi_channel_enable_set
                0x0000000000023230        0x4 /Users/Simone/Library/Arduino15/packages/RFduino/hardware/RFduino/2.3.3/variants/RFduino/libRFduino.a(libRFduino.o)
 .text.sd_ppi_channel_enable_clr
                0x0000000000023234        0x4 /Users/Simone/Library/Arduino15/packages/RFduino/hardware/RFduino/2.3.3/variants/RFduino/libRFduino.a(libRFduino.o)
 .text.sd_ppi_channel_assign
                0x0000000000023238        0x4 /Users/Simone/Library/Arduino15/packages/RFduino/hardware/RFduino/2.3.3/variants/RFduino/libRFduino.a(libRFduino.o)
 .text.NVIC_SetPriority
                0x000000000002323c       0x64 /Users/Simone/Library/Arduino15/packages/RFduino/hardware/RFduino/2.3.3/variants/RFduino/libRFduino.a(libRFduino.o)
 .text.GPIOTE_Interrupt
                0x00000000000232a0       0x8c /Users/Simone/Library/Arduino15/packages/RFduino/hardware/RFduino/2.3.3/variants/RFduino/libRFduino.a(libRFduino.o)
                0x00000000000232a0                GPIOTE_Interrupt
 .text.rfduino_ppi_channel_assign
                0x000000000002332c       0x48 /Users/Simone/Library/Arduino15/packages/RFduino/hardware/RFduino/2.3.3/variants/RFduino/libRFduino.a(libRFduino.o)
                0x000000000002332c                rfduino_ppi_channel_assign
 .text.rfduino_ppi_channel_unassign
                0x0000000000023374       0x28 /Users/Simone/Library/Arduino15/packages/RFduino/hardware/RFduino/2.3.3/variants/RFduino/libRFduino.a(libRFduino.o)
                0x0000000000023374                rfduino_ppi_channel_unassign
 .text.rfduino_nvic_enableirq
                0x000000000002339c       0x40 /Users/Simone/Library/Arduino15/packages/RFduino/hardware/RFduino/2.3.3/variants/RFduino/libRFduino.a(libRFduino.o)
                0x000000000002339c                rfduino_nvic_enableirq
 .text.rfduino_nvic_disableirq
                0x00000000000233dc       0x2c /Users/Simone/Library/Arduino15/packages/RFduino/hardware/RFduino/2.3.3/variants/RFduino/libRFduino.a(libRFduino.o)
                0x00000000000233dc                rfduino_nvic_disableirq
 .text.rfduino_nvic_setpriority
                0x0000000000023408       0x20 /Users/Simone/Library/Arduino15/packages/RFduino/hardware/RFduino/2.3.3/variants/RFduino/libRFduino.a(libRFduino.o)
                0x0000000000023408                rfduino_nvic_setpriority
 .text.RFduino_pinWake
                0x0000000000023428      0x100 /Users/Simone/Library/Arduino15/packages/RFduino/hardware/RFduino/2.3.3/variants/RFduino/libRFduino.a(libRFduino.o)
                0x0000000000023428                RFduino_pinWake
 .text.RFduino_pinWakeCallback
                0x0000000000023528       0xc0 /Users/Simone/Library/Arduino15/packages/RFduino/hardware/RFduino/2.3.3/variants/RFduino/libRFduino.a(libRFduino.o)
                0x0000000000023528                RFduino_pinWakeCallback
 .text.NVIC_SystemReset
                0x00000000000235e8       0x18 /Users/Simone/Library/Arduino15/packages/RFduino/hardware/RFduino/2.3.3/variants/RFduino/libRFduinoBLE.a(libRFduinoBLE.o)
 .text.sd_ble_gap_adv_data_set
                0x0000000000023600        0x4 /Users/Simone/Library/Arduino15/packages/RFduino/hardware/RFduino/2.3.3/variants/RFduino/libRFduinoBLE.a(libRFduinoBLE.o)
 .text.sd_ble_gap_adv_start
                0x0000000000023604        0x4 /Users/Simone/Library/Arduino15/packages/RFduino/hardware/RFduino/2.3.3/variants/RFduino/libRFduinoBLE.a(libRFduinoBLE.o)
 .text.sd_ble_gap_tx_power_set
                0x0000000000023608        0x4 /Users/Simone/Library/Arduino15/packages/RFduino/hardware/RFduino/2.3.3/variants/RFduino/libRFduinoBLE.a(libRFduinoBLE.o)
 .text.sd_ble_gap_ppcp_set
                0x000000000002360c        0x4 /Users/Simone/Library/Arduino15/packages/RFduino/hardware/RFduino/2.3.3/variants/RFduino/libRFduinoBLE.a(libRFduinoBLE.o)
 .text.sd_ble_gap_device_name_set
                0x0000000000023610        0x4 /Users/Simone/Library/Arduino15/packages/RFduino/hardware/RFduino/2.3.3/variants/RFduino/libRFduinoBLE.a(libRFduinoBLE.o)
 .text.sd_ble_gap_sec_params_reply
                0x0000000000023614        0x4 /Users/Simone/Library/Arduino15/packages/RFduino/hardware/RFduino/2.3.3/variants/RFduino/libRFduinoBLE.a(libRFduinoBLE.o)
 .text.sd_ble_gap_rssi_start
                0x0000000000023618        0x4 /Users/Simone/Library/Arduino15/packages/RFduino/hardware/RFduino/2.3.3/variants/RFduino/libRFduinoBLE.a(libRFduinoBLE.o)
 .text.sd_ble_gap_rssi_stop
                0x000000000002361c        0x4 /Users/Simone/Library/Arduino15/packages/RFduino/hardware/RFduino/2.3.3/variants/RFduino/libRFduinoBLE.a(libRFduinoBLE.o)
 .text.sd_softdevice_enable
                0x0000000000023620        0x4 /Users/Simone/Library/Arduino15/packages/RFduino/hardware/RFduino/2.3.3/variants/RFduino/libRFduinoBLE.a(libRFduinoBLE.o)
 .text.softdevice_assertion_handler
                0x0000000000023624        0x6 /Users/Simone/Library/Arduino15/packages/RFduino/hardware/RFduino/2.3.3/variants/RFduino/libRFduinoBLE.a(libRFduinoBLE.o)
                0x0000000000023624                softdevice_assertion_handler
 .text.bond_manager_error_handler
                0x000000000002362a        0x6 /Users/Simone/Library/Arduino15/packages/RFduino/hardware/RFduino/2.3.3/variants/RFduino/libRFduinoBLE.a(libRFduinoBLE.o)
 .text.advertising_start
                0x0000000000023630       0x28 /Users/Simone/Library/Arduino15/packages/RFduino/hardware/RFduino/2.3.3/variants/RFduino/libRFduinoBLE.a(libRFduinoBLE.o)
 .text.ble_evt_dispatch
                0x0000000000023658       0xfc /Users/Simone/Library/Arduino15/packages/RFduino/hardware/RFduino/2.3.3/variants/RFduino/libRFduinoBLE.a(libRFduinoBLE.o)
 .text.radio_active_evt
                0x0000000000023754       0x10 /Users/Simone/Library/Arduino15/packages/RFduino/hardware/RFduino/2.3.3/variants/RFduino/libRFduinoBLE.a(libRFduinoBLE.o)
 .text.app_error_handler
                0x0000000000023764        0x6 /Users/Simone/Library/Arduino15/packages/RFduino/hardware/RFduino/2.3.3/variants/RFduino/libRFduinoBLE.a(libRFduinoBLE.o)
                0x0000000000023764                app_error_handler
 .text.assert_nrf_callback
                0x000000000002376a        0x6 /Users/Simone/Library/Arduino15/packages/RFduino/hardware/RFduino/2.3.3/variants/RFduino/libRFduinoBLE.a(libRFduinoBLE.o)
                0x000000000002376a                assert_nrf_callback
 .text.RFduinoBLE_begin
                0x0000000000023770      0x390 /Users/Simone/Library/Arduino15/packages/RFduino/hardware/RFduino/2.3.3/variants/RFduino/libRFduinoBLE.a(libRFduinoBLE.o)
                0x0000000000023770                RFduinoBLE_begin
 .text.RFduinoBLE_send
                0x0000000000023b00        0xe /Users/Simone/Library/Arduino15/packages/RFduino/hardware/RFduino/2.3.3/variants/RFduino/libRFduinoBLE.a(libRFduinoBLE.o)
                0x0000000000023b00                RFduinoBLE_send
 .text.sd_ble_gap_disconnect
                0x0000000000023b0e        0x4 /Users/Simone/Library/Arduino15/packages/RFduino/hardware/RFduino/2.3.3/variants/RFduino/libRFduinoBLE.a(ble_RFduino.o)
 .text.sd_ble_gatts_service_add
                0x0000000000023b12        0x4 /Users/Simone/Library/Arduino15/packages/RFduino/hardware/RFduino/2.3.3/variants/RFduino/libRFduinoBLE.a(ble_RFduino.o)
 .text.sd_ble_gatts_characteristic_add
                0x0000000000023b16        0x4 /Users/Simone/Library/Arduino15/packages/RFduino/hardware/RFduino/2.3.3/variants/RFduino/libRFduinoBLE.a(ble_RFduino.o)
 .text.sd_ble_gatts_value_set
                0x0000000000023b1a        0x4 /Users/Simone/Library/Arduino15/packages/RFduino/hardware/RFduino/2.3.3/variants/RFduino/libRFduinoBLE.a(ble_RFduino.o)
 .text.sd_ble_gatts_hvx
                0x0000000000023b1e        0x4 /Users/Simone/Library/Arduino15/packages/RFduino/hardware/RFduino/2.3.3/variants/RFduino/libRFduinoBLE.a(ble_RFduino.o)
 .text.sd_ble_uuid_vs_add
                0x0000000000023b22        0x4 /Users/Simone/Library/Arduino15/packages/RFduino/hardware/RFduino/2.3.3/variants/RFduino/libRFduinoBLE.a(ble_RFduino.o)
 .text.xdigit   0x0000000000023b26       0x1e /Users/Simone/Library/Arduino15/packages/RFduino/hardware/RFduino/2.3.3/variants/RFduino/libRFduinoBLE.a(ble_RFduino.o)
 .text.ble_rfduino_on_ble_evt
                0x0000000000023b44       0x4c /Users/Simone/Library/Arduino15/packages/RFduino/hardware/RFduino/2.3.3/variants/RFduino/libRFduinoBLE.a(ble_RFduino.o)
                0x0000000000023b44                ble_rfduino_on_ble_evt
 .text.ble_rfduino_init
                0x0000000000023b90      0x280 /Users/Simone/Library/Arduino15/packages/RFduino/hardware/RFduino/2.3.3/variants/RFduino/libRFduinoBLE.a(ble_RFduino.o)
                0x0000000000023b90                ble_rfduino_init
 .text.ble_rfduino_send_update
                0x0000000000023e10       0x64 /Users/Simone/Library/Arduino15/packages/RFduino/hardware/RFduino/2.3.3/variants/RFduino/libRFduinoBLE.a(ble_RFduino.o)
                0x0000000000023e10                ble_rfduino_send_update
 .text.sd_ble_gap_adv_data_set
                0x0000000000023e74        0x4 /Users/Simone/Library/Arduino15/packages/RFduino/hardware/RFduino/2.3.3/variants/RFduino/libRFduinoBLE.a(ble_advdata.o)
 .text.sd_ble_gap_appearance_get
                0x0000000000023e78        0x4 /Users/Simone/Library/Arduino15/packages/RFduino/hardware/RFduino/2.3.3/variants/RFduino/libRFduinoBLE.a(ble_advdata.o)
 .text.sd_ble_gap_device_name_get
                0x0000000000023e7c        0x4 /Users/Simone/Library/Arduino15/packages/RFduino/hardware/RFduino/2.3.3/variants/RFduino/libRFduinoBLE.a(ble_advdata.o)
 .text.sd_ble_uuid_encode
                0x0000000000023e80        0x4 /Users/Simone/Library/Arduino15/packages/RFduino/hardware/RFduino/2.3.3/variants/RFduino/libRFduinoBLE.a(ble_advdata.o)
 .text.uuid_list_sized_encode
                0x0000000000023e84       0xa4 /Users/Simone/Library/Arduino15/packages/RFduino/hardware/RFduino/2.3.3/variants/RFduino/libRFduinoBLE.a(ble_advdata.o)
 .text.uuid_list_encode
                0x0000000000023f28       0x26 /Users/Simone/Library/Arduino15/packages/RFduino/hardware/RFduino/2.3.3/variants/RFduino/libRFduinoBLE.a(ble_advdata.o)
 *fill*         0x0000000000023f4e        0x2 
 .text.adv_data_encode
                0x0000000000023f50      0x2d4 /Users/Simone/Library/Arduino15/packages/RFduino/hardware/RFduino/2.3.3/variants/RFduino/libRFduinoBLE.a(ble_advdata.o)
 .text.ble_advdata_set
                0x0000000000024224       0x70 /Users/Simone/Library/Arduino15/packages/RFduino/hardware/RFduino/2.3.3/variants/RFduino/libRFduinoBLE.a(ble_advdata.o)
                0x0000000000024224                ble_advdata_set
 .text.sd_ble_evt_get
                0x0000000000024294        0x4 /Users/Simone/Library/Arduino15/packages/RFduino/hardware/RFduino/2.3.3/variants/RFduino/libRFduinoBLE.a(ble_stack_handler.o)
 .text.sd_nvic_EnableIRQ
                0x0000000000024298        0x4 /Users/Simone/Library/Arduino15/packages/RFduino/hardware/RFduino/2.3.3/variants/RFduino/libRFduinoBLE.a(ble_stack_handler.o)
 .text.sd_softdevice_enable
                0x000000000002429c        0x4 /Users/Simone/Library/Arduino15/packages/RFduino/hardware/RFduino/2.3.3/variants/RFduino/libRFduinoBLE.a(ble_stack_handler.o)
 .text.softdevice_assertion_handler
                0x00000000000242a0        0xc /Users/Simone/Library/Arduino15/packages/RFduino/hardware/RFduino/2.3.3/variants/RFduino/libRFduinoBLE.a(ble_stack_handler.o)
 .text.ble_stack_handler_init
                0x00000000000242ac       0x48 /Users/Simone/Library/Arduino15/packages/RFduino/hardware/RFduino/2.3.3/variants/RFduino/libRFduinoBLE.a(ble_stack_handler.o)
                0x00000000000242ac                ble_stack_handler_init
 .text.intern_ble_stack_events_execute
                0x00000000000242f4       0x40 /Users/Simone/Library/Arduino15/packages/RFduino/hardware/RFduino/2.3.3/variants/RFduino/libRFduinoBLE.a(ble_stack_handler.o)
                0x00000000000242f4                intern_ble_stack_events_execute
 .text.SWI2_IRQHandler
                0x0000000000024334       0x28 /Users/Simone/Library/Arduino15/packages/RFduino/hardware/RFduino/2.3.3/variants/RFduino/libRFduinoBLE.a(ble_stack_handler.o)
                0x0000000000024334                SWI2_IRQHandler
 .text.sd_ble_gap_sec_info_reply
                0x000000000002435c        0x4 /Users/Simone/Library/Arduino15/packages/RFduino/hardware/RFduino/2.3.3/variants/RFduino/libRFduinoBLE.a(ble_bondmngr.o)
 .text.sd_ble_gatts_sys_attr_set
                0x0000000000024360        0x4 /Users/Simone/Library/Arduino15/packages/RFduino/hardware/RFduino/2.3.3/variants/RFduino/libRFduinoBLE.a(ble_bondmngr.o)
 .text.sd_ble_gatts_sys_attr_get
                0x0000000000024364        0x4 /Users/Simone/Library/Arduino15/packages/RFduino/hardware/RFduino/2.3.3/variants/RFduino/libRFduinoBLE.a(ble_bondmngr.o)
 .text.update_whitelist
                0x0000000000024368       0x74 /Users/Simone/Library/Arduino15/packages/RFduino/hardware/RFduino/2.3.3/variants/RFduino/libRFduinoBLE.a(ble_bondmngr.o)
 .text.master_find_in_db
                0x00000000000243dc       0x44 /Users/Simone/Library/Arduino15/packages/RFduino/hardware/RFduino/2.3.3/variants/RFduino/libRFduinoBLE.a(ble_bondmngr.o)
 .text.master_sys_attr_set.isra.0
                0x0000000000024420       0x24 /Users/Simone/Library/Arduino15/packages/RFduino/hardware/RFduino/2.3.3/variants/RFduino/libRFduinoBLE.a(ble_bondmngr.o)
 .text.bond_info_store
                0x0000000000024444       0x94 /Users/Simone/Library/Arduino15/packages/RFduino/hardware/RFduino/2.3.3/variants/RFduino/libRFduinoBLE.a(ble_bondmngr.o)
 .text.sys_attr_store
                0x00000000000244d8       0x94 /Users/Simone/Library/Arduino15/packages/RFduino/hardware/RFduino/2.3.3/variants/RFduino/libRFduinoBLE.a(ble_bondmngr.o)
 .text.flash_pages_erase
                0x000000000002456c       0x1c /Users/Simone/Library/Arduino15/packages/RFduino/hardware/RFduino/2.3.3/variants/RFduino/libRFduinoBLE.a(ble_bondmngr.o)
 .text.ble_bondmngr_on_ble_evt
                0x0000000000024588      0x350 /Users/Simone/Library/Arduino15/packages/RFduino/hardware/RFduino/2.3.3/variants/RFduino/libRFduinoBLE.a(ble_bondmngr.o)
                0x0000000000024588                ble_bondmngr_on_ble_evt
 .text.ble_bondmngr_bonded_masters_store
                0x00000000000248d8      0x164 /Users/Simone/Library/Arduino15/packages/RFduino/hardware/RFduino/2.3.3/variants/RFduino/libRFduinoBLE.a(ble_bondmngr.o)
                0x00000000000248d8                ble_bondmngr_bonded_masters_store
 .text.ble_bondmngr_init
                0x0000000000024a3c      0x228 /Users/Simone/Library/Arduino15/packages/RFduino/hardware/RFduino/2.3.3/variants/RFduino/libRFduinoBLE.a(ble_bondmngr.o)
                0x0000000000024a3c                ble_bondmngr_init
 .text.sd_app_event_wait
                0x0000000000024c64        0x4 /Users/Simone/Library/Arduino15/packages/RFduino/hardware/RFduino/2.3.3/variants/RFduino/libRFduinoBLE.a(ble_flash.o)
 .text.flash_page_erase
                0x0000000000024c68       0x44 /Users/Simone/Library/Arduino15/packages/RFduino/hardware/RFduino/2.3.3/variants/RFduino/libRFduinoBLE.a(ble_flash.o)
 .text.flash_word_write
                0x0000000000024cac       0x44 /Users/Simone/Library/Arduino15/packages/RFduino/hardware/RFduino/2.3.3/variants/RFduino/libRFduinoBLE.a(ble_flash.o)
 .text.ble_flash_crc16_compute
                0x0000000000024cf0       0x3c /Users/Simone/Library/Arduino15/packages/RFduino/hardware/RFduino/2.3.3/variants/RFduino/libRFduinoBLE.a(ble_flash.o)
                0x0000000000024cf0                ble_flash_crc16_compute
 .text.ble_flash_word_write
                0x0000000000024d2c        0xa /Users/Simone/Library/Arduino15/packages/RFduino/hardware/RFduino/2.3.3/variants/RFduino/libRFduinoBLE.a(ble_flash.o)
                0x0000000000024d2c                ble_flash_word_write
 .text.ble_flash_block_write
                0x0000000000024d36       0x22 /Users/Simone/Library/Arduino15/packages/RFduino/hardware/RFduino/2.3.3/variants/RFduino/libRFduinoBLE.a(ble_flash.o)
                0x0000000000024d36                ble_flash_block_write
 .text.ble_flash_page_erase
                0x0000000000024d58       0x14 /Users/Simone/Library/Arduino15/packages/RFduino/hardware/RFduino/2.3.3/variants/RFduino/libRFduinoBLE.a(ble_flash.o)
                0x0000000000024d58                ble_flash_page_erase
 .text.ble_flash_page_addr
                0x0000000000024d6c       0x10 /Users/Simone/Library/Arduino15/packages/RFduino/hardware/RFduino/2.3.3/variants/RFduino/libRFduinoBLE.a(ble_flash.o)
                0x0000000000024d6c                ble_flash_page_addr
 .text.ble_flash_on_radio_active_evt
                0x0000000000024d7c        0xc /Users/Simone/Library/Arduino15/packages/RFduino/hardware/RFduino/2.3.3/variants/RFduino/libRFduinoBLE.a(ble_flash.o)
                0x0000000000024d7c                ble_flash_on_radio_active_evt
 .text.sd_nvic_EnableIRQ
                0x0000000000024d88        0x4 /Users/Simone/Library/Arduino15/packages/RFduino/hardware/RFduino/2.3.3/variants/RFduino/libRFduinoBLE.a(ble_radio_notification.o)
 .text.sd_nvic_ClearPendingIRQ
                0x0000000000024d8c        0x4 /Users/Simone/Library/Arduino15/packages/RFduino/hardware/RFduino/2.3.3/variants/RFduino/libRFduinoBLE.a(ble_radio_notification.o)
 .text.sd_nvic_SetPriority
                0x0000000000024d90        0x4 /Users/Simone/Library/Arduino15/packages/RFduino/hardware/RFduino/2.3.3/variants/RFduino/libRFduinoBLE.a(ble_radio_notification.o)
 .text.sd_radio_notification_cfg_set
                0x0000000000024d94        0x4 /Users/Simone/Library/Arduino15/packages/RFduino/hardware/RFduino/2.3.3/variants/RFduino/libRFduinoBLE.a(ble_radio_notification.o)
 .text.SWI1_IRQHandler
                0x0000000000024d98       0x20 /Users/Simone/Library/Arduino15/packages/RFduino/hardware/RFduino/2.3.3/variants/RFduino/libRFduinoBLE.a(ble_radio_notification.o)
                0x0000000000024d98                SWI1_IRQHandler
 .text.ble_radio_notification_init
                0x0000000000024db8       0x38 /Users/Simone/Library/Arduino15/packages/RFduino/hardware/RFduino/2.3.3/variants/RFduino/libRFduinoBLE.a(ble_radio_notification.o)
                0x0000000000024db8                ble_radio_notification_init
 .text.attachInterrupt
                0x0000000000024df0       0x14 /Users/Simone/Desktop/Tiles/bolierplate/temp/vsoutput/core/core.a(WInterrupts.c.o)
                0x0000000000024df0                attachInterrupt
 .text.detachInterrupt
                0x0000000000024e04       0x18 /Users/Simone/Desktop/Tiles/bolierplate/temp/vsoutput/core/core.a(WInterrupts.c.o)
                0x0000000000024e04                detachInterrupt
 .text.__empty  0x0000000000024e1c        0x2 /Users/Simone/Desktop/Tiles/bolierplate/temp/vsoutput/core/core.a(hooks.c.o)
                0x0000000000024e1c                yield
 *fill*         0x0000000000024e1e        0x2 
 .text.RTC1_Interrupt
                0x0000000000024e20       0x48 /Users/Simone/Desktop/Tiles/bolierplate/temp/vsoutput/core/core.a(wiring.c.o)
                0x0000000000024e20                RTC1_Interrupt
 .text.millis64
                0x0000000000024e68       0x40 /Users/Simone/Desktop/Tiles/bolierplate/temp/vsoutput/core/core.a(wiring.c.o)
                0x0000000000024e68                millis64
 .text.micros64
                0x0000000000024ea8       0x40 /Users/Simone/Desktop/Tiles/bolierplate/temp/vsoutput/core/core.a(wiring.c.o)
                0x0000000000024ea8                micros64
 .text.millis   0x0000000000024ee8        0x8 /Users/Simone/Desktop/Tiles/bolierplate/temp/vsoutput/core/core.a(wiring.c.o)
                0x0000000000024ee8                millis
 .text.micros   0x0000000000024ef0        0x8 /Users/Simone/Desktop/Tiles/bolierplate/temp/vsoutput/core/core.a(wiring.c.o)
                0x0000000000024ef0                micros
 .text.delay    0x0000000000024ef8       0x1c /Users/Simone/Desktop/Tiles/bolierplate/temp/vsoutput/core/core.a(wiring.c.o)
                0x0000000000024ef8                delay
 .text.delayMicroseconds
                0x0000000000024f14       0x1e /Users/Simone/Desktop/Tiles/bolierplate/temp/vsoutput/core/core.a(wiring.c.o)
                0x0000000000024f14                delayMicroseconds
 .text.mapResolution
                0x0000000000024f32       0x12 /Users/Simone/Desktop/Tiles/bolierplate/temp/vsoutput/core/core.a(wiring_analog.c.o)
 .text.update_PWM_value.isra.0
                0x0000000000024f44       0x40 /Users/Simone/Desktop/Tiles/bolierplate/temp/vsoutput/core/core.a(wiring_analog.c.o)
 .text.nrf_gpiote_task_config.constprop.1
                0x0000000000024f84       0x38 /Users/Simone/Desktop/Tiles/bolierplate/temp/vsoutput/core/core.a(wiring_analog.c.o)
 .text.TIMER2_Interrupt
                0x0000000000024fbc       0x40 /Users/Simone/Desktop/Tiles/bolierplate/temp/vsoutput/core/core.a(wiring_analog.c.o)
 .text.TIMER1_Interrupt
                0x0000000000024ffc       0x80 /Users/Simone/Desktop/Tiles/bolierplate/temp/vsoutput/core/core.a(wiring_analog.c.o)
 .text.analogRead
                0x000000000002507c       0xa0 /Users/Simone/Desktop/Tiles/bolierplate/temp/vsoutput/core/core.a(wiring_analog.c.o)
                0x000000000002507c                analogRead
 .text.find_free_PPI_channel
                0x000000000002511c       0x4c /Users/Simone/Desktop/Tiles/bolierplate/temp/vsoutput/core/core.a(wiring_analog.c.o)
                0x000000000002511c                find_free_PPI_channel
 .text.turn_On_PPI_to_GPIO_for_PWM
                0x0000000000025168       0x68 /Users/Simone/Desktop/Tiles/bolierplate/temp/vsoutput/core/core.a(wiring_analog.c.o)
                0x0000000000025168                turn_On_PPI_to_GPIO_for_PWM
 .text.turn_Off_GPIOTE_PPI_from_GPIO
                0x00000000000251d0       0x7c /Users/Simone/Desktop/Tiles/bolierplate/temp/vsoutput/core/core.a(wiring_analog.c.o)
                0x00000000000251d0                turn_Off_GPIOTE_PPI_from_GPIO
 .text.analogWrite
                0x000000000002524c      0x2bc /Users/Simone/Desktop/Tiles/bolierplate/temp/vsoutput/core/core.a(wiring_analog.c.o)
                0x000000000002524c                analogWrite
 .text.pinMode  0x0000000000025508       0x74 /Users/Simone/Desktop/Tiles/bolierplate/temp/vsoutput/core/core.a(wiring_digital.c.o)
                0x0000000000025508                pinMode
 .text.digitalWrite
                0x000000000002557c       0x38 /Users/Simone/Desktop/Tiles/bolierplate/temp/vsoutput/core/core.a(wiring_digital.c.o)
                0x000000000002557c                digitalWrite
 .text.digitalRead
                0x00000000000255b4       0x2c /Users/Simone/Desktop/Tiles/bolierplate/temp/vsoutput/core/core.a(wiring_digital.c.o)
                0x00000000000255b4                digitalRead
 .text._ZN5Print5writeEPKhj
                0x00000000000255e0       0x22 /Users/Simone/Desktop/Tiles/bolierplate/temp/vsoutput/core/core.a(Print.cpp.o)
                0x00000000000255e0                Print::write(unsigned char const*, unsigned int)
 .text._ZN5Print5printEmi.part.2
                0x0000000000025602        0xc /Users/Simone/Desktop/Tiles/bolierplate/temp/vsoutput/core/core.a(Print.cpp.o)
 .text._ZN5Print5writeEPKc
                0x000000000002560e       0x20 /Users/Simone/Desktop/Tiles/bolierplate/temp/vsoutput/core/core.a(Print.cpp.o)
                0x000000000002560e                Print::write(char const*)
 .text._ZN5Print5printERK6String
                0x000000000002562e       0x32 /Users/Simone/Desktop/Tiles/bolierplate/temp/vsoutput/core/core.a(Print.cpp.o)
                0x000000000002562e                Print::print(String const&)
 .text._ZN5Print5printEPKc
                0x0000000000025660        0x8 /Users/Simone/Desktop/Tiles/bolierplate/temp/vsoutput/core/core.a(Print.cpp.o)
                0x0000000000025660                Print::print(char const*)
 .text._ZN5Print5printEc
                0x0000000000025668        0xa /Users/Simone/Desktop/Tiles/bolierplate/temp/vsoutput/core/core.a(Print.cpp.o)
                0x0000000000025668                Print::print(char)
 .text._ZN5Print7printlnEv
                0x0000000000025672       0x18 /Users/Simone/Desktop/Tiles/bolierplate/temp/vsoutput/core/core.a(Print.cpp.o)
                0x0000000000025672                Print::println()
 .text._ZN5Print7printlnERK6String
                0x000000000002568a       0x14 /Users/Simone/Desktop/Tiles/bolierplate/temp/vsoutput/core/core.a(Print.cpp.o)
                0x000000000002568a                Print::println(String const&)
 .text._ZN5Print7printlnEPKc
                0x000000000002569e       0x14 /Users/Simone/Desktop/Tiles/bolierplate/temp/vsoutput/core/core.a(Print.cpp.o)
                0x000000000002569e                Print::println(char const*)
 .text._ZN5Print11printNumberEmh
                0x00000000000256b2       0x4e /Users/Simone/Desktop/Tiles/bolierplate/temp/vsoutput/core/core.a(Print.cpp.o)
                0x00000000000256b2                Print::printNumber(unsigned long, unsigned char)
 .text._ZN5Print5printEmi
                0x0000000000025700       0x14 /Users/Simone/Desktop/Tiles/bolierplate/temp/vsoutput/core/core.a(Print.cpp.o)
                0x0000000000025700                Print::print(unsigned long, int)
 .text._ZN5Print7printlnEhi
                0x0000000000025714       0x14 /Users/Simone/Desktop/Tiles/bolierplate/temp/vsoutput/core/core.a(Print.cpp.o)
                0x0000000000025714                Print::println(unsigned char, int)
 .text._ZN5Print7printlnEji
                0x0000000000025728       0x14 /Users/Simone/Desktop/Tiles/bolierplate/temp/vsoutput/core/core.a(Print.cpp.o)
                0x0000000000025728                Print::println(unsigned int, int)
 .text._ZN5Print5printEli
                0x000000000002573c       0x3c /Users/Simone/Desktop/Tiles/bolierplate/temp/vsoutput/core/core.a(Print.cpp.o)
                0x000000000002573c                Print::print(long, int)
 .text._ZN5Print7printlnEii
                0x0000000000025778       0x14 /Users/Simone/Desktop/Tiles/bolierplate/temp/vsoutput/core/core.a(Print.cpp.o)
                0x0000000000025778                Print::println(int, int)
 .text._ZN10RingBufferC2Ev
                0x000000000002578c       0x16 /Users/Simone/Desktop/Tiles/bolierplate/temp/vsoutput/core/core.a(RingBuffer.cpp.o)
                0x000000000002578c                RingBuffer::RingBuffer()
                0x000000000002578c                RingBuffer::RingBuffer()
 .text._ZN10RingBuffer10store_charEh
                0x00000000000257a2       0x16 /Users/Simone/Desktop/Tiles/bolierplate/temp/vsoutput/core/core.a(RingBuffer.cpp.o)
                0x00000000000257a2                RingBuffer::store_char(unsigned char)
 .text._ZN9UARTClasscvbEv
                0x00000000000257b8        0x4 /Users/Simone/Desktop/Tiles/bolierplate/temp/vsoutput/core/core.a(UARTClass.cpp.o)
                0x00000000000257b8                UARTClass::operator bool()
 .text._ZN9UARTClass5beginEm
                0x00000000000257bc        0xe /Users/Simone/Desktop/Tiles/bolierplate/temp/vsoutput/core/core.a(UARTClass.cpp.o)
                0x00000000000257bc                UARTClass::begin(unsigned long)
 .text._ZN9UARTClass9availableEv
                0x00000000000257ca       0x10 /Users/Simone/Desktop/Tiles/bolierplate/temp/vsoutput/core/core.a(UARTClass.cpp.o)
                0x00000000000257ca                UARTClass::available()
 .text._ZN9UARTClass4peekEv
                0x00000000000257da       0x16 /Users/Simone/Desktop/Tiles/bolierplate/temp/vsoutput/core/core.a(UARTClass.cpp.o)
                0x00000000000257da                UARTClass::peek()
 .text._ZN9UARTClass4readEv
                0x00000000000257f0       0x20 /Users/Simone/Desktop/Tiles/bolierplate/temp/vsoutput/core/core.a(UARTClass.cpp.o)
                0x00000000000257f0                UARTClass::read()
 .text._ZN9UARTClass5flushEv
                0x0000000000025810        0x8 /Users/Simone/Desktop/Tiles/bolierplate/temp/vsoutput/core/core.a(UARTClass.cpp.o)
                0x0000000000025810                UARTClass::flush()
 .text._ZN9UARTClass5beginEmhh
                0x0000000000025818       0x12 /Users/Simone/Desktop/Tiles/bolierplate/temp/vsoutput/core/core.a(UARTClass.cpp.o)
                0x0000000000025818                UARTClass::begin(unsigned long, unsigned char, unsigned char)
 .text._ZN9UARTClass3endEv
                0x000000000002582a       0x10 /Users/Simone/Desktop/Tiles/bolierplate/temp/vsoutput/core/core.a(UARTClass.cpp.o)
                0x000000000002582a                UARTClass::end()
 *fill*         0x000000000002583a        0x2 
 .text._ZN9UARTClassC2EP10RingBufferS1_
                0x000000000002583c       0x1c /Users/Simone/Desktop/Tiles/bolierplate/temp/vsoutput/core/core.a(UARTClass.cpp.o)
                0x000000000002583c                UARTClass::UARTClass(RingBuffer*, RingBuffer*)
                0x000000000002583c                UARTClass::UARTClass(RingBuffer*, RingBuffer*)
 .text._ZN9UARTClass2txEv
                0x0000000000025858       0x2a /Users/Simone/Desktop/Tiles/bolierplate/temp/vsoutput/core/core.a(UARTClass.cpp.o)
                0x0000000000025858                UARTClass::tx()
 *fill*         0x0000000000025882        0x2 
 .text._ZN9UARTClass5writeEh
                0x0000000000025884       0x44 /Users/Simone/Desktop/Tiles/bolierplate/temp/vsoutput/core/core.a(UARTClass.cpp.o)
                0x0000000000025884                UARTClass::write(unsigned char)
 .text._ZN9UARTClass10IrqHandlerEv
                0x00000000000258c8       0x54 /Users/Simone/Desktop/Tiles/bolierplate/temp/vsoutput/core/core.a(UARTClass.cpp.o)
                0x00000000000258c8                UARTClass::IrqHandler()
 .text._Z10randomSeedm
                0x000000000002591c        0xc /Users/Simone/Desktop/Tiles/bolierplate/temp/vsoutput/core/core.a(WMath.cpp.o)
                0x000000000002591c                randomSeed(unsigned long)
 .text._Z6randoml
                0x0000000000025928       0x18 /Users/Simone/Desktop/Tiles/bolierplate/temp/vsoutput/core/core.a(WMath.cpp.o)
                0x0000000000025928                random(long)
 .text._Z6randomll